pci.c:46:1:pci_hose_read_config_byte	8	static
pci.c:47:1:pci_hose_read_config_word	8	static
pci.c:48:1:pci_hose_read_config_dword	8	static
pci.c:49:1:pci_hose_write_config_byte	8	static
pci.c:50:1:pci_hose_write_config_word	8	static
pci.c:51:1:pci_hose_write_config_dword	8	static
pci.c:112:1:pci_hose_read_config_byte_via_dword	40	static
pci.c:113:1:pci_hose_read_config_word_via_dword	40	static
pci.c:114:1:pci_hose_write_config_byte_via_dword	48	static
pci.c:115:1:pci_hose_write_config_word_via_dword	48	static
pci.c:142:6:pci_register_hose	16	static
pci.c:154:24:pci_bus_to_hose	16	static
pci.c:72:1:pci_write_config_dword	24	static
pci.c:71:1:pci_write_config_word	24	static
pci.c:70:1:pci_write_config_byte	24	static
pci.c:69:1:pci_read_config_dword	24	static
pci.c:68:1:pci_read_config_word	24	static
pci.c:67:1:pci_read_config_byte	24	static
pci.c:167:24:find_hose_by_cfg_addr	16	static
pci.c:179:5:pci_last_busno	16	static
pci.c:192:11:pci_find_devices	56	static
pci.c:247:11:pci_find_device	16	static
pci.c:261:5:__pci_hose_phys_to_bus	16	static
pci.c:292:12:pci_hose_phys_to_bus	40	static
pci.c:323:5:__pci_hose_bus_to_phys	16	static
pci.c:351:13:pci_hose_bus_to_phys	40	static
pci.c:118:7:pci_map_bar	40	static
pci.c:386:5:pci_hose_config_device	56	static
pci.c:483:26:pci_find_config	8	static
pci.c:507:6:pci_cfgfunc_config_device	8	static
pci.c:515:6:pci_cfgfunc_do_nothing	8	static
pci.c:527:14:pci_class_str	16	static
pci.c:591:5:__pci_skip_dev	8	static
pci.c:625:5:pci_hose_scan_bus	48	static
pci.c:702:5:pci_hose_scan	16	static
pci.c:734:6:pci_init	16	static
