00000446 A __fixup_entries
00000860 A __got2_entries
fe000044 T version_string
fe000084 T enable_addr_trans
fe000098 T disable_addr_trans
fe0000b8 T get_pvr
fe0000c0 T ppcDWstore
fe0000cc T ppcDWload
fe000100 T _start
fe000154 t in_flash
fe0001a8 T _start_of_vectors
fe000200 t MachineCheck
fe000300 t DataStorage
fe000400 t InstStorage
fe000500 t ExtInterrupt
fe000600 t Alignment
fe000700 t ProgramCheck
fe000800 t FPUnavailable
fe000900 t Decrementer
fe000a00 t Trap_0a
fe000b00 t Trap_0b
fe000c00 t SystemCall
fe000d00 t SingleStep
fe000e00 t Trap_0e
fe000f00 t Trap_0f
fe001000 t InstructionTLBMiss
fe001100 t DataLoadTLBMiss
fe001200 t DataStoreTLBMiss
fe001300 t InstructionBreakpoint
fe001400 t SMI
fe001500 t Trap_15
fe001600 t Trap_16
fe001700 t Trap_17
fe001800 t Trap_18
fe001900 t Trap_19
fe001a00 t Trap_1a
fe001b00 t Trap_1b
fe001c00 t Trap_1c
fe001d00 t Trap_1d
fe001e00 t Trap_1e
fe001f00 t Trap_1f
fe002000 t Trap_20
fe002100 t Trap_21
fe002200 t Trap_22
fe002300 t Trap_23
fe002400 t Trap_24
fe002500 t Trap_25
fe002600 t Trap_26
fe002700 t Trap_27
fe002800 t Trap_28
fe002900 t Trap_29
fe002a00 t Trap_2a
fe002b00 t Trap_2b
fe002c00 t Trap_2c
fe002d00 t Trap_2d
fe002e00 t Trap_2e
fe002f00 t Trap_2f
fe002fa4 T _end_of_vectors
fe003000 T transfer_to_handler
fe003098 t int_return
fe003178 T init_e300_core
fe0031f0 T setup_bats
fe003394 T icache_enable
fe0033bc T icache_disable
fe0033d8 T icache_status
fe0033e4 T dcache_enable
fe003400 T dcache_disable
fe003430 T dcache_status
fe00343c T flush_dcache
fe003460 T relocate_code
fe003570 t in_ram
fe0035d8 t clear_bss
fe003608 T trap_init
fe0036cc t lock_ram_in_cache
fe003700 T unlock_ram_in_cache
fe00374c t map_flash_by_law1
fe003798 t remap_flash_by_law0
fe003814 T print_backtrace
fe003924 T show_regs
fe003a20 T _exception
fe003a68 T dump_pci
fe003a6c T MachineCheckException
fe003b68 T AlignmentException
fe003b9c T ProgramCheckException
fe003bd0 T UnknownException
fe003c28 T DebugException
fe003c74 T checkcpu
fe003e54 T do_reset
fe003edc T get_tbclk
fe003eec T cpu_eth_init
fe003f10 T cpu_init_f
fe004060 T cpu_init_r
fe004068 T prt_83xx_rsr
fe00411c T do_clocks
fe0042bc T get_clocks
fe004754 T interrupt_init_cpu
fe004784 T external_interrupt
fe004788 T irq_install_handler
fe00478c T irq_free_handler
fe004790 T timer_interrupt_cpu
fe004794 T mpc83xx_pci_init
fe004b50 T ft_pci_setup
fe004ca8 T mpc83xx_pcie_init
fe005144 T ft_cpu_setup
fe005320 T invalidate_dcache_range
fe005324 T flush_dcache_range
fe005328 T board_add_ram_info
fe0053fc t fdt_fixup_usb_mode_phy_type
fe00554c T fdt_fixup_dr_usb
fe0057d8 T fdt_fixup_crypto_node
fe005a6c T init_early_memctl_regs
fe005acc T ppcDcbf
fe005ad4 T ppcDcbi
fe005adc T ppcDcbz
fe005ae4 T ppcSync
fe005aec T strcpy
fe005b08 T strncpy
fe005b30 T strcat
fe005b5c T strcmp
fe005b80 T strlen
fe005b98 T memset
fe005bf4 T bcopy
fe005c04 T memmove
fe005c0c T memcpy
fe005ca8 T backwards_memcpy
fe005d30 T memcmp
fe005d60 T memchr
fe005d88 T get_ticks
fe005da0 T wait_ticks
fe005dd8 T trap_reloc
fe005e00 t init_func_i2c
fe005e50 t init_baudrate
fe005ea4 t init_func_ram
fe005f30 T __board_flash_wp_on
fe005f30 W board_flash_wp_on
fe005f38 T __cpu_secondary_init_r
fe005f38 W cpu_secondary_init_r
fe005f3c T get_effective_memsize
fe005f44 T hang
fe005f70 T board_init_r
fe0060c8 T board_init_f
fe0061d0 t boot_cmdline_linux
fe006240 t boot_bd_t_linux
fe0062f4 t boot_jump_linux
fe0063a4 T arch_lmb_reserve
fe006470 W ft_verify_fdt
fe006470 t __ft_verify_fdt
fe006478 T do_bootm_linux
fe006684 T flush_cache
fe0066e8 T search_exception_table
fe006784 T enable_interrupts
fe006794 T disable_interrupts
fe0067a8 T interrupt_init
fe006804 T timer_interrupt
fe006858 T get_timer
fe006888 T usec2ticks
fe00690c T __udelay
fe006930 T init_timebase
fe006944 t print_num
fe006984 t print_mhz
fe0069d4 t print_eth
fe006a44 T do_bdinfo
fe006b3c W do_go_exec
fe006b6c T do_go
fe006c14 t do_imls
fe006d48 t image_info
fe006e34 T do_iminfo
fe006ee8 T do_bootd
fe006f34 t do_bootm_rtems
fe006fa0 t do_bootm_netbsd
fe00713c t bootm_start
fe0075ac t bootm_load_os
fe0077b0 T __arch_preboot_os
fe0077b0 W arch_preboot_os
fe0077b4 T do_bootm_subcommand
fe007aac T do_bootm
fe007dc4 T bootm_maybe_autostart
fe007e68 T do_coninfo
fe007fb0 t cnvrt2
fe008004 T mk_date
fe00827c T do_date
fe0083ac T common_diskboot
fe008624 T do_echo
fe008760 T do_exit
fe0087a4 T do_ext2load
fe0087d0 T do_ext2ls
fe0087fc T do_ext_load
fe008a88 T do_ext_ls
fe008b94 t fdt_valid
fe008c90 t print_data
fe008ea8 T set_working_fdt_addr
fe008ef8 T do_fdt
fe009cd4 t flash_fill_sect_ranges
fe009e8c t abbrev_spec
fe00a090 T do_flinfo
fe00a124 T flash_sect_roundb
fe00a1ec t addr_spec
fe00a314 T flash_sect_erase
fe00a3d0 T do_flerase
fe00a668 T flash_sect_protect
fe00a7b4 T do_protect
fe00ac4c T do_hello
fe00ac84 T do_help
fe00ace8 t get_alen
fe00ad58 t do_i2c
fe00ae00 t do_i2c_reset
fe00ae30 t do_i2c_read
fe00af34 t do_i2c_probe
fe00afe8 t do_i2c_md
fe00b258 t mod_i2c_mem
fe00b4f0 t do_i2c_nm
fe00b528 t do_i2c_mm
fe00b560 t do_i2c_mw
fe00b6b4 t do_i2c_loop
fe00b7e4 t do_i2c_crc
fe00b944 t do_i2c_bus_speed
fe00b9d8 t evalstr
fe00ba10 t evalexp
fe00baac T binary_test
fe00bccc T do_itest
fe00bd88 t bin_data_init
fe00bdc8 t bin_data_char
fe00be10 t load_serial_ymodem
fe00bf64 t getcxmodem
fe00bf98 t load_serial
fe00c254 T do_load_serial
fe00c424 T send_pad
fe00c48c T ktrans
fe00c4b4 T chk1
fe00c4ec T s1_sendpacket
fe00c534 T send_ack
fe00c5c4 T send_nack
fe00c654 T k_data_init
fe00c69c T k_data_save
fe00c6f0 T k_data_restore
fe00c744 T k_data_char
fe00c7dc T handle_send_packet
fe00ca8c T do_load_serial_bin
fe00cf90 t extract_range
fe00d058 t extract_range
fe00d0d8 T mdio_write_ranges
fe00d1fc T mdio_read_ranges
fe00d390 T extract_reg_range
fe00d470 T extract_phy_range
fe00d54c t do_mdio
fe00d7a8 T do_mem_crc
fe00d898 T do_mem_base
fe00d8f8 T do_mem_mtest
fe00db50 T do_mem_loop
fe00dcc8 T do_mem_cmp
fe00de60 T do_mem_mw
fe00df84 T do_mem_cp
fe00e120 t mod_mem
fe00e320 T do_mem_nm
fe00e358 T do_mem_mm
fe00e390 T do_mem_md
fe00e4b0 t do_mii
fe00ed6c T do_sleep
fe00ee14 t mtd_part_info
fe00eee8 t index_partitions
fe00efd8 t memsize_format
fe00f058 t current_save
fe00f114 t part_sort_add
fe00f290 t part_delall
fe00f31c t device_delall
fe00f3d4 t mtd_devices_init
fe00f424 t device_del
fe00f4dc t memsize_parse
fe00f560 t get_mtd_info
fe00f5fc t part_validate
fe00f94c t generate_mtdparts_save
fe00fca4 T mtd_device_validate
fe00fcf8 T device_find
fe00fd6c t device_parse
fe01034c T mtd_id_parse
fe0104b0 T find_dev_and_part
fe0106cc T mtdparts_init
fe010d90 T do_mtdparts
fe011434 T do_chpart
fe011524 t set_dev
fe0115b0 t nand_print_and_set_info
fe0116ac t nand_load_image
fe011888 T do_nandboot
fe011b40 t arg_off
fe011cac t arg_off_size
fe011e74 T do_nand
fe012a90 T do_ping
fe012b2c t netboot_common
fe012dec T do_nfs
fe012e14 T do_tftpb
fe012e3c T do_bootp
fe012e64 t do_env
fe012f0c t do_env_delete
fe012f44 t do_env_import
fe013200 t do_env_default
fe0132c8 T do_env_save
fe013314 t env_print
fe0133d4 T do_env_print
fe0134a4 T get_env_id
fe0134d0 T env_check_apply
fe01371c T _do_env_set
fe013934 T do_env_set
fe013974 t do_env_export
fe013cf4 T setenv
fe013d70 T envmatch
fe013e18 T getenv_f
fe013f44 T getenv
fe013fd8 T getenv_ulong
fe014034 T do_env_edit
fe01410c t pci_cfg_write
fe01415c t pci_cfg_modify
fe01431c T pci_header_show_brief
fe0143c0 T pci_header_show
fe014bfc T pciinfo
fe014de4 T do_pci
fe015278 T __sata_initialize
fe015278 W sata_initialize
fe0153b8 T do_sata
fe015860 T sata_get_dev
fe0158a0 T source
fe0159d0 T do_source
fe015a3c T do_false
fe015a44 T do_true
fe015a4c T do_test
fe016018 T do_usbboot
fe01604c T usb_get_class_desc
fe016114 T usb_display_class_sub
fe0162e0 T usb_display_string
fe016344 T usb_display_desc
fe016470 T usb_display_conf_desc
fe016530 T usb_display_if_desc
fe0165d8 T usb_display_ep_desc
fe0166bc T usb_display_config
fe0167a0 T usb_show_tree_graph
fe016a54 T usb_show_tree
fe016a98 T do_usb
fe017040 T do_version
fe01708c T do_imgextract
fe01736c T find_cmd_tbl
fe01746c T find_cmd
fe0174b8 T cmd_usage
fe017534 T _do_help
fe01776c T var_complete
fe017800 T cmd_auto_complete
fe017e04 T cmd_get_data_size
fe017ea8 T cmd_process
fe017fac t console_setfile
fe01808c T fgetc
fe0180e0 T ftstc
fe018134 T fputc
fe018184 T fputs
fe0181d4 T getc
fe018218 T tstc
fe01825c T putc
fe0182a4 T puts
fe0182ec T printf
fe018380 T vprintf
fe0183dc T ctrlc
fe018464 T had_ctrlc
fe018490 T clear_ctrlc
fe0184c0 T search_device
fe018508 T console_assign
fe018574 T console_init_f
fe018584 T stdio_print_current_devices
fe018640 T console_init_r
fe018768 T sbrk
fe0187fc T mem_malloc_init
fe018850 T malloc_trim
fe01895c T free
fe018c04 T malloc
fe019374 T calloc
fe019494 T memalign
fe0195f0 T realloc
fe019b84 W env_get_char_spec
fe019b84 t __env_get_char_spec
fe019b90 T env_get_addr
fe019bd4 T env_get_char_memory
fe019bf8 T env_get_char
fe019c54 T set_default_env
fe019d14 T set_default_vars
fe019d64 T env_import
fe019e48 T env_relocate
fe019e98 T env_complete
fe019ff0 T env_init
fe01a074 T saveenv
fe01a20c T env_relocate_spec
fe01a234 t dummy
fe01a238 T get_version
fe01a240 T jumptable_init
fe01a3c0 t write_cell
fe01a410 t of_bus_default_map
fe01a528 t of_bus_default_count_cells
fe01a5e8 t get_cells_len
fe01a63c t of_bus_default_translate
fe01a718 T fdt_find_and_setprop
fe01a7d8 T fdt_initrd
fe01a9dc T fdt_chosen
fe01ac20 T do_fixup_by_path
fe01ac88 T do_fixup_by_prop
fe01ada4 T do_fixup_by_prop_u32
fe01add8 T do_fixup_by_compat
fe01aecc T do_fixup_by_compat_u32
fe01af00 T fdt_fixup_memory_banks
fe01b138 T fdt_fixup_memory
fe01b174 T fdt_fixup_ethernet
fe01b33c T fdt_resize
fe01b42c T flash_protect
fe01b57c T addr2info
fe01b5fc T flash_write
fe01b794 T flash_perror
fe01b8ac t b_reset
fe01b8d0 t static_get
fe01b8f4 t static_peek
fe01b900 t file_peek
fe01b90c t setup_string_in_str
fe01b950 t is_assignment
fe01b9c4 t syntax_err
fe01b9f8 T do_showvar
fe01bba0 t xmalloc
fe01bbe4 t file_get
fe01be40 t free_pipe_list
fe01bfa4 t b_free
fe01bfe4 t xrealloc
fe01c028 t done_command
fe01c0d8 t b_addchr
fe01c194 t b_addqchr
fe01c210 T get_local_var
fe01c2e8 T set_local_var
fe01c500 t insert_var_value_sub
fe01c87c t insert_var_value
fe01c8a0 T new_pipe
fe01c8dc t initialize_context
fe01c940 t done_pipe
fe01c9b8 T reserved_word
fe01cb8c t done_word
fe01cd9c T mapset
fe01cde0 T update_ifs_map
fe01ce88 T parse_string_outer
fe01cf88 t run_list_real
fe01d8e8 t parse_stream_outer
fe01e030 T parse_file_outer
fe01e08c T u_boot_hush_start
fe01e100 t hwconfig_parse
fe01e2a8 t __hwconfig
fe01e3ac T hwconfig_f
fe01e3e0 T hwconfig_arg_f
fe01e400 T hwconfig_arg_cmp_f
fe01e480 T hwconfig_sub_f
fe01e4f4 T hwconfig_subarg_f
fe01e56c T hwconfig_subarg_cmp_f
fe01e5ec t fdt_error
fe01e63c T image_check_hcrc
fe01e69c T image_check_dcrc
fe01e6e8 T image_multi_count
fe01e718 T image_multi_getimg
fe01e7f4 T getenv_yesno
fe01e834 T getenv_bootm_low
fe01e888 T getenv_bootm_size
fe01e900 T getenv_bootm_mapsize
fe01e950 T memmove_wd
fe01e978 T genimg_print_size
fe01e9cc T get_table_entry_name
fe01ea08 T genimg_get_os_name
fe01ea44 T genimg_get_arch_name
fe01ea80 T genimg_get_type_name
fe01eabc T genimg_get_comp_name
fe01eaf8 T image_print_contents
fe01ecd0 T genimg_get_format
fe01ed1c T genimg_get_image
fe01ed20 T genimg_has_config
fe01ed28 T boot_get_ramdisk
fe01efac T boot_ramdisk_high
fe01f138 T boot_fdt_add_mem_rsv_regions
fe01f20c T boot_relocate_fdt
fe01f408 T boot_get_fdt
fe01f6b4 T boot_get_cmdline
fe01f770 T boot_get_kbd
fe01f7f8 t delete_char
fe01f944 t cread_add_char
fe01fa70 t cread_add_str
fe01fb14 T __show_boot_progress
fe01fb14 W show_boot_progress
fe01fb18 T readline_into_buffer
fe020658 T readline
fe020698 T run_command
fe0206bc T run_command_list
fe020758 T main_loop
fe0208ec T do_run
fe0209ac t legacy_miiphy_read
fe0209fc t legacy_miiphy_write
fe020a38 T miiphy_get_dev_by_name
fe020adc T miiphy_init
fe020b18 T mdio_alloc
fe020b68 T miiphy_register
fe020ca8 T mdio_register
fe020d84 T mdio_list_devices
fe020e94 T miiphy_set_current_dev
fe020ef8 t miiphy_get_active_dev
fe020f80 T mdio_get_current_dev
fe020fac T mdio_phydev_for_ethname
fe02109c T miiphy_get_current_dev
fe0210dc T miiphy_read
fe021168 T miiphy_write
fe0211e0 T miiphy_listdev
fe021280 T miiphy_info
fe021368 T miiphy_speed
fe021450 T miiphy_duplex
fe021538 T miiphy_is_1000base_x
fe021540 t hex1_bin
fe021590 t hex2_bin
fe021600 T srec_decode
fe021904 T stdio_get_list
fe021930 T stdio_get_by_name
fe0219cc T stdio_clone
fe021a48 T stdio_register
fe021aac T stdio_init
fe021b4c t usb_set_maxpacket_ep
fe021bfc T usb_stop
fe021c5c T usb_disable_asynch
fe021c98 T usb_control_msg
fe021dd4 t usb_get_descriptor
fe021e40 t usb_get_string
fe021f10 t usb_string_sub
fe022090 T usb_bulk_msg
fe02216c T usb_maxpacket
fe022194 T usb_clear_halt
fe02226c T usb_get_configuration_no
fe022340 T usb_set_interface
fe02244c T usb_string
fe0225e4 T usb_get_dev_index
fe02262c T usb_alloc_new_device
fe0226c4 T usb_new_device
fe022c94 T usb_init
fe022dc8 t usb_get_hub_descriptor
fe022e2c t usb_get_port_status
fe022e90 t usb_set_port_feature
fe022ef0 t usb_clear_port_feature
fe022f50 t usb_hub_power_on
fe022fdc T usb_hub_reset
fe02300c T hub_port_reset
fe023140 T usb_hub_port_connect_change
fe0232ac t usb_hub_configure
fe0235fc T usb_hub_probe
fe023680 t usb_stor_irq
fe0236a0 t usb_request_sense
fe023744 t usb_stor_BBB_reset
fe02385c t usb_stor_CB_reset
fe023968 T usb_stor_get_dev
fe0239b0 T usb_show_progress
fe0239b4 T usb_stor_write
fe023c04 T usb_stor_read
fe023e54 T usb_stor_info
fe023efc T usb_stor_BBB_comdat
fe024044 T usb_stor_CB_comdat
fe024324 T usb_stor_CBI_get_status
fe024458 T usb_stor_CB_transport
fe0246f8 T usb_stor_BBB_clear_endpt_stall
fe02475c T usb_stor_BBB_transport
fe024a24 T usb_storage_probe
fe024cc4 T usb_stor_get_info
fe024fec T usb_stor_scan
fe025250 T CYGACC_COMM_IF_GETC_TIMEOUT
fe0252d0 t xyzModem_flush
fe025320 T CYGACC_COMM_IF_PUTC
fe025344 t xyzModem_get_hdr
fe025688 T parse_num
fe0257f0 T xyzModem_stream_open
fe0259c4 T xyzModem_stream_read
fe025ccc T xyzModem_stream_close
fe025d30 T xyzModem_stream_terminate
fe025e34 T xyzModem_error
fe025ec0 T get_dev
fe025f74 T dev_print
fe0261d0 T init_part
fe026218 T print_part
fe02630c T get_partition_info
fe026350 T get_device
fe026420 T get_device_and_partition
fe02682c t get_partition_info_extended
fe026b94 t test_block_type
fe026c2c t print_partition_extended
fe026ee0 T test_part_dos
fe026f7c T print_part_dos
fe026fd0 T get_partition_info_dos
fe027008 t fsl_sata_get_wcache
fe027040 t ata_wait_register
fe027118 t fsl_ata_exec_ata_cmd
fe027818 t fsl_sata_exec_cmd
fe0278bc t fsl_sata_rw_cmd
fe0279a8 t fsl_sata_rw_cmd_ext
fe027aac T init_sata
fe027e80 T fsl_sata_flush_cache
fe027f08 T fsl_sata_rw_ncq_cmd
fe028034 T fsl_sata_flush_cache_ext
fe0280bc T ata_low_level_rw_lba48
fe02820c T ata_low_level_rw_lba28
fe0282c8 T sata_read
fe028324 T sata_write
fe028408 T scan_sata
fe028770 T ata_id_n_sectors
fe028814 T ata_dev_classify
fe02888c T ata_id_c_string
fe028934 T ata_swap_buf_le16
fe02896c t set_i2c_bus_speed
fe028aec t i2c_wait4bus
fe028bcc T get_i2c_clock
fe028be4 T i2c_init
fe028cd4 T i2c_read
fe029244 T i2c_write
fe02960c T i2c_probe
fe029684 T i2c_set_bus_num
fe0296c4 T i2c_set_bus_speed
fe029768 T i2c_get_bus_speed
fe0297a0 T add_mtd_device
fe029854 T get_mtd_device_nm
fe029908 t __flash_write8
fe029910 t __flash_write16
fe029918 t __flash_write32
fe029920 t __flash_write64
fe02992c t __flash_read8
fe029934 t __flash_read16
fe02993c t __flash_read32
fe029944 t __flash_read64
fe029958 t flash_make_cmd
fe0299bc t flash_isequal
fe029acc t flash_isset
fe029be8 t use_flash_status_poll
fe029bf0 t flash_status_poll
fe029bf8 t flash_add_byte
fe029c84 t find_sector
fe029d98 t cfi_reverse_geometry
fe029de4 W cfi_flash_bank_addr
fe029de4 t __cfi_flash_bank_addr
fe029dec W cfi_flash_bank_size
fe029dec t __cfi_flash_bank_size
fe029df4 T flash_get_info
fe029e1c T flash_write_cmd
fe029ef0 t flash_unlock_seq
fe029f4c t flash_status_check
fe02a230 t flash_full_status_check
fe02a3d4 t flash_write_cfiword
fe02a694 T flash_erase
fe02a918 T flash_print_info
fe02ab98 T write_buff
fe02aea4 T flash_real_protect
fe02b2bc T __flash_cmd_reset
fe02b2bc W flash_cmd_reset
fe02b310 T flash_get_size
fe02bd38 T flash_protect_default
fe02bdb8 T flash_init
fe02bf04 T nand_register
fe02bfcc T nand_init
fe02c010 t scan_read_raw_oob
fe02c12c t scan_read_raw
fe02c180 t bbt_get_ver_offs
fe02c1a0 t read_bbt
fe02c564 t read_abs_bbt
fe02c720 t write_bbt
fe02cea4 t verify_bbt_descr
fe02d0e4 t check_pattern
fe02d344 t create_bbt
fe02d7ec t search_bbt
fe02dae0 T nand_update_bbt
fe02dcb8 t mark_bbt_region
fe02df50 T nand_scan_bbt
fe02e4e0 T nand_default_bbt
fe02e634 T nand_isbad_bbt
fe02e6a0 t check_skip_len
fe02e7e8 T nand_erase_opts
fe02ebe8 T nand_write_skip_bad
fe02ee50 T nand_read_skip_bad
fe02f0bc T nand_calculate_ecc
fe02f218 T nand_correct_data
fe02f348 t nand_release_device
fe02f378 T nand_read_byte
fe02f398 t nand_read_byte16
fe02f3c0 t nand_read_word
fe02f3e0 T nand_write_buf
fe02f40c T nand_read_buf
fe02f440 t nand_verify_buf
fe02f4d0 T nand_write_buf16
fe02f50c T nand_read_buf16
fe02f550 t nand_verify_buf16
fe02f5e8 t nand_check_wp
fe02f66c t nand_get_device
fe02f678 t nand_read_page_raw
fe02f6e4 t nand_read_page_raw_syndrome
fe02f820 t nand_read_page_swecc
fe02f998 t nand_read_subpage
fe02fcc8 t nand_read_page_hwecc
fe02fe78 t nand_read_page_hwecc_oob_first
fe030030 t nand_read_page_syndrome
fe0301d4 t nand_read_oob_std
fe03025c t nand_read_oob_syndrome
fe0303e0 t nand_write_oob_std
fe0304a8 t nand_write_oob_syndrome
fe0306e8 t nand_write_page_raw
fe030750 t nand_write_page_raw_syndrome
fe030888 t nand_write_page_swecc
fe0309a0 t nand_write_page_hwecc
fe030ad8 t nand_write_page_syndrome
fe030c3c t single_erase_cmd
fe030cac t multi_erase_cmd
fe030d7c t nand_sync
fe030dbc t nand_select_chip
fe030e34 t nand_block_checkbad
fe030f00 t nand_block_isbad
fe030f50 t nand_block_markbad
fe030fd8 t nand_write_page
fe031140 t nand_block_bad
fe031340 t nand_fill_oob
fe0314b0 t nand_do_write_oob
fe03174c t nand_do_write_ops
fe031b34 t nand_write_oob
fe031c48 t nand_write
fe031d58 t nand_transfer_oob
fe031ec8 t nand_default_block_markbad
fe032108 t nand_wait
fe032244 T nand_wait_ready
fe0322c8 t nand_do_read_ops
fe032754 t nand_read_oob
fe032b14 t nand_read
fe032c24 t nand_command
fe032e80 t nand_command_lp
fe033180 T nand_erase_nand
fe0336cc t nand_erase
fe0336f0 T nand_scan_ident
fe033fec T nand_scan_tail
fe0345c8 t set_addr
fe034694 t fsl_elbc_do_read
fe034700 t fsl_elbc_select_chip
fe034704 t fsl_elbc_verify_buf
fe034850 t fsl_elbc_read_byte
fe0348cc t fsl_elbc_run_command
fe034a1c t fsl_elbc_wait
fe034b00 t fsl_elbc_cmdfunc
fe034ebc t fsl_elbc_read_buf
fe034f68 t fsl_elbc_read_page
fe034fe4 t fsl_elbc_write_buf
fe0350d0 t fsl_elbc_write_page
fe035128 T board_nand_init
fe0353e4 t wait_for_eepro100
fe035444 t read_eeprom
fe0355cc t init_rx_ring
fe0356c8 t eepro100_recv
fe0358f4 t eepro100_halt
fe0359bc t get_phyreg
fe035a78 t verify_phyaddr
fe035b34 t eepro100_miiphy_write
fe035c54 t eepro100_miiphy_read
fe035cf4 t eepro100_send
fe035f74 t eepro100_init
fe0363fc T eepro100_initialize
fe0366a0 t fsl_pq_mdio_reset
fe0366dc T tsec_local_mdio_write
fe036728 T tsec_phy_write
fe036750 T tsec_local_mdio_read
fe0367c0 T tsec_phy_read
fe0367e4 T fsl_pq_mdio_init
fe036874 t tsec_send
fe036994 t tsec_recv
fe036b18 t tsec_halt
fe036bc0 t tsec_init
fe036fd4 T tsec_eth_init
fe037350 T tsec_standard_init
fe0373b4 T genphy_shutdown
fe0373bc T genphy_config_advert
fe037554 T genphy_setup_forced
fe0375d0 T genphy_restart_aneg
fe037640 T genphy_config_aneg
fe0376f4 T genphy_config
fe0377e8 T genphy_update_link
fe037998 T genphy_startup
fe037b70 T phy_init
fe037bb4 T phy_register
fe037bf8 T phy_probe
fe037c4c T get_phy_driver
fe037cd8 T phy_device_create
fe037dc0 T get_phy_id
fe037e7c T get_phy_device
fe037fac T phy_reset
fe0380b4 T phy_connect
fe038188 T phy_startup
fe0381c8 W board_phy_config
fe0381c8 t __board_phy_config
fe038208 T phy_config
fe03822c T phy_shutdown
fe03826c t ar8021_config
fe0382d8 T phy_atheros_init
fe038310 t bcm54xx_parse_status
fe038414 t bcm54xx_startup
fe03844c t bcm5482_config
fe0385b0 t bcm5461_config
fe0385e8 t bcm5482_startup
fe038784 T phy_broadcom_init
fe0387cc t dm9161_startup
fe038850 t dm9161_config
fe0388e4 T phy_davicom_init
fe03891c t lxt971_startup
fe0389d0 T phy_lxt_init
fe038a08 t m88e1011s_config
fe038b24 t m88e1121_config
fe038c20 t m88e1111s_config
fe038fc0 t m88e1118_config
fe03909c t m88e1145_config
fe0391cc t m88e1149_config
fe0392a8 t m88e1xxx_parse_status
fe039458 t m88e1118_startup
fe0394b4 t m88e1145_startup
fe03950c t m88e1011s_startup
fe039544 T phy_marvell_init
fe0395a4 T phy_micrel_init
fe0395e4 t dp83865_startup
fe039680 t dp83865_config
fe0396d8 T phy_natsemi_init
fe039710 t rtl8211b_startup
fe0398b4 t rtl8211b_config
fe03990c T phy_realtek_init
fe039944 t cis8204_config
fe0399f8 t vitesse_config
fe039a6c T vsc8601_config
fe039a90 t vitesse_startup
fe039b2c T phy_vitesse_init
fe039ba4 T pci_hose_read_config_byte
fe039bcc T pci_hose_read_config_word
fe039bf4 T pci_hose_read_config_dword
fe039c1c T pci_hose_write_config_byte
fe039c44 T pci_hose_write_config_word
fe039c6c T pci_hose_write_config_dword
fe039c94 T pci_register_hose
fe039cf0 T pci_bus_to_hose
fe039d60 T pci_write_config_dword
fe039dd0 T pci_write_config_word
fe039e40 T pci_write_config_byte
fe039eb0 T pci_read_config_dword
fe039f28 T pci_read_config_word
fe039fa0 T pci_read_config_byte
fe03a018 T pci_last_busno
fe03a06c T pci_find_devices
fe03a1dc T __pci_hose_phys_to_bus
fe03a27c T pci_hose_phys_to_bus
fe03a334 T __pci_hose_bus_to_phys
fe03a3d4 T pci_hose_bus_to_phys
fe03a48c T pci_class_str
fe03a5f4 T __pci_skip_dev
fe03a5f4 W pci_skip_dev
fe03a60c T pci_hose_scan_bus
fe03a798 T pci_hose_scan
fe03a7e8 T pci_init
fe03a824 T pciauto_region_init
fe03a83c T pciauto_region_align
fe03a858 T pciauto_region_allocate
fe03a8b0 T pciauto_setup_device
fe03ab00 T pciauto_prescan_setup_bridge
fe03accc T pciauto_postscan_setup_bridge
fe03adec T pciauto_config_init
fe03af24 T pciauto_config_device
fe03b0a0 t indirect_read_config_byte
fe03b0f8 t indirect_read_config_word
fe03b150 t indirect_read_config_dword
fe03b1a0 t indirect_write_config_byte
fe03b1ec t indirect_write_config_word
fe03b238 t indirect_write_config_dword
fe03b27c T pci_setup_indirect
fe03b2d8 T GregorianDay
fe03b410 T to_tm
fe03b588 t rtc_write
fe03b5c4 t rtc_read
fe03b5fc T rtc_get
fe03b7b4 T rtc_set
fe03b954 T rtc_reset
fe03b958 T NS16550_init
fe03b9cc T NS16550_reinit
fe03ba44 T NS16550_putc
fe03ba6c T NS16550_getc
fe03ba9c T NS16550_tstc
fe03bab4 t calc_divisor
fe03bad4 T serial_init
fe03bb34 T _serial_putc
fe03bbb0 T _serial_puts
fe03bc0c T _serial_getc
fe03bc4c T _serial_tstc
fe03bc8c T _serial_setbrg
fe03bce4 T serial_putc
fe03bd08 T serial_puts
fe03bd2c T serial_getc
fe03bd50 T serial_tstc
fe03bd74 T serial_setbrg
fe03bd98 t ehci_td_buffer
fe03be70 t handshake
fe03bf18 t ehci_submit_async
fe03c6dc T __ehci_powerup_fixup
fe03c6dc W ehci_powerup_fixup
fe03c700 T ehci_submit_root
fe03ce84 T usb_lowlevel_stop
fe03cea4 T usb_lowlevel_init
fe03d10c T submit_bulk_msg
fe03d148 T submit_control_msg
fe03d1b8 T submit_int_msg
fe03d24c T ehci_hcd_init
fe03d414 T ehci_hcd_stop
fe03d41c T get_fs
fe03d444 T ext4fs_free_node
fe03d490 T ext4fs_read_file
fe03d760 T ext4fs_ls
fe03d7f8 T ext4fs_read
fe03d864 T ext4fs_read_inode
fe03d9e0 T read_allocated_block
fe03e75c T ext4fs_close
fe03e878 T ext4fs_iterate_dir
fe03ec80 t ext4fs_find_file1
fe03f014 T ext4fs_find_file
fe03f0c0 T ext4fs_open
fe03f1a0 T ext4fs_mount
fe03f2ec T ext4fs_set_blk_dev
fe03f360 T ext4fs_devread
fe03f5d8 T fdt_check_header
fe03f644 T fdt_offset_ptr
fe03f69c T fdt_next_tag
fe03f7f0 T _fdt_check_node_offset
fe03f84c T _fdt_check_prop_offset
fe03f8a8 T fdt_next_node
fe03f9c4 T _fdt_find_string
fe03fa64 T fdt_move
fe03fae4 t _nextprop
fe03fb68 T fdt_string
fe03fb78 T fdt_get_mem_rsv
fe03fc14 T fdt_num_mem_rsv
fe03fc54 T fdt_subnode_offset_namelen
fe03fd8c T fdt_get_name
fe03fe3c T fdt_first_property_offset
fe03fe80 T fdt_next_property_offset
fe03fec4 T fdt_get_property_by_offset
fe03ff50 T fdt_get_property_namelen
fe04004c T fdt_get_property
fe0400c0 T fdt_getprop_namelen
fe0400f4 T fdt_getprop
fe040168 T fdt_get_alias_namelen
fe0401e4 T fdt_path_offset
fe040330 T fdt_node_offset_by_prop_value
fe04041c T fdt_node_check_compatible
fe040514 T fdt_node_offset_by_compatible
fe0405cc t _fdt_blocks_misordered
fe040624 t _fdt_rw_check_header
fe0406b8 t _fdt_packblocks
fe04076c t _fdt_splice
fe0407f8 t _fdt_splice_struct
fe040868 t _fdt_splice_mem_rsv
fe0408e4 T fdt_add_mem_rsv
fe0409b0 T fdt_del_mem_rsv
fe040a38 T fdt_setprop
fe040c38 T fdt_delprop
fe040ccc T fdt_add_subnode_namelen
fe040e14 T fdt_add_subnode
fe040e78 T fdt_del_node
fe040ef4 T fdt_open_into
fe0410d8 T fdt_strerror
fe041148 T _fdt_node_end_offset
fe0411a4 T cyg_crc16
fe04120c T crc32_no_comp
fe041354 T crc32
fe04137c T crc32_wd
fe04139c T display_options
fe0413d8 T print_size
fe0415dc T print_buffer
fe041830 T __div64_32
fe041970 T gzfree
fe041994 T gzalloc
fe0419c0 T zunzip
fe041b30 T gunzip
fe041c14 t drop_var_from_set
fe041ce0 t cmpkey
fe041d10 T hcreate_r
fe041e0c T hdestroy_r
fe041f08 T hmatch_r
fe042004 T hsearch_r
fe042398 T hdelete_r
fe042484 T hexport_r
fe0427ec T himport_r
fe042c94 t lmb_addrs_adjacent
fe042cc4 t lmb_remove_region
fe042d28 t lmb_add_region
fe042fb8 t lmb_align_down
fe042fc4 T lmb_init
fe042ff0 T lmb_add
fe043010 T lmb_free
fe04312c T lmb_reserve
fe043150 T lmb_overlaps_region
fe0431b8 T __lmb_alloc_base
fe043364 T lmb_alloc_base
fe0433d0 T lmb_alloc
fe0433f4 T __board_lmb_reserve
fe0433f4 W board_lmb_reserve
fe0433f8 T string_to_ip
fe043490 T qsort
fe0435e4 T strcmp_compar
fe04360c T strncat
fe04366c T strncmp
fe0436f0 T strchr
fe043734 T strrchr
fe043798 T strnlen
fe0437e0 T strdup
fe04384c T strpbrk
fe0438b0 T strstr
fe043968 T strmhz
fe043a04 T udelay
fe043a6c T mdelay
fe043aa8 t skip_atoi
fe043b00 t put_dec_trunc
fe043bec t string
fe043d08 t put_dec
fe043eb4 t number
fe044200 T simple_strtoul
fe044314 T strict_strtoul
fe0443e0 T simple_strtol
fe04441c T simple_strtoull
fe044584 T vsprintf
fe045008 T sprintf
fe045064 T panic
fe0450e0 T zcfree
fe045104 T zcalloc
fe045128 T inflate_fast
fe04575c T inflate_table
fe045d64 T inflateReset
fe045dec T inflateInit2_
fe045f4c T inflateEnd
fe045fe8 T adler32
fe0463dc T inflate
fe048050 T ArpInit
fe0480ac T arp_raw_request
fe0481b4 T ArpRequest
fe04825c T ArpTimeoutCheck
fe0482f4 T ArpReceive
fe048514 t truncate_sz
fe048570 t BootpHandler
fe0489b0 T BootpRequest
fe048bf8 t BootpTimeout
fe048c54 t __def_eth_init
fe048c5c t eth_current_changed
fe048cdc T eth_parse_enetaddr
fe048d68 T eth_getenv_enetaddr
fe048de4 T eth_setenv_enetaddr
fe048e38 T eth_getenv_enetaddr_by_index
fe048ea0 T eth_get_dev_by_name
fe048f54 T eth_get_dev_index
fe048f94 T eth_write_hwaddr
fe0491a4 T eth_register
fe049248 T eth_initialize
fe049494 T eth_halt
fe0494ec T eth_send
fe049548 T eth_rx
fe049598 T eth_try_another
fe049640 T eth_init
fe049750 T eth_set_current
fe049828 T eth_get_name
fe049860 t startAgainTimeout
fe049890 t dummy_handler
fe049894 T net_auto_load
fe04990c T net_set_udp_handler
fe049950 T net_get_arp_handler
fe04997c T net_set_arp_handler
fe0499c0 T NetSetTimeout
fe049a40 T NetStartAgain
fe049b98 t net_clear_handlers
fe049bd0 t net_cleanup_loop
fe049bf0 T NetCksum
fe049c44 T NetCksumOk
fe049c74 T NetReceive
fe049ed8 T NetEthHdrSize
fe049f2c T NetSetEther
fe049ff4 T net_update_ether
fe04a08c T net_set_ip_header
fe04a130 T net_set_udp_header
fe04a1f0 T NetSendUDPPacket
fe04a338 T copy_filename
fe04a39c T ip_to_string
fe04a3e8 T string_to_VLAN
fe04a444 T getenv_VLAN
fe04a468 t NetInitLoop
fe04a544 T net_init
fe04a5d0 T NetLoop
fe04a988 t basename
fe04a9f4 t dirname
fe04aa2c t rpc_add_credentials
fe04ab00 t rpc_lookup_reply
fe04abe4 t nfs_mount_reply
fe04acb0 t nfs_umountall_reply
fe04ad68 t nfs_lookup_reply
fe04ae28 t rpc_req
fe04af4c t rpc_lookup_req
fe04afa8 t nfs_mount_req
fe04b05c t nfs_umountall_req
fe04b0d8 t nfs_lookup_req
fe04b1a4 t nfs_read_req
fe04b244 t nfs_readlink_req
fe04b2bc t NfsSend
fe04b37c t nfs_readlink_reply
fe04b4bc t nfs_read_reply
fe04b650 t NfsHandler
fe04b8c8 t NfsTimeout
fe04b934 T NfsStart
fe04bb6c t ping_timeout
fe04bba8 T ping_start
fe04bce0 T ping_receive
fe04be14 t TftpSend
fe04bfc0 t TftpTimeout
fe04c04c t TftpHandler
fe04c3b4 T TftpStart
fe04c6b0 T board_early_init_f
fe04c6d4 T checkboard
fe04c754 T pci_init_board
fe04c894 T fdt_tsec1_fixup
fe04c980 T ft_board_setup
fe04c9e4 T board_eth_init
fe04ca18 T initdram
fe04cbac T __lshrdi3
fe04cbf0 t .LANCHOR0
fe04cd44 t .LANCHOR1
fe04cdd0 t .LANCHOR1
fe04cde0 t .LANCHOR0
fe04ce10 t .LANCHOR1
fe04ce54 t .LANCHOR2
fe04ce5c t .LANCHOR10
fe04ce64 t .L20
fe04cf08 t .L133
fe04cf40 t .L113
fe04cf60 t .L79
fe04cf80 t .L7
fe04cfa0 t .LANCHOR0
fe04cfa0 t __FUNCTION__.4417
fe04cfb4 t .LANCHOR2
fe04cfb4 t __FUNCTION__.4474
fe04cfc4 t .LANCHOR0
fe04cfc4 t __FUNCTION__.4549
fe04cfd8 t .LANCHOR1
fe04cfd8 t __FUNCTION__.4650
fe04cfe4 t .LANCHOR0
fe04cfe4 t __FUNCTION__.4796
fe04cff8 t .LANCHOR2
fe04cff8 t __FUNCTION__.4882
fe04d00c t .LANCHOR0
fe04d00c t __FUNCTION__.5001
fe04d024 t .LANCHOR1
fe04d024 t __FUNCTION__.5122
fe04d034 t .LANCHOR9
fe04d034 t __FUNCTION__.5306
fe04d044 t .LANCHOR0
fe04d044 t __func__.3988
fe04d04c t .LANCHOR0
fe04d04c t __func__.3994
fe04d05c t .LANCHOR1
fe04d05c t __func__.4005
fe04d068 t .LANCHOR2
fe04d068 t __func__.4021
fe04d078 t .LANCHOR4
fe04d078 t __func__.4205
fe04d088 t .LANCHOR1
fe04d088 t __func__.4239
fe04d098 t .LANCHOR0
fe04d098 t __func__.4324
fe04d0ac t .LANCHOR4
fe04d0ac t __func__.4582
fe04d0bc t .LANCHOR1
fe04d0bc t __func__.4903
fe04d0c8 t .LANCHOR3
fe04d0c8 t __func__.5215
fe04d0d8 t .LANCHOR4
fe04d0d8 t __func__.5263
fe04d0ec T _ctype
fe04d1ec t .LANCHOR3
fe04d1ec t baudrate_table
fe04d214 t .L9
fe04d234 t .L25
fe04d24c t .L34
fe04d264 t .LANCHOR0
fe04d264 t crc_table
fe04d664 T default_environment
fe04da60 t .L17
fe04da84 t .LANCHOR0
fe04da84 t digits.3926
fe04da94 t .L93
fe04dabc t .L71
fe04db0c t .L115
fe04db60 t .LANCHOR0
fe04db60 t erase_seq
fe04db64 t .L18
fe04db8c t .LANCHOR2
fe04db8c t flash_offset_cfi
fe04db94 t .L40
fe04dbac t .LANCHOR0
fe04dbac t fsl_sata_info
fe04dbbc t .L44
fe04dbec t .L12
fe04dc10 T hex_asc
fe04dc24 t .LANCHOR0
fe04dc24 t i2c_dev
fe04dc2c t .LANCHOR5
fe04dc2c t i82558_config_cmd
fe04dc44 t .L235
fe04dcb8 t .L79
fe04dd54 t .LANCHOR0
fe04dd54 t mpc83xx_pcie_cfg_space
fe04dd64 t .LANCHOR0
fe04dd64 t names.3836
fe04dd6c t .LANCHOR0
fe04dd6c t nand_ecc_precalc_table
fe04de6c t .L669
fe04de84 t .L45
fe04dea8 t .L56
fe04dec8 t .LANCHOR0
fe04dec8 t serial_ports
fe04ded8 t .L25
fe05b7b4 t .LANCHOR1
fe05b7b4 t tab_seq
fe05b7c0 t .LANCHOR3
fe05b7c0 t us_direction
fe05b7e0 t .L37
fe05b7fc t .L158
fe05b840 t .L184
fe05b990 t .L155
fe05b9b0 t .LANCHOR0
fe05b9b0 t crc16_tab
fe05bbb0 t .LANCHOR1
fe05bbb0 t dbase.4179
fe05bbf0 t .LANCHOR0
fe05bbf0 t dext.4180
fe05bc30 t .LANCHOR5
fe05bc30 t distfix
fe05bcb0 t .LANCHOR3
fe05bcb0 t lbase.4177
fe05bcee t .LANCHOR4
fe05bcee t lenfix
fe05c4ee t .LANCHOR2
fe05c4ee t lext.4178
fe05c52c t .LANCHOR6
fe05c52c t order.4273
fe05d000 A _erotext
fe05d000 T _GOT2_TABLE_
fe05f184 t _GLOBAL_OFFSET_TABLE_
fe05f190 T _FIXUP_TABLE_
fe0602a8 d .LANCHOR0
fe0602a8 d bits.3928
fe0602e8 D corecnf_tab
fe0603c8 d .LANCHOR0
fe0603dc d .LANCHOR2
fe0603dc d phy_interface_strings
fe06040c D init_sequence
fe060444 d .LANCHOR1
fe060444 d boot_os
fe060490 d .LANCHOR0
fe060490 d cmd_bootm_sub
fe060570 d .LANCHOR0
fe060570 d weekdays
fe06058c d .LANCHOR1
fe06058c d root.4623
fe060590 d .LANCHOR2
fe060590 d tabs.4705
fe0605b4 d .LANCHOR4
fe0605b4 d i2c_dp_last_length
fe0605b8 d .LANCHOR0
fe0605b8 d cmd_i2c_sub
fe0606d0 d .LANCHOR0
fe0606d0 d op_table
fe060738 d .LANCHOR3
fe060738 d do_echo
fe06073c d .LANCHOR5
fe06073c d dp_last_length
fe060740 d reg_0_desc_tbl
fe0607b8 d reg_5_desc_tbl
fe060848 d reg_4_desc_tbl
fe0608d8 d reg_1_desc_tbl
fe060998 d reg_2_desc_tbl
fe0609a4 d reg_3_desc_tbl
fe0609c8 d .LANCHOR6
fe0609c8 d reg_0_5_desc_tbl
fe0609f8 d .LANCHOR7
fe0609f8 d desc_and_len_tbl
fe060a28 d .LANCHOR2
fe060a28 d env_id
fe060a2c d .LANCHOR0
fe060a2c d cmd_env_sub
fe060b28 d .LANCHOR0
fe060b28 d usb_stor_curr_dev
fe060b2c d .LANCHOR3
fe060b2c d trim_threshold
fe060b30 d .LANCHOR2
fe060b30 d sbrk_base
fe060b34 d .LANCHOR0
fe060b34 d av_
fe060f3c D env_htab
fe060f4c d .LANCHOR2
fe060f4c d of_busses
fe060f60 d .LANCHOR5
fe060f60 d reserved_list
fe060fe4 d .LANCHOR0
fe060fe4 d uimage_os
fe061038 d .LANCHOR2
fe061038 d uimage_type
fe061104 d .LANCHOR3
fe061104 d uimage_comp
fe06114c d .LANCHOR1
fe06114c d uimage_arch
fe061248 d .LANCHOR5
fe061248 d hist_cur
fe06124c D stdio_names
fe061258 d .LANCHOR0
fe061258 d block_drvr
fe061270 d .LANCHOR1
fe061270 d i2c_bus_num
fe061274 d .LANCHOR2
fe061274 d i2c_bus_speed
fe06127c d .LANCHOR2
fe06127c d bbt_main_descr
fe0612a0 d .LANCHOR5
fe0612a0 d bbt_main_descr
fe0612c4 d .LANCHOR6
fe0612c4 d bbt_mirror_no_bbt_descr
fe0612e8 d mirror_pattern
fe0612ec d mirror_pattern
fe0612f0 d scan_agand_pattern
fe0612f8 d bbt_pattern
fe0612fc d bbt_pattern
fe061300 d .LANCHOR7
fe061300 d scan_ff_pattern
fe061304 d scan_ff_pattern
fe061308 d .LANCHOR5
fe061308 d bbt_main_no_bbt_descr
fe06132c d .LANCHOR4
fe06132c d agand_flashbased
fe061350 d .LANCHOR3
fe061350 d bbt_mirror_descr
fe061374 d .LANCHOR6
fe061374 d bbt_mirror_descr
fe061398 D nand_manuf_ids
fe0613e8 D nand_flash_ids
fe061aa8 d .LANCHOR5
fe061aa8 d nand_oob_8
fe061cf0 d .LANCHOR6
fe061cf0 d nand_oob_16
fe061f38 d .LANCHOR8
fe061f38 d nand_oob_128
fe062180 d .LANCHOR7
fe062180 d nand_oob_64
fe0623c8 d .LANCHOR1
fe0623c8 d fsl_elbc_oob_sp_eccm0
fe062610 d .LANCHOR0
fe062610 d fsl_elbc_oob_sp_eccm1
fe062858 d .LANCHOR7
fe062858 d largepage_memorybased
fe06287c d .LANCHOR3
fe06287c d fsl_elbc_oob_lp_eccm0
fe062ac4 d .LANCHOR2
fe062ac4 d fsl_elbc_oob_lp_eccm1
fe062d0c d .LANCHOR6
fe062d0c d supported
fe062d2c d .LANCHOR5
fe062d2c d tsec_info
fe062d48 d .LANCHOR0
fe062d48 d phy_drivers
fe062d50 d .LANCHOR1
fe062d50 d genphy_driver
fe062d7c D AR8021_driver
fe062da8 d .LANCHOR1
fe062da8 d BCM5464S_driver
fe062dd4 d .LANCHOR0
fe062dd4 d BCM5482S_driver
fe062e00 d .LANCHOR2
fe062e00 d BCM5461S_driver
fe062e2c d .LANCHOR0
fe062e2c d DM9161_driver
fe062e58 d .LANCHOR0
fe062e58 d LXT971_driver
fe062e84 d .LANCHOR3
fe062e84 d M88E1121R_driver
fe062eb0 d .LANCHOR1
fe062eb0 d M88E1149S_driver
fe062edc d .LANCHOR2
fe062edc d M88E1145_driver
fe062f08 d .LANCHOR6
fe062f08 d M88E1011S_driver
fe062f34 d .LANCHOR5
fe062f34 d M88E1111S_driver
fe062f60 d .LANCHOR4
fe062f60 d M88E1118_driver
fe062f8c d .LANCHOR0
fe062f8c d KSZ804_driver
fe062fb8 d .LANCHOR1
fe062fb8 d KS8721_driver
fe062fe4 d .LANCHOR0
fe062fe4 d DP83865_driver
fe063010 d .LANCHOR0
fe063010 d RTL8211B_driver
fe06303c d .LANCHOR0
fe06303c d VSC8641_driver
fe063068 d .LANCHOR5
fe063068 d VSC8221_driver
fe063094 d .LANCHOR6
fe063094 d VSC8662_driver
fe0630c0 d .LANCHOR1
fe0630c0 d VSC8601_driver
fe0630ec d .LANCHOR3
fe0630ec d VSC8244_driver
fe063118 d .LANCHOR4
fe063118 d VSC8211_driver
fe063144 d .LANCHOR7
fe063144 d cis8201_driver
fe063170 d .LANCHOR2
fe063170 d VSC8234_driver
fe06319c d .LANCHOR8
fe06319c d cis8204_driver
fe0631c8 d .LANCHOR1
fe0631c8 d month_days
fe0631f8 d .LANCHOR2
fe0631f8 d descriptor
fe063230 d .LANCHOR0
fe063230 d fdt_errtable
fe063264 D z_errmsg
fe06328c d .LANCHOR9
fe06328c d first_call.3971
fe063290 d .LANCHOR11
fe063290 d nfs_offset
fe063294 d .LANCHOR9
fe063294 d TftpTimeoutCountMax
fe063298 d .LANCHOR3
fe063298 d TftpBlkSizeOption
fe06329c d .LANCHOR2
fe06329c d TftpTimeoutMSecs
fe0632a0 d .LANCHOR10
fe0632a0 d TftpBlkSize
fe0632a4 d .LANCHOR2
fe0632ac d .LANCHOR1
fe0632ac d pci_regions
fe0632e8 d pcie_regions_0
fe063310 d pcie_regions_1
fe063338 d .LANCHOR0
fe063338 d rev_str.5587
fe06334c D load_addr
fe063350 D sata_curr_device
fe063354 D env_name_spec
fe063358 D env_ptr
fe06335c V board_hwconfig
fe063360 V cpu_hwconfig
fe063364 D nand_curr_device
fe063368 D ext4fs_indir1_blkno
fe06336c D ext4fs_indir2_blkno
fe063370 D ext4fs_indir3_blkno
fe063374 D NetOurVLAN
fe063376 D NetOurNativeVLAN
fe063378 D NetBcastAddr
fe063380 D TftpRRQTimeoutCountMax
fe063384 A __u_boot_cmd_start
fe063384 A _edata
fe063384 D __u_boot_cmd_clocks
fe0633a0 D __u_boot_cmd_bdinfo
fe0633bc D __u_boot_cmd_reset
fe0633d8 D __u_boot_cmd_go
fe0633f4 D __u_boot_cmd_imls
fe063410 D __u_boot_cmd_iminfo
fe06342c D __u_boot_cmd_bootd
fe063448 D __u_boot_cmd_boot
fe063464 D __u_boot_cmd_bootm
fe063480 D __u_boot_cmd_coninfo
fe06349c D __u_boot_cmd_date
fe0634b8 D __u_boot_cmd_echo
fe0634d4 D __u_boot_cmd_exit
fe0634f0 D __u_boot_cmd_ext2load
fe06350c D __u_boot_cmd_ext2ls
fe063528 D __u_boot_cmd_fdt
fe063544 D __u_boot_cmd_protect
fe063560 D __u_boot_cmd_erase
fe06357c D __u_boot_cmd_flinfo
fe063598 D __u_boot_cmd_hello
fe0635b4 D __u_boot_cmd_question_mark
fe0635d0 D __u_boot_cmd_help
fe0635ec D __u_boot_cmd_i2c
fe063608 D __u_boot_cmd_itest
fe063624 D __u_boot_cmd_loady
fe063640 D __u_boot_cmd_loadb
fe06365c D __u_boot_cmd_loads
fe063678 D __u_boot_cmd_mdio
fe063694 D __u_boot_cmd_mtest
fe0636b0 D __u_boot_cmd_loop
fe0636cc D __u_boot_cmd_base
fe0636e8 D __u_boot_cmd_crc32
fe063704 D __u_boot_cmd_cmp
fe063720 D __u_boot_cmd_cp
fe06373c D __u_boot_cmd_mw
fe063758 D __u_boot_cmd_nm
fe063774 D __u_boot_cmd_mm
fe063790 D __u_boot_cmd_md
fe0637ac D __u_boot_cmd_mii
fe0637c8 D __u_boot_cmd_sleep
fe0637e4 D __u_boot_cmd_mtdparts
fe063800 D __u_boot_cmd_chpart
fe06381c D __u_boot_cmd_nboot
fe063838 D __u_boot_cmd_nand
fe063854 D __u_boot_cmd_ping
fe063870 D __u_boot_cmd_nfs
fe06388c D __u_boot_cmd_tftpboot
fe0638a8 D __u_boot_cmd_bootp
fe0638c4 D __u_boot_cmd_run
fe0638e0 D __u_boot_cmd_setenv
fe0638fc D __u_boot_cmd_printenv
fe063918 D __u_boot_cmd_editenv
fe063934 D __u_boot_cmd_env
fe063950 D __u_boot_cmd_saveenv
fe06396c D __u_boot_cmd_pci
fe063988 D __u_boot_cmd_sata
fe0639a4 D __u_boot_cmd_source
fe0639c0 D __u_boot_cmd_true
fe0639dc D __u_boot_cmd_false
fe0639f8 D __u_boot_cmd_test
fe063a14 D __u_boot_cmd_usbboot
fe063a30 D __u_boot_cmd_usb
fe063a4c D __u_boot_cmd_version
fe063a68 D __u_boot_cmd_imxtract
fe063a84 D __u_boot_cmd_showvar
fe063aa0 A __start___ex_table
fe063aa0 A __stop___ex_table
fe063aa0 A __u_boot_cmd_end
fe064000 A __bss_start
fe064000 A __init_begin
fe064000 A __init_end
fe064000 b .LANCHOR0
fe064000 b pci_hose
fe0641c0 b .LANCHOR1
fe0641c0 b pci_num_buses
fe0641c4 b .LANCHOR1
fe0641c4 b timestamp
fe0641c8 b .LANCHOR0
fe0641c8 b decrementer_count
fe0641cc b .LANCHOR0
fe0641cc b data.4616
fe0645cc b .LANCHOR6
fe0645cc b i2c_mm_last_addr
fe0645d0 b .LANCHOR5
fe0645d0 b i2c_mm_last_chip
fe0645d4 b .LANCHOR7
fe0645d4 b i2c_mm_last_alen
fe0645d8 b .LANCHOR2
fe0645d8 b i2c_dp_last_addr
fe0645dc b .LANCHOR1
fe0645dc b i2c_dp_last_chip
fe0645e0 b .LANCHOR3
fe0645e0 b i2c_dp_last_alen
fe0645e4 b .LANCHOR8
fe0645e4 b os_data_addr_saved
fe0645e8 b .LANCHOR4
fe0645e8 b a_b
fe064600 b .LANCHOR0
fe064600 b os_data_state
fe064604 b .LANCHOR5
fe064604 b k_data_escape
fe064608 b .LANCHOR1
fe064608 b os_data_addr
fe06460c b .LANCHOR2
fe06460c b bin_start_address
fe064610 b .LANCHOR6
fe064610 b k_data_escape_saved
fe064614 b .LANCHOR7
fe064614 b os_data_state_saved
fe064618 b .LANCHOR5
fe064618 b last_reg_hi
fe06461c b .LANCHOR4
fe06461c b last_reg_hi
fe064620 b .LANCHOR6
fe064620 b last_data
fe064624 b .LANCHOR5
fe064624 b last_data
fe064628 b .LANCHOR3
fe064628 b last_devad_hi
fe06462c b .LANCHOR4
fe06462c b last_reg_lo
fe064630 b .LANCHOR3
fe064630 b last_reg_lo
fe064634 b .LANCHOR0
fe064634 b last_addr_lo
fe064638 b .LANCHOR1
fe064638 b last_addr_lo
fe06463c b .LANCHOR7
fe06463c b last_op
fe064640 b .LANCHOR0
fe064640 b last_op
fe064644 b .LANCHOR1
fe064644 b last_addr_hi
fe064648 b .LANCHOR2
fe064648 b last_addr_hi
fe06464c b .LANCHOR2
fe06464c b last_devad_lo
fe064650 b .LANCHOR3
fe064650 b dp_last_addr
fe064654 b .LANCHOR0
fe064654 b base_address
fe064658 b .LANCHOR2
fe064658 b mm_last_size
fe06465c b .LANCHOR1
fe06465c b mm_last_addr
fe064660 b .LANCHOR4
fe064660 b dp_last_size
fe064664 b .LANCHOR3
fe064664 b last_ids
fe0646e4 b .LANCHOR2
fe0646e4 b initialized.5092
fe0646e8 b .LANCHOR1
fe0646e8 b last_parts
fe0648e8 b .LANCHOR0
fe0648e8 b last_partition
fe0648f8 b .LANCHOR0
fe0648f8 b last.4839
fe064900 b .LANCHOR0
fe064900 b tmp_buf.3884
fe064b00 b .LANCHOR1
fe064b00 b tmp_buf
fe064c00 b .LANCHOR1
fe064c00 b ctrlc_was_pressed
fe064c04 b .LANCHOR0
fe064c04 b ctrlc_disabled
fe064c08 b .LANCHOR6
fe064c08 b max_total_mem
fe064c0c b .LANCHOR5
fe064c0c b max_sbrked_mem
fe064c10 b .LANCHOR4
fe064c10 b top_pad
fe064c14 b .LANCHOR1
fe064c14 b current_mallinfo
fe064c3c b .LANCHOR1
fe064c3c b flag_repeat
fe064c40 b .LANCHOR3
fe064c40 b the_command.4088
fe064d40 b .LANCHOR4
fe064d40 b buf.4288
fe064d68 b .LANCHOR7
fe064d68 b ifs
fe064d6c b .LANCHOR6
fe064d6c b map
fe064e6c b .LANCHOR2
fe064e6c b do_repeat
fe064e70 b .LANCHOR0
fe064e70 b top_vars
fe064e74 b .LANCHOR3
fe064e74 b hist_max
fe064e78 b .LANCHOR2
fe064e78 b initted.4082
fe064e7c b .LANCHOR4
fe064e7c b hist_add_idx
fe064e80 b .LANCHOR1
fe064e80 b current_mii
fe064e84 b .LANCHOR0
fe064e84 b mii_devs
fe064e8c b .LANCHOR0
fe064e8c b devs
fe064ec8 B stdio_devices
fe064ed4 b .LANCHOR2
fe064ed4 b dev_index
fe064ed8 b .LANCHOR3
fe064ed8 b running
fe064ee0 b .LANCHOR1
fe064ee0 b usb_dev
fe06fae0 b .LANCHOR0
fe06fae0 b asynch_allowed
fe06fae4 b .LANCHOR0
fe06fae4 b usb_hub_index
fe06fae8 b .LANCHOR1
fe06fae8 b hub_dev
fe06fbe8 b .LANCHOR5
fe06fbe8 b usb_stor
fe06fcec b .LANCHOR1
fe06fcec b usb_dev_desc
fe06ff1c b .LANCHOR0
fe06ff1c b usb_max_devs
fe06ff20 b .LANCHOR4
fe06ff20 b CBWTag
fe06ff40 b .LANCHOR2
fe06ff40 b usb_ccb
fe06ffe0 b .LANCHOR0
fe06ffe0 b xyz
fe07041c b .LANCHOR0
fe07041c b saved_sector.4168
fe070420 b .LANCHOR1
fe070420 b saved_info.4169
fe070424 b .LANCHOR1
fe070424 b total_nand_size
fe070428 b .LANCHOR0
fe070428 b dev_name
fe070430 b .LANCHOR4
fe070430 b elbc_ctrl
fe070434 b .LANCHOR3
fe070434 b tx_ring
fe070454 b .LANCHOR1
fe070454 b rx_next
fe070458 b .LANCHOR4
fe070458 b tx_threshold
fe07045c b .LANCHOR0
fe07045c b rx_ring
fe071c9c b .LANCHOR2
fe071c9c b tx_next
fe071ca0 b .LANCHOR1
fe071ca0 b rtx
fe071cd0 b .LANCHOR4
fe071cd0 b privlist
fe071cf0 b .LANCHOR0
fe071cf0 b txIdx
fe071cf4 b .LANCHOR3
fe071cf4 b num_tsecs
fe071cf8 b .LANCHOR2
fe071cf8 b rxIdx
fe071cfc b .LANCHOR0
fe071cfc b hose_head
fe071d00 b .LANCHOR3
fe071d00 b portreset
fe071d20 b .LANCHOR0
fe071d20 b __qh_list
fe071d80 b .LANCHOR0
fe071d80 b symlinknest
fe071d84 b .LANCHOR1
fe071d84 b part_info
fe071d88 b .LANCHOR0
fe071d88 b ext4fs_block_dev_desc
fe071d8c b .LANCHOR6
fe071d8c b env_changed_id.4498
fe071d90 b .LANCHOR5
fe071d90 b act.4497
fe071d94 b .LANCHOR4
fe071d94 b first_failed.4492
fe071d98 b .LANCHOR3
fe071d98 b index.4445
fe071d9c b .LANCHOR1
fe071d9c b eth_devices
fe071da0 b .LANCHOR2
fe071da0 b timeHandler
fe071da4 b .LANCHOR0
fe071da4 b udp_packet_handler
fe071da8 b .LANCHOR6
fe071da8 b NetRestarted
fe071dac b .LANCHOR5
fe071dac b NetTryCount
fe071db0 b .LANCHOR4
fe071db0 b timeDelta
fe071db4 b .LANCHOR7
fe071db4 b NetDevExists
fe071db8 B NetOurHostName
fe071dd8 B NetOurRootPath
fe071e18 b .LANCHOR3
fe071e18 b timeStart
fe071e1c B NetOurNISDomain
fe071e3c b .LANCHOR8
fe071e3c b env_changed_id.3960
fe071e40 b .LANCHOR1
fe071e40 b arp_packet_handler
fe071e44 b .LANCHOR7
fe071e44 b NfsOurPort
fe071e48 b .LANCHOR6
fe071e48 b NfsServerIP
fe071e4c b .LANCHOR10
fe071e4c b nfs_filename
fe071e50 b .LANCHOR12
fe071e50 b nfs_len
fe071e54 b .LANCHOR1
fe071e54 b NfsSrvMountPort
fe071e58 b .LANCHOR4
fe071e58 b dirfh
fe071e78 b .LANCHOR2
fe071e78 b NfsSrvNfsPort
fe071e7c b .LANCHOR0
fe071e7c b rpc_id
fe071e80 b .LANCHOR3
fe071e80 b fs_mounted
fe071e84 b .LANCHOR13
fe071e84 b nfs_download_state
fe071e88 b .LANCHOR15
fe071e88 b nfs_path_buff
fe072688 b .LANCHOR9
fe072688 b nfs_path
fe07268c b .LANCHOR5
fe07268c b filefh
fe0726ac b .LANCHOR8
fe0726ac b NfsState
fe0726b0 b .LANCHOR16
fe0726b0 b default_filename
fe0726f0 b .LANCHOR14
fe0726f0 b default_filename
fe072700 b .LANCHOR14
fe072700 b NfsTimeoutCount
fe072704 b .LANCHOR0
fe072704 b PingSeqNo
fe072708 b .LANCHOR8
fe072708 b TftpTimeoutCount
fe07270c b .LANCHOR5
fe07270c b TftpRemoteIP
fe072710 b .LANCHOR11
fe072710 b TftpBlockWrap
fe072714 b .LANCHOR4
fe072714 b TftpBlock
fe072718 b .LANCHOR7
fe072718 b TftpOurPort
fe07271c b .LANCHOR0
fe07271c b TftpState
fe072720 b .LANCHOR6
fe072720 b TftpRemotePort
fe072724 b .LANCHOR12
fe072724 b TftpBlockWrapOffset
fe072728 b .LANCHOR13
fe072728 b TftpLastBlock
fe07272c b .LANCHOR1
fe07272c b tftp_filename
fe0727ac B monitor_flash_len
fe0727b0 B current_mtd_partnum
fe0727b4 B current_mtd_dev
fe0727b8 B mem_malloc_brk
fe0727bc B mem_malloc_end
fe0727c0 B mem_malloc_start
fe0727c4 B hist_num
fe0727c8 B usb_started
fe0727cc B save_addr
fe0727d0 B his_pad_char
fe0727d4 B os_data_init
fe0727d8 B nesting_level
fe0727dc B send_ptr
fe0727e0 B last_return_code
fe0727e4 B working_fdt
fe0727e8 B os_data_char
fe0727ec B mtdids
fe0727f4 B save_size
fe0727f8 B his_eol
fe0727fc B devices
fe072804 B his_quote
fe072808 B his_pad_count
fe07280c B rootdev
fe072810 B hccr
fe072814 B hcor
fe072818 B part_offset
fe07281c B ext4fs_indir1_size
fe072820 B ext4fs_indir2_block
fe072824 B ext4fs_indir3_block
fe072828 B ext4fs_symlinknest
fe07282c B ext4fs_indir3_size
fe072830 B g_parent_inode
fe072834 B ext4fs_indir2_size
fe072838 B ext4fs_indir1_block
fe07283c B ext4fs_file
fe072840 B ext4fs_root
fe072844 B errno
fe072848 B NetArpWaitTry
fe07284c B NetArpWaitPacketMAC
fe072850 B NetOurEther
fe072858 B NetOurIP
fe07285c B NetPingIP
fe072860 B NetServerIP
fe072864 B NetArpWaitTxPacketSize
fe072868 B NetArpWaitReplyIP
fe07286c B NetArpWaitPacketIP
fe072870 B BootpTry
fe072874 B eth_current
fe072878 B NetServerEther
fe072880 B NetOurSubnetMask
fe072884 B NetBootFileSize
fe072888 B NetIPID
fe07288c B NetRxPacket
fe072890 B net_state
fe072894 B BootpID
fe072898 B NetOurGatewayIP
fe07289c B NetEtherNullAddr
fe0728a4 B NetRestartWrap
fe0728a8 B NetArpTxPacket
fe0728ac B NetTxPacket
fe0728b0 B NetBootFileXferSize
fe0728b4 B NetOurDNSIP
fe0728b8 B NetRxPacketLen
fe0728bc B NetArpWaitTimerStart
fe0728c0 B console_buffer
fe0729c4 B hist_list
fe072a14 B hist_lines
fe073e28 B images
fe073f58 B sata_dev_desc
fe074038 B send_parms
fe07404c B flash_info
fe074308 B mtd_table
fe074388 B nand_info
fe074430 B ext_fs
fe074478 B NetArpPacketBuf
fe074a98 B NetRxPackets
fe074aa8 B BootFile
fe074b28 B PktBuf
fe076948 A __bss_end__
