00000442 A __fixup_entries
00000857 A __got2_entries
fe000044 T version_string
fe000084 T enable_addr_trans
fe000098 T disable_addr_trans
fe0000b8 T get_pvr
fe0000c0 T ppcDWstore
fe0000cc T ppcDWload
fe000100 T _start
fe000154 t in_flash
fe0001a8 T _start_of_vectors
fe000200 t MachineCheck
fe000300 t DataStorage
fe000400 t InstStorage
fe000500 t ExtInterrupt
fe000600 t Alignment
fe000700 t ProgramCheck
fe000800 t FPUnavailable
fe000900 t Decrementer
fe000a00 t Trap_0a
fe000b00 t Trap_0b
fe000c00 t SystemCall
fe000d00 t SingleStep
fe000e00 t Trap_0e
fe000f00 t Trap_0f
fe001000 t InstructionTLBMiss
fe001100 t DataLoadTLBMiss
fe001200 t DataStoreTLBMiss
fe001300 t InstructionBreakpoint
fe001400 t SMI
fe001500 t Trap_15
fe001600 t Trap_16
fe001700 t Trap_17
fe001800 t Trap_18
fe001900 t Trap_19
fe001a00 t Trap_1a
fe001b00 t Trap_1b
fe001c00 t Trap_1c
fe001d00 t Trap_1d
fe001e00 t Trap_1e
fe001f00 t Trap_1f
fe002000 t Trap_20
fe002100 t Trap_21
fe002200 t Trap_22
fe002300 t Trap_23
fe002400 t Trap_24
fe002500 t Trap_25
fe002600 t Trap_26
fe002700 t Trap_27
fe002800 t Trap_28
fe002900 t Trap_29
fe002a00 t Trap_2a
fe002b00 t Trap_2b
fe002c00 t Trap_2c
fe002d00 t Trap_2d
fe002e00 t Trap_2e
fe002f00 t Trap_2f
fe002fa4 T _end_of_vectors
fe003000 T transfer_to_handler
fe003098 t int_return
fe003178 T init_e300_core
fe0031f0 T setup_bats
fe003394 T icache_enable
fe0033bc T icache_disable
fe0033d8 T icache_status
fe0033e4 T dcache_enable
fe003400 T dcache_disable
fe003430 T dcache_status
fe00343c T flush_dcache
fe003460 T relocate_code
fe003570 t in_ram
fe0035d8 t clear_bss
fe003608 T trap_init
fe0036cc t lock_ram_in_cache
fe003700 T unlock_ram_in_cache
fe00374c t map_flash_by_law1
fe003798 t remap_flash_by_law0
fe003814 T print_backtrace
fe003924 T show_regs
fe003a20 T _exception
fe003a68 T dump_pci
fe003a6c T MachineCheckException
fe003b68 T AlignmentException
fe003b9c T ProgramCheckException
fe003bd0 T UnknownException
fe003c28 T DebugException
fe003c74 T checkcpu
fe003e54 T do_reset
fe003edc T get_tbclk
fe003eec T cpu_eth_init
fe003f10 T cpu_init_f
fe004060 T cpu_init_r
fe004068 T prt_83xx_rsr
fe00411c T do_clocks
fe0042bc T get_clocks
fe004754 T interrupt_init_cpu
fe004784 T external_interrupt
fe004788 T irq_install_handler
fe00478c T irq_free_handler
fe004790 T timer_interrupt_cpu
fe004794 T mpc83xx_pci_init
fe004b50 T ft_pci_setup
fe004ca8 T mpc83xx_pcie_init
fe005144 T ft_cpu_setup
fe005320 T invalidate_dcache_range
fe005324 T flush_dcache_range
fe005328 T board_add_ram_info
fe0053fc t fdt_fixup_usb_mode_phy_type
fe00554c T fdt_fixup_dr_usb
fe0057d8 T fdt_fixup_crypto_node
fe005a6c T init_early_memctl_regs
fe005acc T ppcDcbf
fe005ad4 T ppcDcbi
fe005adc T ppcDcbz
fe005ae4 T ppcSync
fe005aec T strcpy
fe005b08 T strncpy
fe005b30 T strcat
fe005b5c T strcmp
fe005b80 T strlen
fe005b98 T memset
fe005bf4 T bcopy
fe005c04 T memmove
fe005c0c T memcpy
fe005ca8 T backwards_memcpy
fe005d30 T memcmp
fe005d60 T memchr
fe005d88 T get_ticks
fe005da0 T wait_ticks
fe005dd8 T trap_reloc
fe005e00 t init_func_i2c
fe005e50 t init_baudrate
fe005ea4 t init_func_ram
fe005f30 T __board_flash_wp_on
fe005f30 W board_flash_wp_on
fe005f38 T __cpu_secondary_init_r
fe005f38 W cpu_secondary_init_r
fe005f3c T get_effective_memsize
fe005f44 T hang
fe005f70 T board_init_r
fe0060c8 T board_init_f
fe0061d0 t boot_cmdline_linux
fe006240 t boot_bd_t_linux
fe0062f4 t boot_jump_linux
fe0063a4 T arch_lmb_reserve
fe006470 W ft_verify_fdt
fe006470 t __ft_verify_fdt
fe006478 T do_bootm_linux
fe006684 T flush_cache
fe0066e8 T search_exception_table
fe006784 T enable_interrupts
fe006794 T disable_interrupts
fe0067a8 T interrupt_init
fe006804 T timer_interrupt
fe006858 T get_timer
fe006888 T usec2ticks
fe00690c T __udelay
fe006930 T init_timebase
fe006944 t print_num
fe006984 t print_mhz
fe0069d4 t print_eth
fe006a44 T do_bdinfo
fe006b3c W do_go_exec
fe006b6c T do_go
fe006c14 t do_imls
fe006d48 t image_info
fe006e34 T do_iminfo
fe006ee8 T do_bootd
fe006f34 t do_bootm_rtems
fe006fa0 t do_bootm_netbsd
fe00713c t bootm_start
fe0075ac t bootm_load_os
fe0077b0 T __arch_preboot_os
fe0077b0 W arch_preboot_os
fe0077b4 T do_bootm_subcommand
fe007aac T do_bootm
fe007dc4 T bootm_maybe_autostart
fe007e68 T do_coninfo
fe007fb0 t cnvrt2
fe008004 T mk_date
fe00827c T do_date
fe0083ac T common_diskboot
fe008624 T do_echo
fe008760 T do_exit
fe0087a4 T do_ext2load
fe0087d0 T do_ext2ls
fe0087fc T do_ext_load
fe008a88 T do_ext_ls
fe008b94 t fdt_valid
fe008c90 t print_data
fe008ea8 T set_working_fdt_addr
fe008ef8 T do_fdt
fe009cd4 t flash_fill_sect_ranges
fe009e8c t abbrev_spec
fe00a090 T do_flinfo
fe00a124 T flash_sect_roundb
fe00a1ec t addr_spec
fe00a314 T flash_sect_erase
fe00a3d0 T do_flerase
fe00a668 T flash_sect_protect
fe00a7b4 T do_protect
fe00ac4c T do_help
fe00acb0 t get_alen
fe00ad20 t do_i2c
fe00adc8 t do_i2c_reset
fe00adf8 t do_i2c_read
fe00aefc t do_i2c_probe
fe00afb0 t do_i2c_md
fe00b220 t mod_i2c_mem
fe00b4b8 t do_i2c_nm
fe00b4f0 t do_i2c_mm
fe00b528 t do_i2c_mw
fe00b67c t do_i2c_loop
fe00b7ac t do_i2c_crc
fe00b90c t do_i2c_bus_speed
fe00b9a0 t evalstr
fe00b9d8 t evalexp
fe00ba74 T binary_test
fe00bc94 T do_itest
fe00bd50 t bin_data_init
fe00bd90 t bin_data_char
fe00bdd8 t load_serial_ymodem
fe00bf2c t getcxmodem
fe00bf60 t load_serial
fe00c21c T do_load_serial
fe00c3ec T send_pad
fe00c454 T ktrans
fe00c47c T chk1
fe00c4b4 T s1_sendpacket
fe00c4fc T send_ack
fe00c58c T send_nack
fe00c61c T k_data_init
fe00c664 T k_data_save
fe00c6b8 T k_data_restore
fe00c70c T k_data_char
fe00c7a4 T handle_send_packet
fe00ca54 T do_load_serial_bin
fe00cf58 t extract_range
fe00d020 t extract_range
fe00d0a0 T mdio_write_ranges
fe00d1c4 T mdio_read_ranges
fe00d358 T extract_reg_range
fe00d438 T extract_phy_range
fe00d514 t do_mdio
fe00d770 T do_mem_crc
fe00d860 T do_mem_base
fe00d8c0 T do_mem_mtest
fe00db18 T do_mem_loop
fe00dc90 T do_mem_cmp
fe00de28 T do_mem_mw
fe00df4c T do_mem_cp
fe00e0e8 t mod_mem
fe00e2e8 T do_mem_nm
fe00e320 T do_mem_mm
fe00e358 T do_mem_md
fe00e478 t do_mii
fe00ed34 T do_sleep
fe00eddc t mtd_part_info
fe00eeb0 t index_partitions
fe00efa0 t memsize_format
fe00f020 t current_save
fe00f0dc t part_sort_add
fe00f258 t part_delall
fe00f2e4 t device_delall
fe00f39c t mtd_devices_init
fe00f3ec t device_del
fe00f4a4 t memsize_parse
fe00f528 t get_mtd_info
fe00f5c4 t part_validate
fe00f914 t generate_mtdparts_save
fe00fc6c T mtd_device_validate
fe00fcc0 T device_find
fe00fd34 t device_parse
fe010314 T mtd_id_parse
fe010478 T find_dev_and_part
fe010694 T mtdparts_init
fe010d58 T do_mtdparts
fe0113fc T do_chpart
fe0114ec t set_dev
fe011578 t nand_print_and_set_info
fe011674 t nand_load_image
fe011850 T do_nandboot
fe011b08 t arg_off
fe011c74 t arg_off_size
fe011e3c T do_nand
fe012a58 T do_ping
fe012af4 t netboot_common
fe012db4 T do_nfs
fe012ddc T do_tftpb
fe012e04 T do_bootp
fe012e2c t do_env
fe012ed4 t do_env_delete
fe012f0c t do_env_import
fe0131c8 t do_env_default
fe013290 T do_env_save
fe0132dc t env_print
fe01339c T do_env_print
fe01346c T get_env_id
fe013498 T env_check_apply
fe0136e4 T _do_env_set
fe0138fc T do_env_set
fe01393c t do_env_export
fe013cbc T setenv
fe013d38 T envmatch
fe013de0 T getenv_f
fe013f0c T getenv
fe013fa0 T getenv_ulong
fe013ffc T do_env_edit
fe0140d4 t pci_cfg_write
fe014124 t pci_cfg_modify
fe0142e4 T pci_header_show_brief
fe014388 T pci_header_show
fe014bc4 T pciinfo
fe014dac T do_pci
fe015240 T __sata_initialize
fe015240 W sata_initialize
fe015380 T do_sata
fe015828 T sata_get_dev
fe015868 T source
fe015998 T do_source
fe015a04 T do_false
fe015a0c T do_true
fe015a14 T do_test
fe015fe0 T do_usbboot
fe016014 T usb_get_class_desc
fe0160dc T usb_display_class_sub
fe0162a8 T usb_display_string
fe01630c T usb_display_desc
fe016438 T usb_display_conf_desc
fe0164f8 T usb_display_if_desc
fe0165a0 T usb_display_ep_desc
fe016684 T usb_display_config
fe016768 T usb_show_tree_graph
fe016a1c T usb_show_tree
fe016a60 T do_usb
fe017008 T do_version
fe017054 T do_imgextract
fe017334 T find_cmd_tbl
fe017434 T find_cmd
fe017480 T cmd_usage
fe0174fc T _do_help
fe017734 T var_complete
fe0177c8 T cmd_auto_complete
fe017dcc T cmd_get_data_size
fe017e70 T cmd_process
fe017f74 t console_setfile
fe018054 T fgetc
fe0180a8 T ftstc
fe0180fc T fputc
fe01814c T fputs
fe01819c T getc
fe0181e0 T tstc
fe018224 T putc
fe01826c T puts
fe0182b4 T printf
fe018348 T vprintf
fe0183a4 T ctrlc
fe01842c T had_ctrlc
fe018458 T clear_ctrlc
fe018488 T search_device
fe0184d0 T console_assign
fe01853c T console_init_f
fe01854c T stdio_print_current_devices
fe018608 T console_init_r
fe018730 T sbrk
fe0187c4 T mem_malloc_init
fe018818 T malloc_trim
fe018924 T free
fe018bcc T malloc
fe01933c T calloc
fe01945c T memalign
fe0195b8 T realloc
fe019b4c W env_get_char_spec
fe019b4c t __env_get_char_spec
fe019b58 T env_get_addr
fe019b9c T env_get_char_memory
fe019bc0 T env_get_char
fe019c1c T set_default_env
fe019cdc T set_default_vars
fe019d2c T env_import
fe019e10 T env_relocate
fe019e60 T env_complete
fe019fb8 T env_init
fe01a03c T saveenv
fe01a1d4 T env_relocate_spec
fe01a1fc t dummy
fe01a200 T get_version
fe01a208 T jumptable_init
fe01a388 t write_cell
fe01a3d8 t of_bus_default_map
fe01a4f0 t of_bus_default_count_cells
fe01a5b0 t get_cells_len
fe01a604 t of_bus_default_translate
fe01a6e0 T fdt_find_and_setprop
fe01a7a0 T fdt_initrd
fe01a9a4 T fdt_chosen
fe01abe8 T do_fixup_by_path
fe01ac50 T do_fixup_by_prop
fe01ad6c T do_fixup_by_prop_u32
fe01ada0 T do_fixup_by_compat
fe01ae94 T do_fixup_by_compat_u32
fe01aec8 T fdt_fixup_memory_banks
fe01b100 T fdt_fixup_memory
fe01b13c T fdt_fixup_ethernet
fe01b304 T fdt_resize
fe01b3f4 T flash_protect
fe01b544 T addr2info
fe01b5c4 T flash_write
fe01b75c T flash_perror
fe01b874 t b_reset
fe01b898 t static_get
fe01b8bc t static_peek
fe01b8c8 t file_peek
fe01b8d4 t setup_string_in_str
fe01b918 t is_assignment
fe01b98c t syntax_err
fe01b9c0 T do_showvar
fe01bb68 t xmalloc
fe01bbac t file_get
fe01be08 t free_pipe_list
fe01bf6c t b_free
fe01bfac t xrealloc
fe01bff0 t done_command
fe01c0a0 t b_addchr
fe01c15c t b_addqchr
fe01c1d8 T get_local_var
fe01c2b0 T set_local_var
fe01c4c8 t insert_var_value_sub
fe01c844 t insert_var_value
fe01c868 T new_pipe
fe01c8a4 t initialize_context
fe01c908 t done_pipe
fe01c980 T reserved_word
fe01cb54 t done_word
fe01cd64 T mapset
fe01cda8 T update_ifs_map
fe01ce50 T parse_string_outer
fe01cf50 t run_list_real
fe01d8b0 t parse_stream_outer
fe01dff8 T parse_file_outer
fe01e054 T u_boot_hush_start
fe01e0c8 t hwconfig_parse
fe01e270 t __hwconfig
fe01e374 T hwconfig_f
fe01e3a8 T hwconfig_arg_f
fe01e3c8 T hwconfig_arg_cmp_f
fe01e448 T hwconfig_sub_f
fe01e4bc T hwconfig_subarg_f
fe01e534 T hwconfig_subarg_cmp_f
fe01e5b4 t fdt_error
fe01e604 T image_check_hcrc
fe01e664 T image_check_dcrc
fe01e6b0 T image_multi_count
fe01e6e0 T image_multi_getimg
fe01e7bc T getenv_yesno
fe01e7fc T getenv_bootm_low
fe01e850 T getenv_bootm_size
fe01e8c8 T getenv_bootm_mapsize
fe01e918 T memmove_wd
fe01e940 T genimg_print_size
fe01e994 T get_table_entry_name
fe01e9d0 T genimg_get_os_name
fe01ea0c T genimg_get_arch_name
fe01ea48 T genimg_get_type_name
fe01ea84 T genimg_get_comp_name
fe01eac0 T image_print_contents
fe01ec98 T genimg_get_format
fe01ece4 T genimg_get_image
fe01ece8 T genimg_has_config
fe01ecf0 T boot_get_ramdisk
fe01ef74 T boot_ramdisk_high
fe01f100 T boot_fdt_add_mem_rsv_regions
fe01f1d4 T boot_relocate_fdt
fe01f3d0 T boot_get_fdt
fe01f67c T boot_get_cmdline
fe01f738 T boot_get_kbd
fe01f7c0 t delete_char
fe01f90c t cread_add_char
fe01fa38 t cread_add_str
fe01fadc T __show_boot_progress
fe01fadc W show_boot_progress
fe01fae0 T readline_into_buffer
fe020620 T readline
fe020660 T run_command
fe020684 T run_command_list
fe020720 T main_loop
fe020868 T do_run
fe020928 t legacy_miiphy_read
fe020978 t legacy_miiphy_write
fe0209b4 T miiphy_get_dev_by_name
fe020a58 T miiphy_init
fe020a94 T mdio_alloc
fe020ae4 T miiphy_register
fe020c24 T mdio_register
fe020d00 T mdio_list_devices
fe020e10 T miiphy_set_current_dev
fe020e74 t miiphy_get_active_dev
fe020efc T mdio_get_current_dev
fe020f28 T mdio_phydev_for_ethname
fe021018 T miiphy_get_current_dev
fe021058 T miiphy_read
fe0210e4 T miiphy_write
fe02115c T miiphy_listdev
fe0211fc T miiphy_info
fe0212e4 T miiphy_speed
fe0213cc T miiphy_duplex
fe0214b4 T miiphy_is_1000base_x
fe0214bc t hex1_bin
fe02150c t hex2_bin
fe02157c T srec_decode
fe021880 T stdio_get_list
fe0218ac T stdio_get_by_name
fe021948 T stdio_clone
fe0219c4 T stdio_register
fe021a28 T stdio_init
fe021ac8 t usb_set_maxpacket_ep
fe021b78 T usb_stop
fe021bd8 T usb_disable_asynch
fe021c14 T usb_control_msg
fe021d50 t usb_get_descriptor
fe021dbc t usb_get_string
fe021e8c t usb_string_sub
fe02200c T usb_bulk_msg
fe0220e8 T usb_maxpacket
fe022110 T usb_clear_halt
fe0221e8 T usb_get_configuration_no
fe0222bc T usb_set_interface
fe0223c8 T usb_string
fe022560 T usb_get_dev_index
fe0225a8 T usb_alloc_new_device
fe022640 T usb_new_device
fe022c10 T usb_init
fe022d44 t usb_get_hub_descriptor
fe022da8 t usb_get_port_status
fe022e0c t usb_set_port_feature
fe022e6c t usb_clear_port_feature
fe022ecc t usb_hub_power_on
fe022f58 T usb_hub_reset
fe022f88 T hub_port_reset
fe0230bc T usb_hub_port_connect_change
fe023228 t usb_hub_configure
fe023578 T usb_hub_probe
fe0235fc t usb_stor_irq
fe02361c t usb_request_sense
fe0236c0 t usb_stor_BBB_reset
fe0237d8 t usb_stor_CB_reset
fe0238e4 T usb_stor_get_dev
fe02392c T usb_show_progress
fe023930 T usb_stor_write
fe023b80 T usb_stor_read
fe023dd0 T usb_stor_info
fe023e78 T usb_stor_BBB_comdat
fe023fc0 T usb_stor_CB_comdat
fe0242a0 T usb_stor_CBI_get_status
fe0243d4 T usb_stor_CB_transport
fe024674 T usb_stor_BBB_clear_endpt_stall
fe0246d8 T usb_stor_BBB_transport
fe0249a0 T usb_storage_probe
fe024c40 T usb_stor_get_info
fe024f68 T usb_stor_scan
fe0251cc T CYGACC_COMM_IF_GETC_TIMEOUT
fe02524c t xyzModem_flush
fe02529c T CYGACC_COMM_IF_PUTC
fe0252c0 t xyzModem_get_hdr
fe025604 T parse_num
fe02576c T xyzModem_stream_open
fe025940 T xyzModem_stream_read
fe025c48 T xyzModem_stream_close
fe025cac T xyzModem_stream_terminate
fe025db0 T xyzModem_error
fe025e3c T get_dev
fe025ef0 T dev_print
fe02614c T init_part
fe026194 T print_part
fe026288 T get_partition_info
fe0262cc T get_device
fe02639c T get_device_and_partition
fe0267a8 t get_partition_info_extended
fe026b10 t test_block_type
fe026ba8 t print_partition_extended
fe026e5c T test_part_dos
fe026ef8 T print_part_dos
fe026f4c T get_partition_info_dos
fe026f84 t fsl_sata_get_wcache
fe026fbc t ata_wait_register
fe027094 t fsl_ata_exec_ata_cmd
fe027794 t fsl_sata_exec_cmd
fe027838 t fsl_sata_rw_cmd
fe027924 t fsl_sata_rw_cmd_ext
fe027a28 T init_sata
fe027dfc T fsl_sata_flush_cache
fe027e84 T fsl_sata_rw_ncq_cmd
fe027fb0 T fsl_sata_flush_cache_ext
fe028038 T ata_low_level_rw_lba48
fe028188 T ata_low_level_rw_lba28
fe028244 T sata_read
fe0282a0 T sata_write
fe028384 T scan_sata
fe0286ec T ata_id_n_sectors
fe028790 T ata_dev_classify
fe028808 T ata_id_c_string
fe0288b0 T ata_swap_buf_le16
fe0288e8 t set_i2c_bus_speed
fe028a68 t i2c_wait4bus
fe028b48 T get_i2c_clock
fe028b60 T i2c_init
fe028c50 T i2c_read
fe0291c0 T i2c_write
fe029588 T i2c_probe
fe029600 T i2c_set_bus_num
fe029640 T i2c_set_bus_speed
fe0296e4 T i2c_get_bus_speed
fe02971c T add_mtd_device
fe0297d0 T get_mtd_device_nm
fe029884 t __flash_write8
fe02988c t __flash_write16
fe029894 t __flash_write32
fe02989c t __flash_write64
fe0298a8 t __flash_read8
fe0298b0 t __flash_read16
fe0298b8 t __flash_read32
fe0298c0 t __flash_read64
fe0298d4 t flash_make_cmd
fe029938 t flash_isequal
fe029a48 t flash_isset
fe029b64 t use_flash_status_poll
fe029b6c t flash_status_poll
fe029b74 t flash_add_byte
fe029c00 t find_sector
fe029d14 t cfi_reverse_geometry
fe029d60 W cfi_flash_bank_addr
fe029d60 t __cfi_flash_bank_addr
fe029d68 W cfi_flash_bank_size
fe029d68 t __cfi_flash_bank_size
fe029d70 T flash_get_info
fe029d98 T flash_write_cmd
fe029e6c t flash_unlock_seq
fe029ec8 t flash_status_check
fe02a1ac t flash_full_status_check
fe02a350 t flash_write_cfiword
fe02a610 T flash_erase
fe02a894 T flash_print_info
fe02ab14 T write_buff
fe02ae20 T flash_real_protect
fe02b238 T __flash_cmd_reset
fe02b238 W flash_cmd_reset
fe02b28c T flash_get_size
fe02bcb4 T flash_protect_default
fe02bd34 T flash_init
fe02be80 T nand_register
fe02bf48 T nand_init
fe02bf8c t scan_read_raw_oob
fe02c0a8 t scan_read_raw
fe02c0fc t bbt_get_ver_offs
fe02c11c t read_bbt
fe02c4e0 t read_abs_bbt
fe02c69c t write_bbt
fe02ce20 t verify_bbt_descr
fe02d060 t check_pattern
fe02d2c0 t create_bbt
fe02d768 t search_bbt
fe02da5c T nand_update_bbt
fe02dc34 t mark_bbt_region
fe02decc T nand_scan_bbt
fe02e45c T nand_default_bbt
fe02e5b0 T nand_isbad_bbt
fe02e61c t check_skip_len
fe02e764 T nand_erase_opts
fe02eb64 T nand_write_skip_bad
fe02edcc T nand_read_skip_bad
fe02f038 T nand_calculate_ecc
fe02f194 T nand_correct_data
fe02f2c4 t nand_release_device
fe02f2f4 T nand_read_byte
fe02f314 t nand_read_byte16
fe02f33c t nand_read_word
fe02f35c T nand_write_buf
fe02f388 T nand_read_buf
fe02f3bc t nand_verify_buf
fe02f44c T nand_write_buf16
fe02f488 T nand_read_buf16
fe02f4cc t nand_verify_buf16
fe02f564 t nand_check_wp
fe02f5e8 t nand_get_device
fe02f5f4 t nand_read_page_raw
fe02f660 t nand_read_page_raw_syndrome
fe02f79c t nand_read_page_swecc
fe02f914 t nand_read_subpage
fe02fc44 t nand_read_page_hwecc
fe02fdf4 t nand_read_page_hwecc_oob_first
fe02ffac t nand_read_page_syndrome
fe030150 t nand_read_oob_std
fe0301d8 t nand_read_oob_syndrome
fe03035c t nand_write_oob_std
fe030424 t nand_write_oob_syndrome
fe030664 t nand_write_page_raw
fe0306cc t nand_write_page_raw_syndrome
fe030804 t nand_write_page_swecc
fe03091c t nand_write_page_hwecc
fe030a54 t nand_write_page_syndrome
fe030bb8 t single_erase_cmd
fe030c28 t multi_erase_cmd
fe030cf8 t nand_sync
fe030d38 t nand_select_chip
fe030db0 t nand_block_checkbad
fe030e7c t nand_block_isbad
fe030ecc t nand_block_markbad
fe030f54 t nand_write_page
fe0310bc t nand_block_bad
fe0312bc t nand_fill_oob
fe03142c t nand_do_write_oob
fe0316c8 t nand_do_write_ops
fe031ab0 t nand_write_oob
fe031bc4 t nand_write
fe031cd4 t nand_transfer_oob
fe031e44 t nand_default_block_markbad
fe032084 t nand_wait
fe0321c0 T nand_wait_ready
fe032244 t nand_do_read_ops
fe0326d0 t nand_read_oob
fe032a90 t nand_read
fe032ba0 t nand_command
fe032dfc t nand_command_lp
fe0330fc T nand_erase_nand
fe033648 t nand_erase
fe03366c T nand_scan_ident
fe033f68 T nand_scan_tail
fe034544 t set_addr
fe034610 t fsl_elbc_do_read
fe03467c t fsl_elbc_select_chip
fe034680 t fsl_elbc_verify_buf
fe0347cc t fsl_elbc_read_byte
fe034848 t fsl_elbc_run_command
fe034998 t fsl_elbc_wait
fe034a7c t fsl_elbc_cmdfunc
fe034e38 t fsl_elbc_read_buf
fe034ee4 t fsl_elbc_read_page
fe034f60 t fsl_elbc_write_buf
fe03504c t fsl_elbc_write_page
fe0350a4 T board_nand_init
fe035360 t wait_for_eepro100
fe0353c0 t read_eeprom
fe035548 t init_rx_ring
fe035644 t eepro100_recv
fe035870 t eepro100_halt
fe035938 t get_phyreg
fe0359f4 t verify_phyaddr
fe035ab0 t eepro100_miiphy_write
fe035bd0 t eepro100_miiphy_read
fe035c70 t eepro100_send
fe035ef0 t eepro100_init
fe036378 T eepro100_initialize
fe03661c t fsl_pq_mdio_reset
fe036658 T tsec_local_mdio_write
fe0366a4 T tsec_phy_write
fe0366cc T tsec_local_mdio_read
fe03673c T tsec_phy_read
fe036760 T fsl_pq_mdio_init
fe0367f0 t tsec_send
fe036910 t tsec_recv
fe036a94 t tsec_halt
fe036b3c t tsec_init
fe036f50 T tsec_eth_init
fe0372cc T tsec_standard_init
fe037330 T genphy_shutdown
fe037338 T genphy_config_advert
fe0374d0 T genphy_setup_forced
fe03754c T genphy_restart_aneg
fe0375bc T genphy_config_aneg
fe037670 T genphy_config
fe037764 T genphy_update_link
fe037914 T genphy_startup
fe037aec T phy_init
fe037b30 T phy_register
fe037b74 T phy_probe
fe037bc8 T get_phy_driver
fe037c54 T phy_device_create
fe037d3c T get_phy_id
fe037df8 T get_phy_device
fe037f28 T phy_reset
fe038030 T phy_connect
fe038104 T phy_startup
fe038144 W board_phy_config
fe038144 t __board_phy_config
fe038184 T phy_config
fe0381a8 T phy_shutdown
fe0381e8 t ar8021_config
fe038254 T phy_atheros_init
fe03828c t bcm54xx_parse_status
fe038390 t bcm54xx_startup
fe0383c8 t bcm5482_config
fe03852c t bcm5461_config
fe038564 t bcm5482_startup
fe038700 T phy_broadcom_init
fe038748 t dm9161_startup
fe0387cc t dm9161_config
fe038860 T phy_davicom_init
fe038898 t lxt971_startup
fe03894c T phy_lxt_init
fe038984 t m88e1011s_config
fe038aa0 t m88e1121_config
fe038b9c t m88e1111s_config
fe038f3c t m88e1118_config
fe039018 t m88e1145_config
fe039148 t m88e1149_config
fe039224 t m88e1xxx_parse_status
fe0393d4 t m88e1118_startup
fe039430 t m88e1145_startup
fe039488 t m88e1011s_startup
fe0394c0 T phy_marvell_init
fe039520 T phy_micrel_init
fe039560 t dp83865_startup
fe0395fc t dp83865_config
fe039654 T phy_natsemi_init
fe03968c t rtl8211b_startup
fe039830 t rtl8211b_config
fe039888 T phy_realtek_init
fe0398c0 t cis8204_config
fe039974 t vitesse_config
fe0399e8 T vsc8601_config
fe039a0c t vitesse_startup
fe039aa8 T phy_vitesse_init
fe039b20 T pci_hose_read_config_byte
fe039b48 T pci_hose_read_config_word
fe039b70 T pci_hose_read_config_dword
fe039b98 T pci_hose_write_config_byte
fe039bc0 T pci_hose_write_config_word
fe039be8 T pci_hose_write_config_dword
fe039c10 T pci_register_hose
fe039c6c T pci_bus_to_hose
fe039cdc T pci_write_config_dword
fe039d4c T pci_write_config_word
fe039dbc T pci_write_config_byte
fe039e2c T pci_read_config_dword
fe039ea4 T pci_read_config_word
fe039f1c T pci_read_config_byte
fe039f94 T pci_last_busno
fe039fe8 T pci_find_devices
fe03a158 T __pci_hose_phys_to_bus
fe03a1f8 T pci_hose_phys_to_bus
fe03a2b0 T __pci_hose_bus_to_phys
fe03a350 T pci_hose_bus_to_phys
fe03a408 T pci_class_str
fe03a570 T __pci_skip_dev
fe03a570 W pci_skip_dev
fe03a588 T pci_hose_scan_bus
fe03a714 T pci_hose_scan
fe03a764 T pci_init
fe03a7a0 T pciauto_region_init
fe03a7b8 T pciauto_region_align
fe03a7d4 T pciauto_region_allocate
fe03a82c T pciauto_setup_device
fe03aa7c T pciauto_prescan_setup_bridge
fe03ac48 T pciauto_postscan_setup_bridge
fe03ad68 T pciauto_config_init
fe03aea0 T pciauto_config_device
fe03b01c t indirect_read_config_byte
fe03b074 t indirect_read_config_word
fe03b0cc t indirect_read_config_dword
fe03b11c t indirect_write_config_byte
fe03b168 t indirect_write_config_word
fe03b1b4 t indirect_write_config_dword
fe03b1f8 T pci_setup_indirect
fe03b254 T GregorianDay
fe03b38c T to_tm
fe03b504 t rtc_write
fe03b540 t rtc_read
fe03b578 T rtc_get
fe03b730 T rtc_set
fe03b8d0 T rtc_reset
fe03b8d4 T NS16550_init
fe03b948 T NS16550_reinit
fe03b9c0 T NS16550_putc
fe03b9e8 T NS16550_getc
fe03ba18 T NS16550_tstc
fe03ba30 t calc_divisor
fe03ba50 T serial_init
fe03bab0 T _serial_putc
fe03bb2c T _serial_puts
fe03bb88 T _serial_getc
fe03bbc8 T _serial_tstc
fe03bc08 T _serial_setbrg
fe03bc60 T serial_putc
fe03bc84 T serial_puts
fe03bca8 T serial_getc
fe03bccc T serial_tstc
fe03bcf0 T serial_setbrg
fe03bd14 t ehci_td_buffer
fe03bdec t handshake
fe03be94 t ehci_submit_async
fe03c658 T __ehci_powerup_fixup
fe03c658 W ehci_powerup_fixup
fe03c67c T ehci_submit_root
fe03ce00 T usb_lowlevel_stop
fe03ce20 T usb_lowlevel_init
fe03d088 T submit_bulk_msg
fe03d0c4 T submit_control_msg
fe03d134 T submit_int_msg
fe03d1c8 T ehci_hcd_init
fe03d390 T ehci_hcd_stop
fe03d398 T get_fs
fe03d3c0 T ext4fs_free_node
fe03d40c T ext4fs_read_file
fe03d6dc T ext4fs_ls
fe03d774 T ext4fs_read
fe03d7e0 T ext4fs_read_inode
fe03d95c T read_allocated_block
fe03e6d8 T ext4fs_close
fe03e7f4 T ext4fs_iterate_dir
fe03ebfc t ext4fs_find_file1
fe03ef90 T ext4fs_find_file
fe03f03c T ext4fs_open
fe03f11c T ext4fs_mount
fe03f268 T ext4fs_set_blk_dev
fe03f2dc T ext4fs_devread
fe03f554 T fdt_check_header
fe03f5c0 T fdt_offset_ptr
fe03f618 T fdt_next_tag
fe03f76c T _fdt_check_node_offset
fe03f7c8 T _fdt_check_prop_offset
fe03f824 T fdt_next_node
fe03f940 T _fdt_find_string
fe03f9e0 T fdt_move
fe03fa60 t _nextprop
fe03fae4 T fdt_string
fe03faf4 T fdt_get_mem_rsv
fe03fb90 T fdt_num_mem_rsv
fe03fbd0 T fdt_subnode_offset_namelen
fe03fd08 T fdt_get_name
fe03fdb8 T fdt_first_property_offset
fe03fdfc T fdt_next_property_offset
fe03fe40 T fdt_get_property_by_offset
fe03fecc T fdt_get_property_namelen
fe03ffc8 T fdt_get_property
fe04003c T fdt_getprop_namelen
fe040070 T fdt_getprop
fe0400e4 T fdt_get_alias_namelen
fe040160 T fdt_path_offset
fe0402ac T fdt_node_offset_by_prop_value
fe040398 T fdt_node_check_compatible
fe040490 T fdt_node_offset_by_compatible
fe040548 t _fdt_blocks_misordered
fe0405a0 t _fdt_rw_check_header
fe040634 t _fdt_packblocks
fe0406e8 t _fdt_splice
fe040774 t _fdt_splice_struct
fe0407e4 t _fdt_splice_mem_rsv
fe040860 T fdt_add_mem_rsv
fe04092c T fdt_del_mem_rsv
fe0409b4 T fdt_setprop
fe040bb4 T fdt_delprop
fe040c48 T fdt_add_subnode_namelen
fe040d90 T fdt_add_subnode
fe040df4 T fdt_del_node
fe040e70 T fdt_open_into
fe041054 T fdt_strerror
fe0410c4 T _fdt_node_end_offset
fe041120 T cyg_crc16
fe041188 T crc32_no_comp
fe0412d0 T crc32
fe0412f8 T crc32_wd
fe041318 T display_options
fe041354 T print_size
fe041558 T print_buffer
fe0417ac T __div64_32
fe0418ec T gzfree
fe041910 T gzalloc
fe04193c T zunzip
fe041aac T gunzip
fe041b90 t drop_var_from_set
fe041c5c t cmpkey
fe041c8c T hcreate_r
fe041d88 T hdestroy_r
fe041e84 T hmatch_r
fe041f80 T hsearch_r
fe042314 T hdelete_r
fe042400 T hexport_r
fe042768 T himport_r
fe042c10 t lmb_addrs_adjacent
fe042c40 t lmb_remove_region
fe042ca4 t lmb_add_region
fe042f34 t lmb_align_down
fe042f40 T lmb_init
fe042f6c T lmb_add
fe042f8c T lmb_free
fe0430a8 T lmb_reserve
fe0430cc T lmb_overlaps_region
fe043134 T __lmb_alloc_base
fe0432e0 T lmb_alloc_base
fe04334c T lmb_alloc
fe043370 T __board_lmb_reserve
fe043370 W board_lmb_reserve
fe043374 T string_to_ip
fe04340c T qsort
fe043560 T strcmp_compar
fe043588 T strncat
fe0435e8 T strncmp
fe04366c T strchr
fe0436b0 T strrchr
fe043714 T strnlen
fe04375c T strdup
fe0437c8 T strpbrk
fe04382c T strstr
fe0438e4 T strmhz
fe043980 T udelay
fe0439e8 T mdelay
fe043a24 t skip_atoi
fe043a7c t put_dec_trunc
fe043b68 t string
fe043c84 t put_dec
fe043e30 t number
fe04417c T simple_strtoul
fe044290 T strict_strtoul
fe04435c T simple_strtol
fe044398 T simple_strtoull
fe044500 T vsprintf
fe044f84 T sprintf
fe044fe0 T panic
fe04505c T zcfree
fe045080 T zcalloc
fe0450a4 T inflate_fast
fe0456d8 T inflate_table
fe045ce0 T inflateReset
fe045d68 T inflateInit2_
fe045ec8 T inflateEnd
fe045f64 T adler32
fe046358 T inflate
fe047fcc T ArpInit
fe048028 T arp_raw_request
fe048130 T ArpRequest
fe0481d8 T ArpTimeoutCheck
fe048270 T ArpReceive
fe048490 t truncate_sz
fe0484ec t BootpHandler
fe04892c T BootpRequest
fe048b74 t BootpTimeout
fe048bd0 t __def_eth_init
fe048bd8 t eth_current_changed
fe048c58 T eth_parse_enetaddr
fe048ce4 T eth_getenv_enetaddr
fe048d60 T eth_setenv_enetaddr
fe048db4 T eth_getenv_enetaddr_by_index
fe048e1c T eth_get_dev_by_name
fe048ed0 T eth_get_dev_index
fe048f10 T eth_write_hwaddr
fe049120 T eth_register
fe0491c4 T eth_initialize
fe049410 T eth_halt
fe049468 T eth_send
fe0494c4 T eth_rx
fe049514 T eth_try_another
fe0495bc T eth_init
fe0496cc T eth_set_current
fe0497a4 T eth_get_name
fe0497dc t startAgainTimeout
fe04980c t dummy_handler
fe049810 T net_auto_load
fe049888 T net_set_udp_handler
fe0498cc T net_get_arp_handler
fe0498f8 T net_set_arp_handler
fe04993c T NetSetTimeout
fe0499bc T NetStartAgain
fe049b14 t net_clear_handlers
fe049b4c t net_cleanup_loop
fe049b6c T NetCksum
fe049bc0 T NetCksumOk
fe049bf0 T NetReceive
fe049e54 T NetEthHdrSize
fe049ea8 T NetSetEther
fe049f70 T net_update_ether
fe04a008 T net_set_ip_header
fe04a0ac T net_set_udp_header
fe04a16c T NetSendUDPPacket
fe04a2b4 T copy_filename
fe04a318 T ip_to_string
fe04a364 T string_to_VLAN
fe04a3c0 T getenv_VLAN
fe04a3e4 t NetInitLoop
fe04a4c0 T net_init
fe04a54c T NetLoop
fe04a904 t basename
fe04a970 t dirname
fe04a9a8 t rpc_add_credentials
fe04aa7c t rpc_lookup_reply
fe04ab60 t nfs_mount_reply
fe04ac2c t nfs_umountall_reply
fe04ace4 t nfs_lookup_reply
fe04ada4 t rpc_req
fe04aec8 t rpc_lookup_req
fe04af24 t nfs_mount_req
fe04afd8 t nfs_umountall_req
fe04b054 t nfs_lookup_req
fe04b120 t nfs_read_req
fe04b1c0 t nfs_readlink_req
fe04b238 t NfsSend
fe04b2f8 t nfs_readlink_reply
fe04b438 t nfs_read_reply
fe04b5cc t NfsHandler
fe04b844 t NfsTimeout
fe04b8b0 T NfsStart
fe04bae8 t ping_timeout
fe04bb24 T ping_start
fe04bc5c T ping_receive
fe04bd90 t TftpSend
fe04bf3c t TftpTimeout
fe04bfc8 t TftpHandler
fe04c330 T TftpStart
fe04c62c T board_early_init_f
fe04c650 T checkboard
fe04c6d0 T pci_init_board
fe04c810 T fdt_tsec1_fixup
fe04c8fc T ft_board_setup
fe04c960 T board_eth_init
fe04c994 T initdram
fe04cb28 T __lshrdi3
fe04cb70 t .LANCHOR0
fe04ccc4 t .LANCHOR1
fe04cd50 t .LANCHOR1
fe04cd60 t .LANCHOR0
fe04cd90 t .LANCHOR1
fe04cdd4 t .LANCHOR2
fe04cddc t .LANCHOR10
fe04cde4 t .L20
fe04ce88 t .L133
fe04cec0 t .L113
fe04cee0 t .L79
fe04cf00 t .L7
fe04cf20 t .LANCHOR0
fe04cf20 t __FUNCTION__.4417
fe04cf34 t .LANCHOR2
fe04cf34 t __FUNCTION__.4474
fe04cf44 t .LANCHOR0
fe04cf44 t __FUNCTION__.4549
fe04cf58 t .LANCHOR1
fe04cf58 t __FUNCTION__.4650
fe04cf64 t .LANCHOR0
fe04cf64 t __FUNCTION__.4796
fe04cf78 t .LANCHOR2
fe04cf78 t __FUNCTION__.4882
fe04cf8c t .LANCHOR0
fe04cf8c t __FUNCTION__.5001
fe04cfa4 t .LANCHOR1
fe04cfa4 t __FUNCTION__.5122
fe04cfb4 t .LANCHOR9
fe04cfb4 t __FUNCTION__.5306
fe04cfc4 t .LANCHOR0
fe04cfc4 t __func__.3988
fe04cfcc t .LANCHOR0
fe04cfcc t __func__.3994
fe04cfdc t .LANCHOR1
fe04cfdc t __func__.4005
fe04cfe8 t .LANCHOR2
fe04cfe8 t __func__.4021
fe04cff8 t .LANCHOR4
fe04cff8 t __func__.4205
fe04d008 t .LANCHOR1
fe04d008 t __func__.4239
fe04d018 t .LANCHOR0
fe04d018 t __func__.4324
fe04d02c t .LANCHOR4
fe04d02c t __func__.4582
fe04d03c t .LANCHOR1
fe04d03c t __func__.4903
fe04d048 t .LANCHOR3
fe04d048 t __func__.5215
fe04d058 t .LANCHOR4
fe04d058 t __func__.5263
fe04d06c T _ctype
fe04d16c t .LANCHOR3
fe04d16c t baudrate_table
fe04d194 t .L9
fe04d1b4 t .L25
fe04d1cc t .L34
fe04d1e4 t .LANCHOR0
fe04d1e4 t crc_table
fe04d5e4 T default_environment
fe04d9a4 t .L17
fe04d9c8 t .LANCHOR0
fe04d9c8 t digits.3926
fe04d9d8 t .L93
fe04da00 t .L71
fe04da50 t .L115
fe04daa4 t .LANCHOR0
fe04daa4 t erase_seq
fe04daa8 t .L18
fe04dad0 t .LANCHOR2
fe04dad0 t flash_offset_cfi
fe04dad8 t .L40
fe04daf0 t .LANCHOR0
fe04daf0 t fsl_sata_info
fe04db00 t .L44
fe04db30 t .L12
fe04db54 T hex_asc
fe04db68 t .LANCHOR0
fe04db68 t i2c_dev
fe04db70 t .LANCHOR5
fe04db70 t i82558_config_cmd
fe04db88 t .L235
fe04dbfc t .L79
fe04dc98 t .LANCHOR0
fe04dc98 t mpc83xx_pcie_cfg_space
fe04dca8 t .LANCHOR0
fe04dca8 t names.3836
fe04dcb0 t .LANCHOR0
fe04dcb0 t nand_ecc_precalc_table
fe04ddb0 t .L669
fe04ddc8 t .L45
fe04ddec t .L56
fe04de0c t .LANCHOR0
fe04de0c t serial_ports
fe04de1c t .L25
fe05b640 t .LANCHOR1
fe05b640 t tab_seq
fe05b64c t .LANCHOR3
fe05b64c t us_direction
fe05b66c t .L37
fe05b688 t .L158
fe05b6cc t .L184
fe05b81c t .L155
fe05b83c t .LANCHOR0
fe05b83c t crc16_tab
fe05ba3c t .LANCHOR1
fe05ba3c t dbase.4179
fe05ba7c t .LANCHOR0
fe05ba7c t dext.4180
fe05babc t .LANCHOR5
fe05babc t distfix
fe05bb3c t .LANCHOR3
fe05bb3c t lbase.4177
fe05bb7a t .LANCHOR4
fe05bb7a t lenfix
fe05c37a t .LANCHOR2
fe05c37a t lext.4178
fe05c3b8 t .LANCHOR6
fe05c3b8 t order.4273
fe05d000 A _erotext
fe05d000 T _GOT2_TABLE_
fe05f160 t _GLOBAL_OFFSET_TABLE_
fe05f16c T _FIXUP_TABLE_
fe060274 d .LANCHOR0
fe060274 d bits.3928
fe0602b4 D corecnf_tab
fe060394 d .LANCHOR0
fe0603a8 d .LANCHOR2
fe0603a8 d phy_interface_strings
fe0603d8 D init_sequence
fe060410 d .LANCHOR1
fe060410 d boot_os
fe06045c d .LANCHOR0
fe06045c d cmd_bootm_sub
fe06053c d .LANCHOR0
fe06053c d weekdays
fe060558 d .LANCHOR1
fe060558 d root.4623
fe06055c d .LANCHOR2
fe06055c d tabs.4705
fe060580 d .LANCHOR4
fe060580 d i2c_dp_last_length
fe060584 d .LANCHOR0
fe060584 d cmd_i2c_sub
fe06069c d .LANCHOR0
fe06069c d op_table
fe060704 d .LANCHOR3
fe060704 d do_echo
fe060708 d .LANCHOR5
fe060708 d dp_last_length
fe06070c d reg_0_desc_tbl
fe060784 d reg_5_desc_tbl
fe060814 d reg_4_desc_tbl
fe0608a4 d reg_1_desc_tbl
fe060964 d reg_2_desc_tbl
fe060970 d reg_3_desc_tbl
fe060994 d .LANCHOR6
fe060994 d reg_0_5_desc_tbl
fe0609c4 d .LANCHOR7
fe0609c4 d desc_and_len_tbl
fe0609f4 d .LANCHOR2
fe0609f4 d env_id
fe0609f8 d .LANCHOR0
fe0609f8 d cmd_env_sub
fe060af4 d .LANCHOR0
fe060af4 d usb_stor_curr_dev
fe060af8 d .LANCHOR3
fe060af8 d trim_threshold
fe060afc d .LANCHOR2
fe060afc d sbrk_base
fe060b00 d .LANCHOR0
fe060b00 d av_
fe060f08 D env_htab
fe060f18 d .LANCHOR2
fe060f18 d of_busses
fe060f2c d .LANCHOR5
fe060f2c d reserved_list
fe060fb0 d .LANCHOR0
fe060fb0 d uimage_os
fe061004 d .LANCHOR2
fe061004 d uimage_type
fe0610d0 d .LANCHOR3
fe0610d0 d uimage_comp
fe061118 d .LANCHOR1
fe061118 d uimage_arch
fe061214 d .LANCHOR5
fe061214 d hist_cur
fe061218 D stdio_names
fe061224 d .LANCHOR0
fe061224 d block_drvr
fe06123c d .LANCHOR1
fe06123c d i2c_bus_num
fe061240 d .LANCHOR2
fe061240 d i2c_bus_speed
fe061248 d .LANCHOR2
fe061248 d bbt_main_descr
fe06126c d .LANCHOR5
fe06126c d bbt_main_descr
fe061290 d .LANCHOR6
fe061290 d bbt_mirror_no_bbt_descr
fe0612b4 d mirror_pattern
fe0612b8 d mirror_pattern
fe0612bc d scan_agand_pattern
fe0612c4 d bbt_pattern
fe0612c8 d bbt_pattern
fe0612cc d .LANCHOR7
fe0612cc d scan_ff_pattern
fe0612d0 d scan_ff_pattern
fe0612d4 d .LANCHOR5
fe0612d4 d bbt_main_no_bbt_descr
fe0612f8 d .LANCHOR4
fe0612f8 d agand_flashbased
fe06131c d .LANCHOR3
fe06131c d bbt_mirror_descr
fe061340 d .LANCHOR6
fe061340 d bbt_mirror_descr
fe061364 D nand_manuf_ids
fe0613b4 D nand_flash_ids
fe061a74 d .LANCHOR5
fe061a74 d nand_oob_8
fe061cbc d .LANCHOR6
fe061cbc d nand_oob_16
fe061f04 d .LANCHOR8
fe061f04 d nand_oob_128
fe06214c d .LANCHOR7
fe06214c d nand_oob_64
fe062394 d .LANCHOR1
fe062394 d fsl_elbc_oob_sp_eccm0
fe0625dc d .LANCHOR0
fe0625dc d fsl_elbc_oob_sp_eccm1
fe062824 d .LANCHOR7
fe062824 d largepage_memorybased
fe062848 d .LANCHOR3
fe062848 d fsl_elbc_oob_lp_eccm0
fe062a90 d .LANCHOR2
fe062a90 d fsl_elbc_oob_lp_eccm1
fe062cd8 d .LANCHOR6
fe062cd8 d supported
fe062cf8 d .LANCHOR5
fe062cf8 d tsec_info
fe062d14 d .LANCHOR0
fe062d14 d phy_drivers
fe062d1c d .LANCHOR1
fe062d1c d genphy_driver
fe062d48 D AR8021_driver
fe062d74 d .LANCHOR1
fe062d74 d BCM5464S_driver
fe062da0 d .LANCHOR0
fe062da0 d BCM5482S_driver
fe062dcc d .LANCHOR2
fe062dcc d BCM5461S_driver
fe062df8 d .LANCHOR0
fe062df8 d DM9161_driver
fe062e24 d .LANCHOR0
fe062e24 d LXT971_driver
fe062e50 d .LANCHOR3
fe062e50 d M88E1121R_driver
fe062e7c d .LANCHOR1
fe062e7c d M88E1149S_driver
fe062ea8 d .LANCHOR2
fe062ea8 d M88E1145_driver
fe062ed4 d .LANCHOR6
fe062ed4 d M88E1011S_driver
fe062f00 d .LANCHOR5
fe062f00 d M88E1111S_driver
fe062f2c d .LANCHOR4
fe062f2c d M88E1118_driver
fe062f58 d .LANCHOR0
fe062f58 d KSZ804_driver
fe062f84 d .LANCHOR1
fe062f84 d KS8721_driver
fe062fb0 d .LANCHOR0
fe062fb0 d DP83865_driver
fe062fdc d .LANCHOR0
fe062fdc d RTL8211B_driver
fe063008 d .LANCHOR0
fe063008 d VSC8641_driver
fe063034 d .LANCHOR5
fe063034 d VSC8221_driver
fe063060 d .LANCHOR6
fe063060 d VSC8662_driver
fe06308c d .LANCHOR1
fe06308c d VSC8601_driver
fe0630b8 d .LANCHOR3
fe0630b8 d VSC8244_driver
fe0630e4 d .LANCHOR4
fe0630e4 d VSC8211_driver
fe063110 d .LANCHOR7
fe063110 d cis8201_driver
fe06313c d .LANCHOR2
fe06313c d VSC8234_driver
fe063168 d .LANCHOR8
fe063168 d cis8204_driver
fe063194 d .LANCHOR1
fe063194 d month_days
fe0631c4 d .LANCHOR2
fe0631c4 d descriptor
fe0631fc d .LANCHOR0
fe0631fc d fdt_errtable
fe063230 D z_errmsg
fe063258 d .LANCHOR9
fe063258 d first_call.3971
fe06325c d .LANCHOR11
fe06325c d nfs_offset
fe063260 d .LANCHOR9
fe063260 d TftpTimeoutCountMax
fe063264 d .LANCHOR3
fe063264 d TftpBlkSizeOption
fe063268 d .LANCHOR2
fe063268 d TftpTimeoutMSecs
fe06326c d .LANCHOR10
fe06326c d TftpBlkSize
fe063270 d .LANCHOR2
fe063278 d .LANCHOR1
fe063278 d pci_regions
fe0632b4 d pcie_regions_0
fe0632dc d pcie_regions_1
fe063304 d .LANCHOR0
fe063304 d rev_str.5587
fe063318 D load_addr
fe06331c D sata_curr_device
fe063320 D env_name_spec
fe063324 D env_ptr
fe063328 V board_hwconfig
fe06332c V cpu_hwconfig
fe063330 D nand_curr_device
fe063334 D ext4fs_indir1_blkno
fe063338 D ext4fs_indir2_blkno
fe06333c D ext4fs_indir3_blkno
fe063340 D NetOurVLAN
fe063342 D NetOurNativeVLAN
fe063344 D NetBcastAddr
fe06334c D TftpRRQTimeoutCountMax
fe063350 A __u_boot_cmd_start
fe063350 A _edata
fe063350 D __u_boot_cmd_clocks
fe06336c D __u_boot_cmd_bdinfo
fe063388 D __u_boot_cmd_reset
fe0633a4 D __u_boot_cmd_go
fe0633c0 D __u_boot_cmd_imls
fe0633dc D __u_boot_cmd_iminfo
fe0633f8 D __u_boot_cmd_bootd
fe063414 D __u_boot_cmd_boot
fe063430 D __u_boot_cmd_bootm
fe06344c D __u_boot_cmd_coninfo
fe063468 D __u_boot_cmd_date
fe063484 D __u_boot_cmd_echo
fe0634a0 D __u_boot_cmd_exit
fe0634bc D __u_boot_cmd_ext2load
fe0634d8 D __u_boot_cmd_ext2ls
fe0634f4 D __u_boot_cmd_fdt
fe063510 D __u_boot_cmd_protect
fe06352c D __u_boot_cmd_erase
fe063548 D __u_boot_cmd_flinfo
fe063564 D __u_boot_cmd_question_mark
fe063580 D __u_boot_cmd_help
fe06359c D __u_boot_cmd_i2c
fe0635b8 D __u_boot_cmd_itest
fe0635d4 D __u_boot_cmd_loady
fe0635f0 D __u_boot_cmd_loadb
fe06360c D __u_boot_cmd_loads
fe063628 D __u_boot_cmd_mdio
fe063644 D __u_boot_cmd_mtest
fe063660 D __u_boot_cmd_loop
fe06367c D __u_boot_cmd_base
fe063698 D __u_boot_cmd_crc32
fe0636b4 D __u_boot_cmd_cmp
fe0636d0 D __u_boot_cmd_cp
fe0636ec D __u_boot_cmd_mw
fe063708 D __u_boot_cmd_nm
fe063724 D __u_boot_cmd_mm
fe063740 D __u_boot_cmd_md
fe06375c D __u_boot_cmd_mii
fe063778 D __u_boot_cmd_sleep
fe063794 D __u_boot_cmd_mtdparts
fe0637b0 D __u_boot_cmd_chpart
fe0637cc D __u_boot_cmd_nboot
fe0637e8 D __u_boot_cmd_nand
fe063804 D __u_boot_cmd_ping
fe063820 D __u_boot_cmd_nfs
fe06383c D __u_boot_cmd_tftpboot
fe063858 D __u_boot_cmd_bootp
fe063874 D __u_boot_cmd_run
fe063890 D __u_boot_cmd_setenv
fe0638ac D __u_boot_cmd_printenv
fe0638c8 D __u_boot_cmd_editenv
fe0638e4 D __u_boot_cmd_env
fe063900 D __u_boot_cmd_saveenv
fe06391c D __u_boot_cmd_pci
fe063938 D __u_boot_cmd_sata
fe063954 D __u_boot_cmd_source
fe063970 D __u_boot_cmd_true
fe06398c D __u_boot_cmd_false
fe0639a8 D __u_boot_cmd_test
fe0639c4 D __u_boot_cmd_usbboot
fe0639e0 D __u_boot_cmd_usb
fe0639fc D __u_boot_cmd_version
fe063a18 D __u_boot_cmd_imxtract
fe063a34 D __u_boot_cmd_showvar
fe063a50 A __start___ex_table
fe063a50 A __stop___ex_table
fe063a50 A __u_boot_cmd_end
fe064000 A __bss_start
fe064000 A __init_begin
fe064000 A __init_end
fe064000 b .LANCHOR0
fe064000 b pci_hose
fe0641c0 b .LANCHOR1
fe0641c0 b pci_num_buses
fe0641c4 b .LANCHOR1
fe0641c4 b timestamp
fe0641c8 b .LANCHOR0
fe0641c8 b decrementer_count
fe0641cc b .LANCHOR0
fe0641cc b data.4616
fe0645cc b .LANCHOR6
fe0645cc b i2c_mm_last_addr
fe0645d0 b .LANCHOR5
fe0645d0 b i2c_mm_last_chip
fe0645d4 b .LANCHOR7
fe0645d4 b i2c_mm_last_alen
fe0645d8 b .LANCHOR2
fe0645d8 b i2c_dp_last_addr
fe0645dc b .LANCHOR1
fe0645dc b i2c_dp_last_chip
fe0645e0 b .LANCHOR3
fe0645e0 b i2c_dp_last_alen
fe0645e4 b .LANCHOR8
fe0645e4 b os_data_addr_saved
fe0645e8 b .LANCHOR4
fe0645e8 b a_b
fe064600 b .LANCHOR0
fe064600 b os_data_state
fe064604 b .LANCHOR5
fe064604 b k_data_escape
fe064608 b .LANCHOR1
fe064608 b os_data_addr
fe06460c b .LANCHOR2
fe06460c b bin_start_address
fe064610 b .LANCHOR6
fe064610 b k_data_escape_saved
fe064614 b .LANCHOR7
fe064614 b os_data_state_saved
fe064618 b .LANCHOR5
fe064618 b last_reg_hi
fe06461c b .LANCHOR4
fe06461c b last_reg_hi
fe064620 b .LANCHOR6
fe064620 b last_data
fe064624 b .LANCHOR5
fe064624 b last_data
fe064628 b .LANCHOR3
fe064628 b last_devad_hi
fe06462c b .LANCHOR4
fe06462c b last_reg_lo
fe064630 b .LANCHOR3
fe064630 b last_reg_lo
fe064634 b .LANCHOR0
fe064634 b last_addr_lo
fe064638 b .LANCHOR1
fe064638 b last_addr_lo
fe06463c b .LANCHOR7
fe06463c b last_op
fe064640 b .LANCHOR0
fe064640 b last_op
fe064644 b .LANCHOR1
fe064644 b last_addr_hi
fe064648 b .LANCHOR2
fe064648 b last_addr_hi
fe06464c b .LANCHOR2
fe06464c b last_devad_lo
fe064650 b .LANCHOR3
fe064650 b dp_last_addr
fe064654 b .LANCHOR0
fe064654 b base_address
fe064658 b .LANCHOR2
fe064658 b mm_last_size
fe06465c b .LANCHOR1
fe06465c b mm_last_addr
fe064660 b .LANCHOR4
fe064660 b dp_last_size
fe064664 b .LANCHOR3
fe064664 b last_ids
fe0646e4 b .LANCHOR2
fe0646e4 b initialized.5092
fe0646e8 b .LANCHOR1
fe0646e8 b last_parts
fe0648e8 b .LANCHOR0
fe0648e8 b last_partition
fe0648f8 b .LANCHOR0
fe0648f8 b last.4839
fe064900 b .LANCHOR0
fe064900 b tmp_buf.3884
fe064b00 b .LANCHOR1
fe064b00 b tmp_buf
fe064c00 b .LANCHOR1
fe064c00 b ctrlc_was_pressed
fe064c04 b .LANCHOR0
fe064c04 b ctrlc_disabled
fe064c08 b .LANCHOR6
fe064c08 b max_total_mem
fe064c0c b .LANCHOR5
fe064c0c b max_sbrked_mem
fe064c10 b .LANCHOR4
fe064c10 b top_pad
fe064c14 b .LANCHOR1
fe064c14 b current_mallinfo
fe064c3c b .LANCHOR1
fe064c3c b flag_repeat
fe064c40 b .LANCHOR3
fe064c40 b the_command.4088
fe064d40 b .LANCHOR4
fe064d40 b buf.4288
fe064d68 b .LANCHOR7
fe064d68 b ifs
fe064d6c b .LANCHOR6
fe064d6c b map
fe064e6c b .LANCHOR2
fe064e6c b do_repeat
fe064e70 b .LANCHOR0
fe064e70 b top_vars
fe064e74 b .LANCHOR3
fe064e74 b hist_max
fe064e78 b .LANCHOR2
fe064e78 b initted.4082
fe064e7c b .LANCHOR4
fe064e7c b hist_add_idx
fe064e80 b .LANCHOR1
fe064e80 b current_mii
fe064e84 b .LANCHOR0
fe064e84 b mii_devs
fe064e8c b .LANCHOR0
fe064e8c b devs
fe064ec8 B stdio_devices
fe064ed4 b .LANCHOR2
fe064ed4 b dev_index
fe064ed8 b .LANCHOR3
fe064ed8 b running
fe064ee0 b .LANCHOR1
fe064ee0 b usb_dev
fe06fae0 b .LANCHOR0
fe06fae0 b asynch_allowed
fe06fae4 b .LANCHOR0
fe06fae4 b usb_hub_index
fe06fae8 b .LANCHOR1
fe06fae8 b hub_dev
fe06fbe8 b .LANCHOR5
fe06fbe8 b usb_stor
fe06fcec b .LANCHOR1
fe06fcec b usb_dev_desc
fe06ff1c b .LANCHOR0
fe06ff1c b usb_max_devs
fe06ff20 b .LANCHOR4
fe06ff20 b CBWTag
fe06ff40 b .LANCHOR2
fe06ff40 b usb_ccb
fe06ffe0 b .LANCHOR0
fe06ffe0 b xyz
fe07041c b .LANCHOR0
fe07041c b saved_sector.4168
fe070420 b .LANCHOR1
fe070420 b saved_info.4169
fe070424 b .LANCHOR1
fe070424 b total_nand_size
fe070428 b .LANCHOR0
fe070428 b dev_name
fe070430 b .LANCHOR4
fe070430 b elbc_ctrl
fe070434 b .LANCHOR3
fe070434 b tx_ring
fe070454 b .LANCHOR1
fe070454 b rx_next
fe070458 b .LANCHOR4
fe070458 b tx_threshold
fe07045c b .LANCHOR0
fe07045c b rx_ring
fe071c9c b .LANCHOR2
fe071c9c b tx_next
fe071ca0 b .LANCHOR1
fe071ca0 b rtx
fe071cd0 b .LANCHOR4
fe071cd0 b privlist
fe071cf0 b .LANCHOR0
fe071cf0 b txIdx
fe071cf4 b .LANCHOR3
fe071cf4 b num_tsecs
fe071cf8 b .LANCHOR2
fe071cf8 b rxIdx
fe071cfc b .LANCHOR0
fe071cfc b hose_head
fe071d00 b .LANCHOR3
fe071d00 b portreset
fe071d20 b .LANCHOR0
fe071d20 b __qh_list
fe071d80 b .LANCHOR0
fe071d80 b symlinknest
fe071d84 b .LANCHOR1
fe071d84 b part_info
fe071d88 b .LANCHOR0
fe071d88 b ext4fs_block_dev_desc
fe071d8c b .LANCHOR6
fe071d8c b env_changed_id.4498
fe071d90 b .LANCHOR5
fe071d90 b act.4497
fe071d94 b .LANCHOR4
fe071d94 b first_failed.4492
fe071d98 b .LANCHOR3
fe071d98 b index.4445
fe071d9c b .LANCHOR1
fe071d9c b eth_devices
fe071da0 b .LANCHOR2
fe071da0 b timeHandler
fe071da4 b .LANCHOR0
fe071da4 b udp_packet_handler
fe071da8 b .LANCHOR6
fe071da8 b NetRestarted
fe071dac b .LANCHOR5
fe071dac b NetTryCount
fe071db0 b .LANCHOR4
fe071db0 b timeDelta
fe071db4 b .LANCHOR7
fe071db4 b NetDevExists
fe071db8 B NetOurHostName
fe071dd8 B NetOurRootPath
fe071e18 b .LANCHOR3
fe071e18 b timeStart
fe071e1c B NetOurNISDomain
fe071e3c b .LANCHOR8
fe071e3c b env_changed_id.3960
fe071e40 b .LANCHOR1
fe071e40 b arp_packet_handler
fe071e44 b .LANCHOR7
fe071e44 b NfsOurPort
fe071e48 b .LANCHOR6
fe071e48 b NfsServerIP
fe071e4c b .LANCHOR10
fe071e4c b nfs_filename
fe071e50 b .LANCHOR12
fe071e50 b nfs_len
fe071e54 b .LANCHOR1
fe071e54 b NfsSrvMountPort
fe071e58 b .LANCHOR4
fe071e58 b dirfh
fe071e78 b .LANCHOR2
fe071e78 b NfsSrvNfsPort
fe071e7c b .LANCHOR0
fe071e7c b rpc_id
fe071e80 b .LANCHOR3
fe071e80 b fs_mounted
fe071e84 b .LANCHOR13
fe071e84 b nfs_download_state
fe071e88 b .LANCHOR15
fe071e88 b nfs_path_buff
fe072688 b .LANCHOR9
fe072688 b nfs_path
fe07268c b .LANCHOR5
fe07268c b filefh
fe0726ac b .LANCHOR8
fe0726ac b NfsState
fe0726b0 b .LANCHOR16
fe0726b0 b default_filename
fe0726f0 b .LANCHOR14
fe0726f0 b default_filename
fe072700 b .LANCHOR14
fe072700 b NfsTimeoutCount
fe072704 b .LANCHOR0
fe072704 b PingSeqNo
fe072708 b .LANCHOR8
fe072708 b TftpTimeoutCount
fe07270c b .LANCHOR5
fe07270c b TftpRemoteIP
fe072710 b .LANCHOR11
fe072710 b TftpBlockWrap
fe072714 b .LANCHOR4
fe072714 b TftpBlock
fe072718 b .LANCHOR7
fe072718 b TftpOurPort
fe07271c b .LANCHOR0
fe07271c b TftpState
fe072720 b .LANCHOR6
fe072720 b TftpRemotePort
fe072724 b .LANCHOR12
fe072724 b TftpBlockWrapOffset
fe072728 b .LANCHOR13
fe072728 b TftpLastBlock
fe07272c b .LANCHOR1
fe07272c b tftp_filename
fe0727ac B monitor_flash_len
fe0727b0 B current_mtd_partnum
fe0727b4 B current_mtd_dev
fe0727b8 B mem_malloc_brk
fe0727bc B mem_malloc_end
fe0727c0 B mem_malloc_start
fe0727c4 B hist_num
fe0727c8 B usb_started
fe0727cc B save_addr
fe0727d0 B his_pad_char
fe0727d4 B os_data_init
fe0727d8 B nesting_level
fe0727dc B send_ptr
fe0727e0 B last_return_code
fe0727e4 B working_fdt
fe0727e8 B os_data_char
fe0727ec B mtdids
fe0727f4 B save_size
fe0727f8 B his_eol
fe0727fc B devices
fe072804 B his_quote
fe072808 B his_pad_count
fe07280c B rootdev
fe072810 B hccr
fe072814 B hcor
fe072818 B part_offset
fe07281c B ext4fs_indir1_size
fe072820 B ext4fs_indir2_block
fe072824 B ext4fs_indir3_block
fe072828 B ext4fs_symlinknest
fe07282c B ext4fs_indir3_size
fe072830 B g_parent_inode
fe072834 B ext4fs_indir2_size
fe072838 B ext4fs_indir1_block
fe07283c B ext4fs_file
fe072840 B ext4fs_root
fe072844 B errno
fe072848 B NetArpWaitTry
fe07284c B NetArpWaitPacketMAC
fe072850 B NetOurEther
fe072858 B NetOurIP
fe07285c B NetPingIP
fe072860 B NetServerIP
fe072864 B NetArpWaitTxPacketSize
fe072868 B NetArpWaitReplyIP
fe07286c B NetArpWaitPacketIP
fe072870 B BootpTry
fe072874 B eth_current
fe072878 B NetServerEther
fe072880 B NetOurSubnetMask
fe072884 B NetBootFileSize
fe072888 B NetIPID
fe07288c B NetRxPacket
fe072890 B net_state
fe072894 B BootpID
fe072898 B NetOurGatewayIP
fe07289c B NetEtherNullAddr
fe0728a4 B NetRestartWrap
fe0728a8 B NetArpTxPacket
fe0728ac B NetTxPacket
fe0728b0 B NetBootFileXferSize
fe0728b4 B NetOurDNSIP
fe0728b8 B NetRxPacketLen
fe0728bc B NetArpWaitTimerStart
fe0728c0 B console_buffer
fe0729c4 B hist_list
fe072a14 B hist_lines
fe073e28 B images
fe073f58 B sata_dev_desc
fe074038 B send_parms
fe07404c B flash_info
fe074308 B mtd_table
fe074388 B nand_info
fe074430 B ext_fs
fe074478 B NetArpPacketBuf
fe074a98 B NetRxPackets
fe074aa8 B BootFile
fe074b28 B PktBuf
fe076948 A __bss_end__
