Archive member included because of file (symbol)

/home/kb310/PPC/tool-chain/lib/gcc/powerpc-e300c3-linux-gnu/4.7.0/libgcc.a(_lshrdi3.o)
                              drivers/mtd/nand/libnand.o (__lshrdi3)

Allocating common symbols
Common symbol       size              file

ext_fs              0x48              fs/ext4/libext4fs.o
console_buffer      0x101             common/libcommon.o
NetArpPacketBuf     0x620             net/libnet.o
NetArpWaitTry       0x4               net/libnet.o
NetArpWaitPacketMAC
                    0x4               net/libnet.o
hist_list           0x50              common/libcommon.o
flash_info          0x2bc             drivers/mtd/libmtd.o
hist_lines          0x1414            common/libcommon.o
NetOurEther         0x6               net/libnet.o
NetOurIP            0x4               net/libnet.o
NetPingIP           0x4               net/libnet.o
part_offset         0x4               fs/ext4/libext4fs.o
NetServerIP         0x4               net/libnet.o
usb_started         0x1               common/libcommon.o
monitor_flash_len   0x4               arch/powerpc/lib/libpowerpc.o
save_addr           0x4               common/libcommon.o
___strtok           0x4               lib/libgeneric.o
NetArpWaitTxPacketSize
                    0x4               net/libnet.o
NetArpWaitReplyIP   0x4               net/libnet.o
NetRxPackets        0x10              net/libnet.o
ext4fs_indir1_size  0x4               fs/ext4/libext4fs.o
NetArpWaitPacketIP  0x4               net/libnet.o
BootpTry            0x4               net/libnet.o
ext4fs_indir2_block
                    0x4               fs/ext4/libext4fs.o
nand_info           0xa8              drivers/mtd/nand/libnand.o
BootFile            0x80              net/libnet.o
eth_current         0x4               net/libnet.o
ext4fs_indir3_block
                    0x4               fs/ext4/libext4fs.o
his_pad_char        0x1               common/libcommon.o
NetServerEther      0x6               net/libnet.o
ext4fs_symlinknest  0x4               fs/ext4/libext4fs.o
rootdev             0x4               drivers/usb/host/libusb_host.o
hccr                0x4               drivers/usb/host/libusb_host.o
os_data_init        0x4               common/libcommon.o
NetOurSubnetMask    0x4               net/libnet.o
NetBootFileSize     0x2               net/libnet.o
NetIPID             0x4               net/libnet.o
NetRxPacket         0x4               net/libnet.o
mtd_table           0x80              drivers/mtd/libmtd.o
net_state           0x4               net/libnet.o
nesting_level       0x4               common/libcommon.o
images              0x130             common/libcommon.o
send_ptr            0x4               common/libcommon.o
hcor                0x4               drivers/usb/host/libusb_host.o
BootpID             0x4               net/libnet.o
last_return_code    0x4               common/libcommon.o
NetOurGatewayIP     0x4               net/libnet.o
NetEtherNullAddr    0x6               net/libnet.o
working_fdt         0x4               common/libcommon.o
ext4fs_indir3_size  0x4               fs/ext4/libext4fs.o
g_parent_inode      0x4               fs/ext4/libext4fs.o
os_data_char        0x4               common/libcommon.o
mtdids              0x8               common/libcommon.o
NetRestartWrap      0x4               net/libnet.o
NetArpTxPacket      0x4               net/libnet.o
ext4fs_indir2_size  0x4               fs/ext4/libext4fs.o
ext4fs_indir1_block
                    0x4               fs/ext4/libext4fs.o
save_size           0x4               common/libcommon.o
ext4fs_file         0x4               fs/ext4/libext4fs.o
his_eol             0x1               common/libcommon.o
NetTxPacket         0x4               net/libnet.o
devices             0x8               common/libcommon.o
his_quote           0x1               common/libcommon.o
NetBootFileXferSize
                    0x4               net/libnet.o
ext4fs_root         0x4               fs/ext4/libext4fs.o
NetOurDNSIP         0x4               net/libnet.o
NetRxPacketLen      0x4               net/libnet.o
sata_dev_desc       0xe0              common/libcommon.o
PktBuf              0x1e20            net/libnet.o
send_parms          0x14              common/libcommon.o
his_pad_count       0x4               common/libcommon.o
NetArpWaitTimerStart
                    0x4               net/libnet.o

Discarded input sections

 .data          0x0000000000000000        0x0 arch/powerpc/cpu/mpc83xx/start.o
 .bss           0x0000000000000000        0x0 arch/powerpc/cpu/mpc83xx/start.o
 .text          0x0000000000000000        0x0 arch/powerpc/cpu/mpc83xx/libmpc83xx.o
 .text.SoftEmuException
                0x0000000000000000       0x34 arch/powerpc/cpu/mpc83xx/libmpc83xx.o
 .text.addr_probe
                0x0000000000000000        0x8 arch/powerpc/cpu/mpc83xx/libmpc83xx.o
 .text.cpu_mmc_init
                0x0000000000000000        0x8 arch/powerpc/cpu/mpc83xx/libmpc83xx.o
[...]
Memory Configuration

Name             Origin             Length             Attributes
*default*        0x0000000000000000 0xffffffffffffffff

Linker script and memory map


.text           0x00000000fe000000    0x5c552
 arch/powerpc/cpu/mpc83xx/start.o(.text*)
 .text          0x00000000fe000000     0x3814 arch/powerpc/cpu/mpc83xx/start.o
                0x00000000fe000044                version_string
                0x00000000fe000084                enable_addr_trans
                0x00000000fe000098                disable_addr_trans
                0x00000000fe0000b8                get_pvr
                0x00000000fe0000c0                ppcDWstore
                0x00000000fe0000cc                ppcDWload
                0x00000000fe000100                _start
                0x00000000fe0001a8                _start_of_vectors
                0x00000000fe002fa4                _end_of_vectors
                0x00000000fe003000                transfer_to_handler
                0x00000000fe003178                init_e300_core
                0x00000000fe0031f0                setup_bats
                0x00000000fe003394                icache_enable
                0x00000000fe0033bc                icache_disable
                0x00000000fe0033d8                icache_status
                0x00000000fe0033e4                dcache_enable
                0x00000000fe003400                dcache_disable
                0x00000000fe003430                dcache_status
                0x00000000fe00343c                flush_dcache
                0x00000000fe003460                relocate_code
                0x00000000fe003608                trap_init
                0x00000000fe003700                unlock_ram_in_cache
 *(.text*)
 .text.print_backtrace
                0x00000000fe003814      0x110 arch/powerpc/cpu/mpc83xx/libmpc83xx.o
                0x00000000fe003814                print_backtrace
 .text.show_regs
                0x00000000fe003924       0xfc arch/powerpc/cpu/mpc83xx/libmpc83xx.o
                0x00000000fe003924                show_regs
 .text._exception
                0x00000000fe003a20       0x48 arch/powerpc/cpu/mpc83xx/libmpc83xx.o
                0x00000000fe003a20                _exception
 .text.dump_pci
                0x00000000fe003a68        0x4 arch/powerpc/cpu/mpc83xx/libmpc83xx.o
                0x00000000fe003a68                dump_pci
 .text.MachineCheckException
                0x00000000fe003a6c       0xfc arch/powerpc/cpu/mpc83xx/libmpc83xx.o
                0x00000000fe003a6c                MachineCheckException
 .text.AlignmentException
                0x00000000fe003b68       0x34 arch/powerpc/cpu/mpc83xx/libmpc83xx.o
                0x00000000fe003b68                AlignmentException
 .text.ProgramCheckException
                0x00000000fe003b9c       0x34 arch/powerpc/cpu/mpc83xx/libmpc83xx.o
                0x00000000fe003b9c                ProgramCheckException
 .text.UnknownException
                0x00000000fe003bd0       0x58 arch/powerpc/cpu/mpc83xx/libmpc83xx.o
                0x00000000fe003bd0                UnknownException
 .text.DebugException
                0x00000000fe003c28       0x4c arch/powerpc/cpu/mpc83xx/libmpc83xx.o
                0x00000000fe003c28                DebugException
 .text.checkcpu
                0x00000000fe003c74      0x1e0 arch/powerpc/cpu/mpc83xx/libmpc83xx.o
                0x00000000fe003c74                checkcpu
 .text.do_reset
                0x00000000fe003e54       0x88 arch/powerpc/cpu/mpc83xx/libmpc83xx.o
                0x00000000fe003e54                do_reset
 .text.get_tbclk
                0x00000000fe003edc       0x10 arch/powerpc/cpu/mpc83xx/libmpc83xx.o
                0x00000000fe003edc                get_tbclk
 .text.cpu_eth_init
                0x00000000fe003eec       0x24 arch/powerpc/cpu/mpc83xx/libmpc83xx.o
                0x00000000fe003eec                cpu_eth_init
 .text.cpu_init_f
                0x00000000fe003f10      0x150 arch/powerpc/cpu/mpc83xx/libmpc83xx.o
                0x00000000fe003f10                cpu_init_f
 .text.cpu_init_r
                0x00000000fe004060        0x8 arch/powerpc/cpu/mpc83xx/libmpc83xx.o
                0x00000000fe004060                cpu_init_r
 .text.prt_83xx_rsr
                0x00000000fe004068       0xb4 arch/powerpc/cpu/mpc83xx/libmpc83xx.o
                0x00000000fe004068                prt_83xx_rsr
 .text.do_clocks
                0x00000000fe00411c      0x1a0 arch/powerpc/cpu/mpc83xx/libmpc83xx.o
                0x00000000fe00411c                do_clocks
 .text.get_clocks
                0x00000000fe0042bc      0x498 arch/powerpc/cpu/mpc83xx/libmpc83xx.o
                0x00000000fe0042bc                get_clocks
 .text.interrupt_init_cpu
                0x00000000fe004754       0x30 arch/powerpc/cpu/mpc83xx/libmpc83xx.o
                0x00000000fe004754                interrupt_init_cpu
 .text.external_interrupt
                0x00000000fe004784        0x4 arch/powerpc/cpu/mpc83xx/libmpc83xx.o
                0x00000000fe004784                external_interrupt
 .text.irq_install_handler
                0x00000000fe004788        0x4 arch/powerpc/cpu/mpc83xx/libmpc83xx.o
                0x00000000fe004788                irq_install_handler
 .text.irq_free_handler
                0x00000000fe00478c        0x4 arch/powerpc/cpu/mpc83xx/libmpc83xx.o
                0x00000000fe00478c                irq_free_handler
 .text.timer_interrupt_cpu
                0x00000000fe004790        0x4 arch/powerpc/cpu/mpc83xx/libmpc83xx.o
                0x00000000fe004790                timer_interrupt_cpu
 .text.mpc83xx_pci_init
                0x00000000fe004794      0x3bc arch/powerpc/cpu/mpc83xx/libmpc83xx.o
                0x00000000fe004794                mpc83xx_pci_init
 .text.ft_pci_setup
                0x00000000fe004b50      0x158 arch/powerpc/cpu/mpc83xx/libmpc83xx.o
                0x00000000fe004b50                ft_pci_setup
 .text.mpc83xx_pcie_init
                0x00000000fe004ca8      0x49c arch/powerpc/cpu/mpc83xx/libmpc83xx.o
                0x00000000fe004ca8                mpc83xx_pcie_init
 .text.ft_cpu_setup
                0x00000000fe005144      0x1dc arch/powerpc/cpu/mpc83xx/libmpc83xx.o
                0x00000000fe005144                ft_cpu_setup
 .text.invalidate_dcache_range
                0x00000000fe005320        0x4 arch/powerpc/cpu/mpc83xx/libmpc83xx.o
                0x00000000fe005320                invalidate_dcache_range
 .text.flush_dcache_range
                0x00000000fe005324        0x4 arch/powerpc/cpu/mpc83xx/libmpc83xx.o
                0x00000000fe005324                flush_dcache_range
 .text.board_add_ram_info
                0x00000000fe005328       0xd4 arch/powerpc/cpu/mpc83xx/libmpc83xx.o
                0x00000000fe005328                board_add_ram_info
 .text.fdt_fixup_usb_mode_phy_type
                0x00000000fe0053fc      0x150 arch/powerpc/cpu/mpc8xxx/lib8xxx.o
 .text.fdt_fixup_dr_usb
                0x00000000fe00554c      0x28c arch/powerpc/cpu/mpc8xxx/lib8xxx.o
                0x00000000fe00554c                fdt_fixup_dr_usb
 .text.fdt_fixup_crypto_node
                0x00000000fe0057d8      0x294 arch/powerpc/cpu/mpc8xxx/lib8xxx.o
                0x00000000fe0057d8                fdt_fixup_crypto_node
 .text.init_early_memctl_regs
                0x00000000fe005a6c       0x60 arch/powerpc/cpu/mpc8xxx/lib8xxx.o
                0x00000000fe005a6c                init_early_memctl_regs
 .text          0x00000000fe005acc      0x334 arch/powerpc/lib/libpowerpc.o
                0x00000000fe005acc                ppcDcbf
                0x00000000fe005ad4                ppcDcbi
                0x00000000fe005adc                ppcDcbz
                0x00000000fe005ae4                ppcSync
                0x00000000fe005aec                strcpy
                0x00000000fe005b08                strncpy
                0x00000000fe005b30                strcat
                0x00000000fe005b5c                strcmp
                0x00000000fe005b80                strlen
                0x00000000fe005b98                memset
                0x00000000fe005bf4                bcopy
                0x00000000fe005c04                memmove
                0x00000000fe005c0c                memcpy
                0x00000000fe005ca8                backwards_memcpy
                0x00000000fe005d30                memcmp
                0x00000000fe005d60                memchr
                0x00000000fe005d88                get_ticks
                0x00000000fe005da0                wait_ticks
                0x00000000fe005dd8                trap_reloc
 .text.init_func_i2c
                0x00000000fe005e00       0x50 arch/powerpc/lib/libpowerpc.o
 .text.init_baudrate
                0x00000000fe005e50       0x54 arch/powerpc/lib/libpowerpc.o
 .text.init_func_ram
                0x00000000fe005ea4       0x8c arch/powerpc/lib/libpowerpc.o
 .text.__board_flash_wp_on
                0x00000000fe005f30        0x8 arch/powerpc/lib/libpowerpc.o
                0x00000000fe005f30                __board_flash_wp_on
                0x00000000fe005f30                board_flash_wp_on
 .text.__cpu_secondary_init_r
                0x00000000fe005f38        0x4 arch/powerpc/lib/libpowerpc.o
                0x00000000fe005f38                cpu_secondary_init_r
                0x00000000fe005f38                __cpu_secondary_init_r
 .text.get_effective_memsize
                0x00000000fe005f3c        0x8 arch/powerpc/lib/libpowerpc.o
                0x00000000fe005f3c                get_effective_memsize
 .text.hang     0x00000000fe005f44       0x2c arch/powerpc/lib/libpowerpc.o
                0x00000000fe005f44                hang
 .text.board_init_r
                0x00000000fe005f70      0x158 arch/powerpc/lib/libpowerpc.o
                0x00000000fe005f70                board_init_r
 .text.board_init_f
                0x00000000fe0060c8      0x108 arch/powerpc/lib/libpowerpc.o
                0x00000000fe0060c8                board_init_f
 .text.boot_cmdline_linux
                0x00000000fe0061d0       0x70 arch/powerpc/lib/libpowerpc.o
 .text.boot_bd_t_linux
                0x00000000fe006240       0xb4 arch/powerpc/lib/libpowerpc.o
 .text.boot_jump_linux
                0x00000000fe0062f4       0xb0 arch/powerpc/lib/libpowerpc.o
 .text.arch_lmb_reserve
                0x00000000fe0063a4       0xcc arch/powerpc/lib/libpowerpc.o
                0x00000000fe0063a4                arch_lmb_reserve
 .text.__ft_verify_fdt
                0x00000000fe006470        0x8 arch/powerpc/lib/libpowerpc.o
                0x00000000fe006470                ft_verify_fdt
 .text.do_bootm_linux
                0x00000000fe006478      0x20c arch/powerpc/lib/libpowerpc.o
                0x00000000fe006478                do_bootm_linux
 .text.flush_cache
                0x00000000fe006684       0x64 arch/powerpc/lib/libpowerpc.o
                0x00000000fe006684                flush_cache
 .text.search_exception_table
                0x00000000fe0066e8       0x9c arch/powerpc/lib/libpowerpc.o
                0x00000000fe0066e8                search_exception_table
 .text.enable_interrupts
                0x00000000fe006784       0x10 arch/powerpc/lib/libpowerpc.o
                0x00000000fe006784                enable_interrupts
 .text.disable_interrupts
                0x00000000fe006794       0x14 arch/powerpc/lib/libpowerpc.o
                0x00000000fe006794                disable_interrupts
 .text.interrupt_init
                0x00000000fe0067a8       0x5c arch/powerpc/lib/libpowerpc.o
                0x00000000fe0067a8                interrupt_init
 .text.timer_interrupt
                0x00000000fe006804       0x54 arch/powerpc/lib/libpowerpc.o
                0x00000000fe006804                timer_interrupt
 .text.get_timer
                0x00000000fe006858       0x30 arch/powerpc/lib/libpowerpc.o
                0x00000000fe006858                get_timer
 .text.usec2ticks
                0x00000000fe006888       0x84 arch/powerpc/lib/libpowerpc.o
                0x00000000fe006888                usec2ticks
 .text.__udelay
                0x00000000fe00690c       0x24 arch/powerpc/lib/libpowerpc.o
                0x00000000fe00690c                __udelay
 .text.init_timebase
                0x00000000fe006930       0x14 arch/powerpc/lib/libpowerpc.o
                0x00000000fe006930                init_timebase
 .text.print_num
                0x00000000fe006944       0x40 common/libcommon.o
 .text.print_mhz
                0x00000000fe006984       0x50 common/libcommon.o
 .text.print_eth
                0x00000000fe0069d4       0x70 common/libcommon.o
 .text.do_bdinfo
                0x00000000fe006a44       0xf8 common/libcommon.o
                0x00000000fe006a44                do_bdinfo
 .text.do_go_exec
                0x00000000fe006b3c       0x30 common/libcommon.o
                0x00000000fe006b3c                do_go_exec
 .text.do_go    0x00000000fe006b6c       0xa8 common/libcommon.o
                0x00000000fe006b6c                do_go
 .text.do_imls  0x00000000fe006c14      0x134 common/libcommon.o
 .text.image_info
                0x00000000fe006d48       0xec common/libcommon.o
 .text.do_iminfo
                0x00000000fe006e34       0xb4 common/libcommon.o
                0x00000000fe006e34                do_iminfo
 .text.do_bootd
                0x00000000fe006ee8       0x4c common/libcommon.o
                0x00000000fe006ee8                do_bootd
 .text.do_bootm_rtems
                0x00000000fe006f34       0x6c common/libcommon.o
 .text.do_bootm_netbsd
                0x00000000fe006fa0      0x19c common/libcommon.o
 .text.bootm_start
                0x00000000fe00713c      0x470 common/libcommon.o
 .text.bootm_load_os
                0x00000000fe0075ac      0x204 common/libcommon.o
 .text.__arch_preboot_os
                0x00000000fe0077b0        0x4 common/libcommon.o
                0x00000000fe0077b0                arch_preboot_os
                0x00000000fe0077b0                __arch_preboot_os
 .text.do_bootm_subcommand
                0x00000000fe0077b4      0x2f8 common/libcommon.o
                0x00000000fe0077b4                do_bootm_subcommand
 .text.do_bootm
                0x00000000fe007aac      0x318 common/libcommon.o
                0x00000000fe007aac                do_bootm
 .text.bootm_maybe_autostart
                0x00000000fe007dc4       0xa4 common/libcommon.o
                0x00000000fe007dc4                bootm_maybe_autostart
 .text.do_coninfo
                0x00000000fe007e68      0x148 common/libcommon.o
                0x00000000fe007e68                do_coninfo
 .text.cnvrt2   0x00000000fe007fb0       0x54 common/libcommon.o
 .text.mk_date  0x00000000fe008004      0x278 common/libcommon.o
                0x00000000fe008004                mk_date
 .text.do_date  0x00000000fe00827c      0x130 common/libcommon.o
                0x00000000fe00827c                do_date
 .text.common_diskboot
                0x00000000fe0083ac      0x278 common/libcommon.o
                0x00000000fe0083ac                common_diskboot
 .text.do_echo  0x00000000fe008624      0x13c common/libcommon.o
                0x00000000fe008624                do_echo
 .text.do_exit  0x00000000fe008760       0x44 common/libcommon.o
                0x00000000fe008760                do_exit
 .text.do_ext2load
                0x00000000fe0087a4       0x2c common/libcommon.o
                0x00000000fe0087a4                do_ext2load
 .text.do_ext2ls
                0x00000000fe0087d0       0x2c common/libcommon.o
                0x00000000fe0087d0                do_ext2ls
 .text.do_ext_load
                0x00000000fe0087fc      0x28c common/libcommon.o
                0x00000000fe0087fc                do_ext_load
 .text.do_ext_ls
                0x00000000fe008a88      0x10c common/libcommon.o
                0x00000000fe008a88                do_ext_ls
 .text.fdt_valid
                0x00000000fe008b94       0xfc common/libcommon.o
 .text.print_data
                0x00000000fe008c90      0x218 common/libcommon.o
 .text.set_working_fdt_addr
                0x00000000fe008ea8       0x50 common/libcommon.o
                0x00000000fe008ea8                set_working_fdt_addr
 .text.do_fdt   0x00000000fe008ef8      0xddc common/libcommon.o
                0x00000000fe008ef8                do_fdt
 .text.flash_fill_sect_ranges
                0x00000000fe009cd4      0x1b8 common/libcommon.o
 .text.abbrev_spec
                0x00000000fe009e8c      0x204 common/libcommon.o
 .text.do_flinfo
                0x00000000fe00a090       0x94 common/libcommon.o
                0x00000000fe00a090                do_flinfo
 .text.flash_sect_roundb
                0x00000000fe00a124       0xc8 common/libcommon.o
                0x00000000fe00a124                flash_sect_roundb
 .text.addr_spec
                0x00000000fe00a1ec      0x128 common/libcommon.o
 .text.flash_sect_erase
                0x00000000fe00a314       0xbc common/libcommon.o
                0x00000000fe00a314                flash_sect_erase
 .text.do_flerase
                0x00000000fe00a3d0      0x298 common/libcommon.o
                0x00000000fe00a3d0                do_flerase
 .text.flash_sect_protect
                0x00000000fe00a668      0x14c common/libcommon.o
                0x00000000fe00a668                flash_sect_protect
 .text.do_protect
                0x00000000fe00a7b4      0x498 common/libcommon.o
                0x00000000fe00a7b4                do_protect
 .text.do_hello
                0x00000000fe00ac4c       0x38 common/libcommon.o
                0x00000000fe00ac4c                do_hello
 .text.do_help  0x00000000fe00ac84       0x64 common/libcommon.o
                0x00000000fe00ac84                do_help
 .text.get_alen
                0x00000000fe00ace8       0x70 common/libcommon.o
 .text.do_i2c   0x00000000fe00ad58       0xa8 common/libcommon.o
 .text.do_i2c_reset
                0x00000000fe00ae00       0x30 common/libcommon.o
 .text.do_i2c_read
                0x00000000fe00ae30      0x104 common/libcommon.o
 .text.do_i2c_probe
                0x00000000fe00af34       0xb4 common/libcommon.o
 .text.do_i2c_md
                0x00000000fe00afe8      0x270 common/libcommon.o
 .text.mod_i2c_mem
                0x00000000fe00b258      0x298 common/libcommon.o
 .text.do_i2c_nm
                0x00000000fe00b4f0       0x38 common/libcommon.o
 .text.do_i2c_mm
                0x00000000fe00b528       0x38 common/libcommon.o
 .text.do_i2c_mw
                0x00000000fe00b560      0x154 common/libcommon.o
 .text.do_i2c_loop
                0x00000000fe00b6b4      0x130 common/libcommon.o
 .text.do_i2c_crc
                0x00000000fe00b7e4      0x160 common/libcommon.o
 .text.do_i2c_bus_speed
                0x00000000fe00b944       0x94 common/libcommon.o
 .text.evalstr  0x00000000fe00b9d8       0x38 common/libcommon.o
 .text.evalexp  0x00000000fe00ba10       0x9c common/libcommon.o
 .text.binary_test
                0x00000000fe00baac      0x220 common/libcommon.o
                0x00000000fe00baac                binary_test
 .text.do_itest
                0x00000000fe00bccc       0xbc common/libcommon.o
                0x00000000fe00bccc                do_itest
 .text.bin_data_init
                0x00000000fe00bd88       0x40 common/libcommon.o
 .text.bin_data_char
                0x00000000fe00bdc8       0x48 common/libcommon.o
 .text.load_serial_ymodem
                0x00000000fe00be10      0x154 common/libcommon.o
 .text.getcxmodem
                0x00000000fe00bf64       0x34 common/libcommon.o
 .text.load_serial
                0x00000000fe00bf98      0x2bc common/libcommon.o
 .text.do_load_serial
                0x00000000fe00c254      0x1d0 common/libcommon.o
                0x00000000fe00c254                do_load_serial
 .text.send_pad
                0x00000000fe00c424       0x68 common/libcommon.o
                0x00000000fe00c424                send_pad
 .text.ktrans   0x00000000fe00c48c       0x28 common/libcommon.o
                0x00000000fe00c48c                ktrans
 .text.chk1     0x00000000fe00c4b4       0x38 common/libcommon.o
                0x00000000fe00c4b4                chk1
 .text.s1_sendpacket
                0x00000000fe00c4ec       0x48 common/libcommon.o
                0x00000000fe00c4ec                s1_sendpacket
 .text.send_ack
                0x00000000fe00c534       0x90 common/libcommon.o
                0x00000000fe00c534                send_ack
 .text.send_nack
                0x00000000fe00c5c4       0x90 common/libcommon.o
                0x00000000fe00c5c4                send_nack
 .text.k_data_init
                0x00000000fe00c654       0x48 common/libcommon.o
                0x00000000fe00c654                k_data_init
 .text.k_data_save
                0x00000000fe00c69c       0x54 common/libcommon.o
                0x00000000fe00c69c                k_data_save
 .text.k_data_restore
                0x00000000fe00c6f0       0x54 common/libcommon.o
                0x00000000fe00c6f0                k_data_restore
 .text.k_data_char
                0x00000000fe00c744       0x98 common/libcommon.o
                0x00000000fe00c744                k_data_char
 .text.handle_send_packet
                0x00000000fe00c7dc      0x2b0 common/libcommon.o
                0x00000000fe00c7dc                handle_send_packet
 .text.do_load_serial_bin
                0x00000000fe00ca8c      0x504 common/libcommon.o
                0x00000000fe00ca8c                do_load_serial_bin
 .text.extract_range
                0x00000000fe00cf90      0x148 common/libcommon.o
 .text.mdio_write_ranges
                0x00000000fe00d0d8      0x124 common/libcommon.o
                0x00000000fe00d0d8                mdio_write_ranges
 .text.mdio_read_ranges
                0x00000000fe00d1fc      0x194 common/libcommon.o
                0x00000000fe00d1fc                mdio_read_ranges
 .text.extract_reg_range
                0x00000000fe00d390       0xe0 common/libcommon.o
                0x00000000fe00d390                extract_reg_range
 .text.extract_phy_range
                0x00000000fe00d470       0xdc common/libcommon.o
                0x00000000fe00d470                extract_phy_range
 .text.do_mdio  0x00000000fe00d54c      0x25c common/libcommon.o
 .text.do_mem_crc
                0x00000000fe00d7a8       0xf0 common/libcommon.o
                0x00000000fe00d7a8                do_mem_crc
 .text.do_mem_base
                0x00000000fe00d898       0x60 common/libcommon.o
                0x00000000fe00d898                do_mem_base
 .text.do_mem_mtest
                0x00000000fe00d8f8      0x258 common/libcommon.o
                0x00000000fe00d8f8                do_mem_mtest
 .text.do_mem_loop
                0x00000000fe00db50      0x178 common/libcommon.o
                0x00000000fe00db50                do_mem_loop
 .text.do_mem_cmp
                0x00000000fe00dcc8      0x198 common/libcommon.o
                0x00000000fe00dcc8                do_mem_cmp
 .text.do_mem_mw
                0x00000000fe00de60      0x124 common/libcommon.o
                0x00000000fe00de60                do_mem_mw
 .text.do_mem_cp
                0x00000000fe00df84      0x19c common/libcommon.o
                0x00000000fe00df84                do_mem_cp
 .text.mod_mem  0x00000000fe00e120      0x200 common/libcommon.o
 .text.do_mem_nm
                0x00000000fe00e320       0x38 common/libcommon.o
                0x00000000fe00e320                do_mem_nm
 .text.do_mem_mm
                0x00000000fe00e358       0x38 common/libcommon.o
                0x00000000fe00e358                do_mem_mm
 .text.do_mem_md
                0x00000000fe00e390      0x120 common/libcommon.o
                0x00000000fe00e390                do_mem_md
 .text.do_mii   0x00000000fe00e4b0      0x8bc common/libcommon.o
 .text.do_sleep
                0x00000000fe00ed6c       0xa8 common/libcommon.o
                0x00000000fe00ed6c                do_sleep
 .text.mtd_part_info
                0x00000000fe00ee14       0xd4 common/libcommon.o
 .text.index_partitions
                0x00000000fe00eee8       0xf0 common/libcommon.o
 .text.memsize_format
                0x00000000fe00efd8       0x80 common/libcommon.o
 .text.current_save
                0x00000000fe00f058       0xbc common/libcommon.o
 .text.part_sort_add
                0x00000000fe00f114      0x17c common/libcommon.o
 .text.part_delall
                0x00000000fe00f290       0x8c common/libcommon.o
 .text.device_delall
                0x00000000fe00f31c       0xb8 common/libcommon.o
 .text.mtd_devices_init
                0x00000000fe00f3d4       0x50 common/libcommon.o
 .text.device_del
                0x00000000fe00f424       0xb8 common/libcommon.o
 .text.memsize_parse
                0x00000000fe00f4dc       0x84 common/libcommon.o
 .text.get_mtd_info
                0x00000000fe00f560       0x9c common/libcommon.o
 .text.part_validate
                0x00000000fe00f5fc      0x350 common/libcommon.o
 .text.generate_mtdparts_save
                0x00000000fe00f94c      0x358 common/libcommon.o
 .text.mtd_device_validate
                0x00000000fe00fca4       0x54 common/libcommon.o
                0x00000000fe00fca4                mtd_device_validate
 .text.device_find
                0x00000000fe00fcf8       0x74 common/libcommon.o
                0x00000000fe00fcf8                device_find
 .text.device_parse
                0x00000000fe00fd6c      0x5e0 common/libcommon.o
 .text.mtd_id_parse
                0x00000000fe01034c      0x164 common/libcommon.o
                0x00000000fe01034c                mtd_id_parse
 .text.find_dev_and_part
                0x00000000fe0104b0      0x21c common/libcommon.o
                0x00000000fe0104b0                find_dev_and_part
 .text.mtdparts_init
                0x00000000fe0106cc      0x6c4 common/libcommon.o
                0x00000000fe0106cc                mtdparts_init
 .text.do_mtdparts
                0x00000000fe010d90      0x6a4 common/libcommon.o
                0x00000000fe010d90                do_mtdparts
 .text.do_chpart
                0x00000000fe011434       0xf0 common/libcommon.o
                0x00000000fe011434                do_chpart
 .text.set_dev  0x00000000fe011524       0x8c common/libcommon.o
 .text.nand_print_and_set_info
                0x00000000fe0115b0       0xfc common/libcommon.o
 .text.nand_load_image
                0x00000000fe0116ac      0x1dc common/libcommon.o
 .text.do_nandboot
                0x00000000fe011888      0x2b8 common/libcommon.o
                0x00000000fe011888                do_nandboot
 .text.arg_off  0x00000000fe011b40      0x16c common/libcommon.o
 .text.arg_off_size
                0x00000000fe011cac      0x1c8 common/libcommon.o
 .text.do_nand  0x00000000fe011e74      0xc1c common/libcommon.o
                0x00000000fe011e74                do_nand
 .text.do_ping  0x00000000fe012a90       0x9c common/libcommon.o
                0x00000000fe012a90                do_ping
 .text.netboot_common
                0x00000000fe012b2c      0x2c0 common/libcommon.o
 .text.do_nfs   0x00000000fe012dec       0x28 common/libcommon.o
                0x00000000fe012dec                do_nfs
 .text.do_tftpb
                0x00000000fe012e14       0x28 common/libcommon.o
                0x00000000fe012e14                do_tftpb
 .text.do_bootp
                0x00000000fe012e3c       0x28 common/libcommon.o
                0x00000000fe012e3c                do_bootp
 .text.do_env   0x00000000fe012e64       0xa8 common/libcommon.o
 .text.do_env_delete
                0x00000000fe012f0c       0x38 common/libcommon.o
 .text.do_env_import
                0x00000000fe012f44      0x2bc common/libcommon.o
 .text.do_env_default
                0x00000000fe013200       0xc8 common/libcommon.o
 .text.do_env_save
                0x00000000fe0132c8       0x4c common/libcommon.o
                0x00000000fe0132c8                do_env_save
 .text.env_print
                0x00000000fe013314       0xc0 common/libcommon.o
 .text.do_env_print
                0x00000000fe0133d4       0xd0 common/libcommon.o
                0x00000000fe0133d4                do_env_print
 .text.get_env_id
                0x00000000fe0134a4       0x2c common/libcommon.o
                0x00000000fe0134a4                get_env_id
 .text.env_check_apply
                0x00000000fe0134d0      0x24c common/libcommon.o
                0x00000000fe0134d0                env_check_apply
 .text._do_env_set
                0x00000000fe01371c      0x218 common/libcommon.o
                0x00000000fe01371c                _do_env_set
 .text.do_env_set
                0x00000000fe013934       0x40 common/libcommon.o
                0x00000000fe013934                do_env_set
 .text.do_env_export
                0x00000000fe013974      0x380 common/libcommon.o
 .text.setenv   0x00000000fe013cf4       0x7c common/libcommon.o
                0x00000000fe013cf4                setenv
 .text.envmatch
                0x00000000fe013d70       0xa8 common/libcommon.o
                0x00000000fe013d70                envmatch
 .text.getenv_f
                0x00000000fe013e18      0x12c common/libcommon.o
                0x00000000fe013e18                getenv_f
 .text.getenv   0x00000000fe013f44       0x94 common/libcommon.o
                0x00000000fe013f44                getenv
 .text.getenv_ulong
                0x00000000fe013fd8       0x5c common/libcommon.o
                0x00000000fe013fd8                getenv_ulong
 .text.do_env_edit
                0x00000000fe014034       0xd8 common/libcommon.o
                0x00000000fe014034                do_env_edit
 .text.pci_cfg_write
                0x00000000fe01410c       0x50 common/libcommon.o
 .text.pci_cfg_modify
                0x00000000fe01415c      0x1c0 common/libcommon.o
 .text.pci_header_show_brief
                0x00000000fe01431c       0xa4 common/libcommon.o
                0x00000000fe01431c                pci_header_show_brief
 .text.pci_header_show
                0x00000000fe0143c0      0x83c common/libcommon.o
                0x00000000fe0143c0                pci_header_show
 .text.pciinfo  0x00000000fe014bfc      0x1e8 common/libcommon.o
                0x00000000fe014bfc                pciinfo
 .text.do_pci   0x00000000fe014de4      0x494 common/libcommon.o
                0x00000000fe014de4                do_pci
 .text.__sata_initialize
                0x00000000fe015278      0x140 common/libcommon.o
                0x00000000fe015278                sata_initialize
                0x00000000fe015278                __sata_initialize
 .text.do_sata  0x00000000fe0153b8      0x4a8 common/libcommon.o
                0x00000000fe0153b8                do_sata
 .text.sata_get_dev
                0x00000000fe015860       0x40 common/libcommon.o
                0x00000000fe015860                sata_get_dev
 .text.source   0x00000000fe0158a0      0x130 common/libcommon.o
                0x00000000fe0158a0                source
 .text.do_source
                0x00000000fe0159d0       0x6c common/libcommon.o
                0x00000000fe0159d0                do_source
 .text.do_false
                0x00000000fe015a3c        0x8 common/libcommon.o
                0x00000000fe015a3c                do_false
 .text.do_true  0x00000000fe015a44        0x8 common/libcommon.o
                0x00000000fe015a44                do_true
 .text.do_test  0x00000000fe015a4c      0x5cc common/libcommon.o
                0x00000000fe015a4c                do_test
 .text.do_usbboot
                0x00000000fe016018       0x34 common/libcommon.o
                0x00000000fe016018                do_usbboot
 .text.usb_get_class_desc
                0x00000000fe01604c       0xc8 common/libcommon.o
                0x00000000fe01604c                usb_get_class_desc
 .text.usb_display_class_sub
                0x00000000fe016114      0x1cc common/libcommon.o
                0x00000000fe016114                usb_display_class_sub
 .text.usb_display_string
                0x00000000fe0162e0       0x64 common/libcommon.o
                0x00000000fe0162e0                usb_display_string
 .text.usb_display_desc
                0x00000000fe016344      0x12c common/libcommon.o
                0x00000000fe016344                usb_display_desc
 .text.usb_display_conf_desc
                0x00000000fe016470       0xc0 common/libcommon.o
                0x00000000fe016470                usb_display_conf_desc
 .text.usb_display_if_desc
                0x00000000fe016530       0xa8 common/libcommon.o
                0x00000000fe016530                usb_display_if_desc
 .text.usb_display_ep_desc
                0x00000000fe0165d8       0xe4 common/libcommon.o
                0x00000000fe0165d8                usb_display_ep_desc
 .text.usb_display_config
                0x00000000fe0166bc       0xe4 common/libcommon.o
                0x00000000fe0166bc                usb_display_config
 .text.usb_show_tree_graph
                0x00000000fe0167a0      0x2b4 common/libcommon.o
                0x00000000fe0167a0                usb_show_tree_graph
 .text.usb_show_tree
                0x00000000fe016a54       0x44 common/libcommon.o
                0x00000000fe016a54                usb_show_tree
 .text.do_usb   0x00000000fe016a98      0x5a8 common/libcommon.o
                0x00000000fe016a98                do_usb
 .text.do_version
                0x00000000fe017040       0x4c common/libcommon.o
                0x00000000fe017040                do_version
 .text.do_imgextract
                0x00000000fe01708c      0x2e0 common/libcommon.o
                0x00000000fe01708c                do_imgextract
 .text.find_cmd_tbl
                0x00000000fe01736c      0x100 common/libcommon.o
                0x00000000fe01736c                find_cmd_tbl
 .text.find_cmd
                0x00000000fe01746c       0x4c common/libcommon.o
                0x00000000fe01746c                find_cmd
 .text.cmd_usage
                0x00000000fe0174b8       0x7c common/libcommon.o
                0x00000000fe0174b8                cmd_usage
 .text._do_help
                0x00000000fe017534      0x238 common/libcommon.o
                0x00000000fe017534                _do_help
 .text.var_complete
                0x00000000fe01776c       0x94 common/libcommon.o
                0x00000000fe01776c                var_complete
 .text.cmd_auto_complete
                0x00000000fe017800      0x604 common/libcommon.o
                0x00000000fe017800                cmd_auto_complete
 .text.cmd_get_data_size
                0x00000000fe017e04       0xa4 common/libcommon.o
                0x00000000fe017e04                cmd_get_data_size
 .text.cmd_process
                0x00000000fe017ea8      0x104 common/libcommon.o
                0x00000000fe017ea8                cmd_process
 .text.console_setfile
                0x00000000fe017fac       0xe0 common/libcommon.o
 .text.fgetc    0x00000000fe01808c       0x54 common/libcommon.o
                0x00000000fe01808c                fgetc
 .text.ftstc    0x00000000fe0180e0       0x54 common/libcommon.o
                0x00000000fe0180e0                ftstc
 .text.fputc    0x00000000fe018134       0x50 common/libcommon.o
                0x00000000fe018134                fputc
 .text.fputs    0x00000000fe018184       0x50 common/libcommon.o
                0x00000000fe018184                fputs
 .text.getc     0x00000000fe0181d4       0x44 common/libcommon.o
                0x00000000fe0181d4                getc
 .text.tstc     0x00000000fe018218       0x44 common/libcommon.o
                0x00000000fe018218                tstc
 .text.putc     0x00000000fe01825c       0x48 common/libcommon.o
                0x00000000fe01825c                putc
 .text.puts     0x00000000fe0182a4       0x48 common/libcommon.o
                0x00000000fe0182a4                puts
 .text.printf   0x00000000fe0182ec       0x94 common/libcommon.o
                0x00000000fe0182ec                printf
 .text.vprintf  0x00000000fe018380       0x5c common/libcommon.o
                0x00000000fe018380                vprintf
 .text.ctrlc    0x00000000fe0183dc       0x88 common/libcommon.o
                0x00000000fe0183dc                ctrlc
 .text.had_ctrlc
                0x00000000fe018464       0x2c common/libcommon.o
                0x00000000fe018464                had_ctrlc
 .text.clear_ctrlc
                0x00000000fe018490       0x30 common/libcommon.o
                0x00000000fe018490                clear_ctrlc
 .text.search_device
                0x00000000fe0184c0       0x48 common/libcommon.o
                0x00000000fe0184c0                search_device
 .text.console_assign
                0x00000000fe018508       0x6c common/libcommon.o
                0x00000000fe018508                console_assign
 .text.console_init_f
                0x00000000fe018574       0x10 common/libcommon.o
                0x00000000fe018574                console_init_f
 .text.stdio_print_current_devices
                0x00000000fe018584       0xbc common/libcommon.o
                0x00000000fe018584                stdio_print_current_devices
 .text.console_init_r
                0x00000000fe018640      0x128 common/libcommon.o
                0x00000000fe018640                console_init_r
 .text.sbrk     0x00000000fe018768       0x94 common/libcommon.o
                0x00000000fe018768                sbrk
 .text.mem_malloc_init
                0x00000000fe0187fc       0x54 common/libcommon.o
                0x00000000fe0187fc                mem_malloc_init
 .text.malloc_trim
                0x00000000fe018850      0x10c common/libcommon.o
                0x00000000fe018850                malloc_trim
 .text.free     0x00000000fe01895c      0x2a8 common/libcommon.o
                0x00000000fe01895c                free
 .text.malloc   0x00000000fe018c04      0x770 common/libcommon.o
                0x00000000fe018c04                malloc
 .text.calloc   0x00000000fe019374      0x120 common/libcommon.o
                0x00000000fe019374                calloc
 .text.memalign
                0x00000000fe019494      0x15c common/libcommon.o
                0x00000000fe019494                memalign
 .text.realloc  0x00000000fe0195f0      0x594 common/libcommon.o
                0x00000000fe0195f0                realloc
 .text.__env_get_char_spec
                0x00000000fe019b84        0xc common/libcommon.o
                0x00000000fe019b84                env_get_char_spec
 .text.env_get_addr
                0x00000000fe019b90       0x44 common/libcommon.o
                0x00000000fe019b90                env_get_addr
 .text.env_get_char_memory
                0x00000000fe019bd4       0x24 common/libcommon.o
                0x00000000fe019bd4                env_get_char_memory
 .text.env_get_char
                0x00000000fe019bf8       0x5c common/libcommon.o
                0x00000000fe019bf8                env_get_char
 .text.set_default_env
                0x00000000fe019c54       0xc0 common/libcommon.o
                0x00000000fe019c54                set_default_env
 .text.set_default_vars
                0x00000000fe019d14       0x50 common/libcommon.o
                0x00000000fe019d14                set_default_vars
 .text.env_import
                0x00000000fe019d64       0xe4 common/libcommon.o
                0x00000000fe019d64                env_import
 .text.env_relocate
                0x00000000fe019e48       0x50 common/libcommon.o
                0x00000000fe019e48                env_relocate
 .text.env_complete
                0x00000000fe019e98      0x158 common/libcommon.o
                0x00000000fe019e98                env_complete
 .text.env_init
                0x00000000fe019ff0       0x84 common/libcommon.o
                0x00000000fe019ff0                env_init
 .text.saveenv  0x00000000fe01a074      0x198 common/libcommon.o
                0x00000000fe01a074                saveenv
 .text.env_relocate_spec
                0x00000000fe01a20c       0x28 common/libcommon.o
                0x00000000fe01a20c                env_relocate_spec
 .text.dummy    0x00000000fe01a234        0x4 common/libcommon.o
 .text.get_version
                0x00000000fe01a238        0x8 common/libcommon.o
                0x00000000fe01a238                get_version
 .text.jumptable_init
                0x00000000fe01a240      0x180 common/libcommon.o
                0x00000000fe01a240                jumptable_init
 .text.write_cell
                0x00000000fe01a3c0       0x50 common/libcommon.o
 .text.of_bus_default_map
                0x00000000fe01a410      0x118 common/libcommon.o
 .text.of_bus_default_count_cells
                0x00000000fe01a528       0xc0 common/libcommon.o
 .text.get_cells_len
                0x00000000fe01a5e8       0x54 common/libcommon.o
 .text.of_bus_default_translate
                0x00000000fe01a63c       0xdc common/libcommon.o
 .text.fdt_find_and_setprop
                0x00000000fe01a718       0xc0 common/libcommon.o
                0x00000000fe01a718                fdt_find_and_setprop
 .text.fdt_initrd
                0x00000000fe01a7d8      0x204 common/libcommon.o
                0x00000000fe01a7d8                fdt_initrd
 .text.fdt_chosen
                0x00000000fe01a9dc      0x244 common/libcommon.o
                0x00000000fe01a9dc                fdt_chosen
 .text.do_fixup_by_path
                0x00000000fe01ac20       0x68 common/libcommon.o
                0x00000000fe01ac20                do_fixup_by_path
 .text.do_fixup_by_prop
                0x00000000fe01ac88      0x11c common/libcommon.o
                0x00000000fe01ac88                do_fixup_by_prop
 .text.do_fixup_by_prop_u32
                0x00000000fe01ada4       0x34 common/libcommon.o
                0x00000000fe01ada4                do_fixup_by_prop_u32
 .text.do_fixup_by_compat
                0x00000000fe01add8       0xf4 common/libcommon.o
                0x00000000fe01add8                do_fixup_by_compat
 .text.do_fixup_by_compat_u32
                0x00000000fe01aecc       0x34 common/libcommon.o
                0x00000000fe01aecc                do_fixup_by_compat_u32
 .text.fdt_fixup_memory_banks
                0x00000000fe01af00      0x238 common/libcommon.o
                0x00000000fe01af00                fdt_fixup_memory_banks
 .text.fdt_fixup_memory
                0x00000000fe01b138       0x3c common/libcommon.o
                0x00000000fe01b138                fdt_fixup_memory
 .text.fdt_fixup_ethernet
                0x00000000fe01b174      0x1c8 common/libcommon.o
                0x00000000fe01b174                fdt_fixup_ethernet
 .text.fdt_resize
                0x00000000fe01b33c       0xf0 common/libcommon.o
                0x00000000fe01b33c                fdt_resize
 .text.flash_protect
                0x00000000fe01b42c      0x150 common/libcommon.o
                0x00000000fe01b42c                flash_protect
 .text.addr2info
                0x00000000fe01b57c       0x80 common/libcommon.o
                0x00000000fe01b57c                addr2info
 .text.flash_write
                0x00000000fe01b5fc      0x198 common/libcommon.o
                0x00000000fe01b5fc                flash_write
 .text.flash_perror
                0x00000000fe01b794      0x118 common/libcommon.o
                0x00000000fe01b794                flash_perror
 .text.b_reset  0x00000000fe01b8ac       0x24 common/libcommon.o
 .text.static_get
                0x00000000fe01b8d0       0x24 common/libcommon.o
 .text.static_peek
                0x00000000fe01b8f4        0xc common/libcommon.o
 .text.file_peek
                0x00000000fe01b900        0xc common/libcommon.o
 .text.setup_string_in_str
                0x00000000fe01b90c       0x44 common/libcommon.o
 .text.is_assignment
                0x00000000fe01b950       0x74 common/libcommon.o
 .text.syntax_err
                0x00000000fe01b9c4       0x34 common/libcommon.o
 .text.do_showvar
                0x00000000fe01b9f8      0x1a8 common/libcommon.o
                0x00000000fe01b9f8                do_showvar
 .text.xmalloc  0x00000000fe01bba0       0x44 common/libcommon.o
 .text.file_get
                0x00000000fe01bbe4      0x25c common/libcommon.o
 .text.free_pipe_list
                0x00000000fe01be40      0x164 common/libcommon.o
 .text.b_free   0x00000000fe01bfa4       0x40 common/libcommon.o
 .text.xrealloc
                0x00000000fe01bfe4       0x44 common/libcommon.o
 .text.done_command
                0x00000000fe01c028       0xb0 common/libcommon.o
 .text.b_addchr
                0x00000000fe01c0d8       0xbc common/libcommon.o
 .text.b_addqchr
                0x00000000fe01c194       0x7c common/libcommon.o
 .text.get_local_var
                0x00000000fe01c210       0xd8 common/libcommon.o
                0x00000000fe01c210                get_local_var
 .text.set_local_var
                0x00000000fe01c2e8      0x218 common/libcommon.o
                0x00000000fe01c2e8                set_local_var
 .text.insert_var_value_sub
                0x00000000fe01c500      0x37c common/libcommon.o
 .text.insert_var_value
                0x00000000fe01c87c       0x24 common/libcommon.o
 .text.new_pipe
                0x00000000fe01c8a0       0x3c common/libcommon.o
                0x00000000fe01c8a0                new_pipe
 .text.initialize_context
                0x00000000fe01c8dc       0x64 common/libcommon.o
 .text.done_pipe
                0x00000000fe01c940       0x78 common/libcommon.o
 .text.reserved_word
                0x00000000fe01c9b8      0x1d4 common/libcommon.o
                0x00000000fe01c9b8                reserved_word
 .text.done_word
                0x00000000fe01cb8c      0x210 common/libcommon.o
 .text.mapset   0x00000000fe01cd9c       0x44 common/libcommon.o
                0x00000000fe01cd9c                mapset
 .text.update_ifs_map
                0x00000000fe01cde0       0xa8 common/libcommon.o
                0x00000000fe01cde0                update_ifs_map
 .text.parse_string_outer
                0x00000000fe01ce88      0x100 common/libcommon.o
                0x00000000fe01ce88                parse_string_outer
 .text.run_list_real
                0x00000000fe01cf88      0x960 common/libcommon.o
 .text.parse_stream_outer
                0x00000000fe01d8e8      0x748 common/libcommon.o
 .text.parse_file_outer
                0x00000000fe01e030       0x5c common/libcommon.o
                0x00000000fe01e030                parse_file_outer
 .text.u_boot_hush_start
                0x00000000fe01e08c       0x74 common/libcommon.o
                0x00000000fe01e08c                u_boot_hush_start
 .text.hwconfig_parse
                0x00000000fe01e100      0x1a8 common/libcommon.o
 .text.__hwconfig
                0x00000000fe01e2a8      0x104 common/libcommon.o
 .text.hwconfig_f
                0x00000000fe01e3ac       0x34 common/libcommon.o
                0x00000000fe01e3ac                hwconfig_f
 .text.hwconfig_arg_f
                0x00000000fe01e3e0       0x20 common/libcommon.o
                0x00000000fe01e3e0                hwconfig_arg_f
 .text.hwconfig_arg_cmp_f
                0x00000000fe01e400       0x80 common/libcommon.o
                0x00000000fe01e400                hwconfig_arg_cmp_f
 .text.hwconfig_sub_f
                0x00000000fe01e480       0x74 common/libcommon.o
                0x00000000fe01e480                hwconfig_sub_f
 .text.hwconfig_subarg_f
                0x00000000fe01e4f4       0x78 common/libcommon.o
                0x00000000fe01e4f4                hwconfig_subarg_f
 .text.hwconfig_subarg_cmp_f
                0x00000000fe01e56c       0x80 common/libcommon.o
                0x00000000fe01e56c                hwconfig_subarg_cmp_f
 .text.fdt_error
                0x00000000fe01e5ec       0x50 common/libcommon.o
 .text.image_check_hcrc
                0x00000000fe01e63c       0x60 common/libcommon.o
                0x00000000fe01e63c                image_check_hcrc
 .text.image_check_dcrc
                0x00000000fe01e69c       0x4c common/libcommon.o
                0x00000000fe01e69c                image_check_dcrc
 .text.image_multi_count
                0x00000000fe01e6e8       0x30 common/libcommon.o
                0x00000000fe01e6e8                image_multi_count
 .text.image_multi_getimg
                0x00000000fe01e718       0xdc common/libcommon.o
                0x00000000fe01e718                image_multi_getimg
 .text.getenv_yesno
                0x00000000fe01e7f4       0x40 common/libcommon.o
                0x00000000fe01e7f4                getenv_yesno
 .text.getenv_bootm_low
                0x00000000fe01e834       0x54 common/libcommon.o
                0x00000000fe01e834                getenv_bootm_low
 .text.getenv_bootm_size
                0x00000000fe01e888       0x78 common/libcommon.o
                0x00000000fe01e888                getenv_bootm_size
 .text.getenv_bootm_mapsize
                0x00000000fe01e900       0x50 common/libcommon.o
                0x00000000fe01e900                getenv_bootm_mapsize
 .text.memmove_wd
                0x00000000fe01e950       0x28 common/libcommon.o
                0x00000000fe01e950                memmove_wd
 .text.genimg_print_size
                0x00000000fe01e978       0x54 common/libcommon.o
                0x00000000fe01e978                genimg_print_size
 .text.get_table_entry_name
                0x00000000fe01e9cc       0x3c common/libcommon.o
                0x00000000fe01e9cc                get_table_entry_name
 .text.genimg_get_os_name
                0x00000000fe01ea08       0x3c common/libcommon.o
                0x00000000fe01ea08                genimg_get_os_name
 .text.genimg_get_arch_name
                0x00000000fe01ea44       0x3c common/libcommon.o
                0x00000000fe01ea44                genimg_get_arch_name
 .text.genimg_get_type_name
                0x00000000fe01ea80       0x3c common/libcommon.o
                0x00000000fe01ea80                genimg_get_type_name
 .text.genimg_get_comp_name
                0x00000000fe01eabc       0x3c common/libcommon.o
                0x00000000fe01eabc                genimg_get_comp_name
 .text.image_print_contents
                0x00000000fe01eaf8      0x1d8 common/libcommon.o
                0x00000000fe01eaf8                image_print_contents
 .text.genimg_get_format
                0x00000000fe01ecd0       0x4c common/libcommon.o
                0x00000000fe01ecd0                genimg_get_format
 .text.genimg_get_image
                0x00000000fe01ed1c        0x4 common/libcommon.o
                0x00000000fe01ed1c                genimg_get_image
 .text.genimg_has_config
                0x00000000fe01ed20        0x8 common/libcommon.o
                0x00000000fe01ed20                genimg_has_config
 .text.boot_get_ramdisk
                0x00000000fe01ed28      0x284 common/libcommon.o
                0x00000000fe01ed28                boot_get_ramdisk
 .text.boot_ramdisk_high
                0x00000000fe01efac      0x18c common/libcommon.o
                0x00000000fe01efac                boot_ramdisk_high
 .text.boot_fdt_add_mem_rsv_regions
                0x00000000fe01f138       0xd4 common/libcommon.o
                0x00000000fe01f138                boot_fdt_add_mem_rsv_regions
 .text.boot_relocate_fdt
                0x00000000fe01f20c      0x1fc common/libcommon.o
                0x00000000fe01f20c                boot_relocate_fdt
 .text.boot_get_fdt
                0x00000000fe01f408      0x2ac common/libcommon.o
                0x00000000fe01f408                boot_get_fdt
 .text.boot_get_cmdline
                0x00000000fe01f6b4       0xbc common/libcommon.o
                0x00000000fe01f6b4                boot_get_cmdline
 .text.boot_get_kbd
                0x00000000fe01f770       0x88 common/libcommon.o
                0x00000000fe01f770                boot_get_kbd
 .text.delete_char
                0x00000000fe01f7f8      0x14c common/libcommon.o
 .text.cread_add_char
                0x00000000fe01f944      0x12c common/libcommon.o
 .text.cread_add_str
                0x00000000fe01fa70       0xa4 common/libcommon.o
 .text.__show_boot_progress
                0x00000000fe01fb14        0x4 common/libcommon.o
                0x00000000fe01fb14                __show_boot_progress
                0x00000000fe01fb14                show_boot_progress
 .text.readline_into_buffer
                0x00000000fe01fb18      0xb40 common/libcommon.o
                0x00000000fe01fb18                readline_into_buffer
 .text.readline
                0x00000000fe020658       0x40 common/libcommon.o
                0x00000000fe020658                readline
 .text.run_command
                0x00000000fe020698       0x24 common/libcommon.o
                0x00000000fe020698                run_command
 .text.run_command_list
                0x00000000fe0206bc       0x9c common/libcommon.o
                0x00000000fe0206bc                run_command_list
 .text.main_loop
                0x00000000fe020758      0x194 common/libcommon.o
                0x00000000fe020758                main_loop
 .text.do_run   0x00000000fe0208ec       0xc0 common/libcommon.o
                0x00000000fe0208ec                do_run
 .text.legacy_miiphy_read
                0x00000000fe0209ac       0x50 common/libcommon.o
 .text.legacy_miiphy_write
                0x00000000fe0209fc       0x3c common/libcommon.o
 .text.miiphy_get_dev_by_name
                0x00000000fe020a38       0xa4 common/libcommon.o
                0x00000000fe020a38                miiphy_get_dev_by_name
 .text.miiphy_init
                0x00000000fe020adc       0x3c common/libcommon.o
                0x00000000fe020adc                miiphy_init
 .text.mdio_alloc
                0x00000000fe020b18       0x50 common/libcommon.o
                0x00000000fe020b18                mdio_alloc
 .text.miiphy_register
                0x00000000fe020b68      0x140 common/libcommon.o
                0x00000000fe020b68                miiphy_register
 .text.mdio_register
                0x00000000fe020ca8       0xdc common/libcommon.o
                0x00000000fe020ca8                mdio_register
 .text.mdio_list_devices
                0x00000000fe020d84      0x110 common/libcommon.o
                0x00000000fe020d84                mdio_list_devices
 .text.miiphy_set_current_dev
                0x00000000fe020e94       0x64 common/libcommon.o
                0x00000000fe020e94                miiphy_set_current_dev
 .text.miiphy_get_active_dev
                0x00000000fe020ef8       0x88 common/libcommon.o
 .text.mdio_get_current_dev
                0x00000000fe020f80       0x2c common/libcommon.o
                0x00000000fe020f80                mdio_get_current_dev
 .text.mdio_phydev_for_ethname
                0x00000000fe020fac       0xf0 common/libcommon.o
                0x00000000fe020fac                mdio_phydev_for_ethname
 .text.miiphy_get_current_dev
                0x00000000fe02109c       0x40 common/libcommon.o
                0x00000000fe02109c                miiphy_get_current_dev
 .text.miiphy_read
                0x00000000fe0210dc       0x8c common/libcommon.o
                0x00000000fe0210dc                miiphy_read
 .text.miiphy_write
                0x00000000fe021168       0x78 common/libcommon.o
                0x00000000fe021168                miiphy_write
 .text.miiphy_listdev
                0x00000000fe0211e0       0xa0 common/libcommon.o
                0x00000000fe0211e0                miiphy_listdev
 .text.miiphy_info
                0x00000000fe021280       0xe8 common/libcommon.o
                0x00000000fe021280                miiphy_info
 .text.miiphy_speed
                0x00000000fe021368       0xe8 common/libcommon.o
                0x00000000fe021368                miiphy_speed
 .text.miiphy_duplex
                0x00000000fe021450       0xe8 common/libcommon.o
                0x00000000fe021450                miiphy_duplex
 .text.miiphy_is_1000base_x
                0x00000000fe021538        0x8 common/libcommon.o
                0x00000000fe021538                miiphy_is_1000base_x
 .text.hex1_bin
                0x00000000fe021540       0x50 common/libcommon.o
 .text.hex2_bin
                0x00000000fe021590       0x70 common/libcommon.o
 .text.srec_decode
                0x00000000fe021600      0x304 common/libcommon.o
                0x00000000fe021600                srec_decode
 .text.stdio_get_list
                0x00000000fe021904       0x2c common/libcommon.o
                0x00000000fe021904                stdio_get_list
 .text.stdio_get_by_name
                0x00000000fe021930       0x9c common/libcommon.o
                0x00000000fe021930                stdio_get_by_name
 .text.stdio_clone
                0x00000000fe0219cc       0x7c common/libcommon.o
                0x00000000fe0219cc                stdio_clone
 .text.stdio_register
                0x00000000fe021a48       0x64 common/libcommon.o
                0x00000000fe021a48                stdio_register
 .text.stdio_init
                0x00000000fe021aac       0xa0 common/libcommon.o
                0x00000000fe021aac                stdio_init
 .text.usb_set_maxpacket_ep
                0x00000000fe021b4c       0xb0 common/libcommon.o
 .text.usb_stop
                0x00000000fe021bfc       0x60 common/libcommon.o
                0x00000000fe021bfc                usb_stop
 .text.usb_disable_asynch
                0x00000000fe021c5c       0x3c common/libcommon.o
                0x00000000fe021c5c                usb_disable_asynch
 .text.usb_control_msg
                0x00000000fe021c98      0x13c common/libcommon.o
                0x00000000fe021c98                usb_control_msg
 .text.usb_get_descriptor
                0x00000000fe021dd4       0x6c common/libcommon.o
 .text.usb_get_string
                0x00000000fe021e40       0xd0 common/libcommon.o
 .text.usb_string_sub
                0x00000000fe021f10      0x180 common/libcommon.o
 .text.usb_bulk_msg
                0x00000000fe022090       0xdc common/libcommon.o
                0x00000000fe022090                usb_bulk_msg
 .text.usb_maxpacket
                0x00000000fe02216c       0x28 common/libcommon.o
                0x00000000fe02216c                usb_maxpacket
 .text.usb_clear_halt
                0x00000000fe022194       0xd8 common/libcommon.o
                0x00000000fe022194                usb_clear_halt
 .text.usb_get_configuration_no
                0x00000000fe02226c       0xd4 common/libcommon.o
                0x00000000fe02226c                usb_get_configuration_no
 .text.usb_set_interface
                0x00000000fe022340      0x10c common/libcommon.o
                0x00000000fe022340                usb_set_interface
 .text.usb_string
                0x00000000fe02244c      0x198 common/libcommon.o
                0x00000000fe02244c                usb_string
 .text.usb_get_dev_index
                0x00000000fe0225e4       0x48 common/libcommon.o
                0x00000000fe0225e4                usb_get_dev_index
 .text.usb_alloc_new_device
                0x00000000fe02262c       0x98 common/libcommon.o
                0x00000000fe02262c                usb_alloc_new_device
 .text.usb_new_device
                0x00000000fe0226c4      0x5d0 common/libcommon.o
                0x00000000fe0226c4                usb_new_device
 .text.usb_init
                0x00000000fe022c94      0x134 common/libcommon.o
                0x00000000fe022c94                usb_init
 .text.usb_get_hub_descriptor
                0x00000000fe022dc8       0x64 common/libcommon.o
 .text.usb_get_port_status
                0x00000000fe022e2c       0x64 common/libcommon.o
 .text.usb_set_port_feature
                0x00000000fe022e90       0x60 common/libcommon.o
 .text.usb_clear_port_feature
                0x00000000fe022ef0       0x60 common/libcommon.o
 .text.usb_hub_power_on
                0x00000000fe022f50       0x8c common/libcommon.o
 .text.usb_hub_reset
                0x00000000fe022fdc       0x30 common/libcommon.o
                0x00000000fe022fdc                usb_hub_reset
 .text.hub_port_reset
                0x00000000fe02300c      0x134 common/libcommon.o
                0x00000000fe02300c                hub_port_reset
 .text.usb_hub_port_connect_change
                0x00000000fe023140      0x16c common/libcommon.o
                0x00000000fe023140                usb_hub_port_connect_change
 .text.usb_hub_configure
                0x00000000fe0232ac      0x350 common/libcommon.o
 .text.usb_hub_probe
                0x00000000fe0235fc       0x84 common/libcommon.o
                0x00000000fe0235fc                usb_hub_probe
 .text.usb_stor_irq
                0x00000000fe023680       0x20 common/libcommon.o
 .text.usb_request_sense
                0x00000000fe0236a0       0xa4 common/libcommon.o
 .text.usb_stor_BBB_reset
                0x00000000fe023744      0x118 common/libcommon.o
 .text.usb_stor_CB_reset
                0x00000000fe02385c      0x10c common/libcommon.o
 .text.usb_stor_get_dev
                0x00000000fe023968       0x48 common/libcommon.o
                0x00000000fe023968                usb_stor_get_dev
 .text.usb_show_progress
                0x00000000fe0239b0        0x4 common/libcommon.o
                0x00000000fe0239b0                usb_show_progress
 .text.usb_stor_write
                0x00000000fe0239b4      0x250 common/libcommon.o
                0x00000000fe0239b4                usb_stor_write
 .text.usb_stor_read
                0x00000000fe023c04      0x250 common/libcommon.o
                0x00000000fe023c04                usb_stor_read
 .text.usb_stor_info
                0x00000000fe023e54       0xa8 common/libcommon.o
                0x00000000fe023e54                usb_stor_info
 .text.usb_stor_BBB_comdat
                0x00000000fe023efc      0x148 common/libcommon.o
                0x00000000fe023efc                usb_stor_BBB_comdat
 .text.usb_stor_CB_comdat
                0x00000000fe024044      0x2e0 common/libcommon.o
                0x00000000fe024044                usb_stor_CB_comdat
 .text.usb_stor_CBI_get_status
                0x00000000fe024324      0x134 common/libcommon.o
                0x00000000fe024324                usb_stor_CBI_get_status
 .text.usb_stor_CB_transport
                0x00000000fe024458      0x2a0 common/libcommon.o
                0x00000000fe024458                usb_stor_CB_transport
 .text.usb_stor_BBB_clear_endpt_stall
                0x00000000fe0246f8       0x64 common/libcommon.o
                0x00000000fe0246f8                usb_stor_BBB_clear_endpt_stall
 .text.usb_stor_BBB_transport
                0x00000000fe02475c      0x2c8 common/libcommon.o
                0x00000000fe02475c                usb_stor_BBB_transport
 .text.usb_storage_probe
                0x00000000fe024a24      0x2a0 common/libcommon.o
                0x00000000fe024a24                usb_storage_probe
 .text.usb_stor_get_info
                0x00000000fe024cc4      0x328 common/libcommon.o
                0x00000000fe024cc4                usb_stor_get_info
 .text.usb_stor_scan
                0x00000000fe024fec      0x264 common/libcommon.o
                0x00000000fe024fec                usb_stor_scan
 .text.CYGACC_COMM_IF_GETC_TIMEOUT
                0x00000000fe025250       0x80 common/libcommon.o
                0x00000000fe025250                CYGACC_COMM_IF_GETC_TIMEOUT
 .text.xyzModem_flush
                0x00000000fe0252d0       0x50 common/libcommon.o
 .text.CYGACC_COMM_IF_PUTC
                0x00000000fe025320       0x24 common/libcommon.o
                0x00000000fe025320                CYGACC_COMM_IF_PUTC
 .text.xyzModem_get_hdr
                0x00000000fe025344      0x344 common/libcommon.o
 .text.parse_num
                0x00000000fe025688      0x168 common/libcommon.o
                0x00000000fe025688                parse_num
 .text.xyzModem_stream_open
                0x00000000fe0257f0      0x1d4 common/libcommon.o
                0x00000000fe0257f0                xyzModem_stream_open
 .text.xyzModem_stream_read
                0x00000000fe0259c4      0x308 common/libcommon.o
                0x00000000fe0259c4                xyzModem_stream_read
 .text.xyzModem_stream_close
                0x00000000fe025ccc       0x64 common/libcommon.o
                0x00000000fe025ccc                xyzModem_stream_close
 .text.xyzModem_stream_terminate
                0x00000000fe025d30      0x104 common/libcommon.o
                0x00000000fe025d30                xyzModem_stream_terminate
 .text.xyzModem_error
                0x00000000fe025e34       0x8c common/libcommon.o
                0x00000000fe025e34                xyzModem_error
 .text.get_dev  0x00000000fe025ec0       0xb4 disk/libdisk.o
                0x00000000fe025ec0                get_dev
 .text.dev_print
                0x00000000fe025f74      0x25c disk/libdisk.o
                0x00000000fe025f74                dev_print
 .text.init_part
                0x00000000fe0261d0       0x48 disk/libdisk.o
                0x00000000fe0261d0                init_part
 .text.print_part
                0x00000000fe026218       0xf4 disk/libdisk.o
                0x00000000fe026218                print_part
 .text.get_partition_info
                0x00000000fe02630c       0x44 disk/libdisk.o
                0x00000000fe02630c                get_partition_info
 .text.get_device
                0x00000000fe026350       0xd0 disk/libdisk.o
                0x00000000fe026350                get_device
 .text.get_device_and_partition
                0x00000000fe026420      0x40c disk/libdisk.o
                0x00000000fe026420                get_device_and_partition
 .text.get_partition_info_extended
                0x00000000fe02682c      0x368 disk/libdisk.o
 .text.test_block_type
                0x00000000fe026b94       0x98 disk/libdisk.o
 .text.print_partition_extended
                0x00000000fe026c2c      0x2b4 disk/libdisk.o
 .text.test_part_dos
                0x00000000fe026ee0       0x9c disk/libdisk.o
                0x00000000fe026ee0                test_part_dos
 .text.print_part_dos
                0x00000000fe026f7c       0x54 disk/libdisk.o
                0x00000000fe026f7c                print_part_dos
 .text.get_partition_info_dos
                0x00000000fe026fd0       0x38 disk/libdisk.o
                0x00000000fe026fd0                get_partition_info_dos
 .text.fsl_sata_get_wcache
                0x00000000fe027008       0x38 drivers/block/libblock.o
 .text.ata_wait_register
                0x00000000fe027040       0xd8 drivers/block/libblock.o
 .text.fsl_ata_exec_ata_cmd
                0x00000000fe027118      0x700 drivers/block/libblock.o
 .text.fsl_sata_exec_cmd
                0x00000000fe027818       0xa4 drivers/block/libblock.o
 .text.fsl_sata_rw_cmd
                0x00000000fe0278bc       0xec drivers/block/libblock.o
 .text.fsl_sata_rw_cmd_ext
                0x00000000fe0279a8      0x104 drivers/block/libblock.o
 .text.init_sata
                0x00000000fe027aac      0x3d4 drivers/block/libblock.o
                0x00000000fe027aac                init_sata
 .text.fsl_sata_flush_cache
                0x00000000fe027e80       0x88 drivers/block/libblock.o
                0x00000000fe027e80                fsl_sata_flush_cache
 .text.fsl_sata_rw_ncq_cmd
                0x00000000fe027f08      0x12c drivers/block/libblock.o
                0x00000000fe027f08                fsl_sata_rw_ncq_cmd
 .text.fsl_sata_flush_cache_ext
                0x00000000fe028034       0x88 drivers/block/libblock.o
                0x00000000fe028034                fsl_sata_flush_cache_ext
 .text.ata_low_level_rw_lba48
                0x00000000fe0280bc      0x150 drivers/block/libblock.o
                0x00000000fe0280bc                ata_low_level_rw_lba48
 .text.ata_low_level_rw_lba28
                0x00000000fe02820c       0xbc drivers/block/libblock.o
                0x00000000fe02820c                ata_low_level_rw_lba28
 .text.sata_read
                0x00000000fe0282c8       0x5c drivers/block/libblock.o
                0x00000000fe0282c8                sata_read
 .text.sata_write
                0x00000000fe028324       0xe4 drivers/block/libblock.o
                0x00000000fe028324                sata_write
 .text.scan_sata
                0x00000000fe028408      0x368 drivers/block/libblock.o
                0x00000000fe028408                scan_sata
 .text.ata_id_n_sectors
                0x00000000fe028770       0xa4 drivers/block/libblock.o
                0x00000000fe028770                ata_id_n_sectors
 .text.ata_dev_classify
                0x00000000fe028814       0x78 drivers/block/libblock.o
                0x00000000fe028814                ata_dev_classify
 .text.ata_id_c_string
                0x00000000fe02888c       0xa8 drivers/block/libblock.o
                0x00000000fe02888c                ata_id_c_string
 .text.ata_swap_buf_le16
                0x00000000fe028934       0x38 drivers/block/libblock.o
                0x00000000fe028934                ata_swap_buf_le16
 .text.set_i2c_bus_speed
                0x00000000fe02896c      0x180 drivers/i2c/libi2c.o
 .text.i2c_wait4bus
                0x00000000fe028aec       0xe0 drivers/i2c/libi2c.o
 .text.get_i2c_clock
                0x00000000fe028bcc       0x18 drivers/i2c/libi2c.o
                0x00000000fe028bcc                get_i2c_clock
 .text.i2c_init
                0x00000000fe028be4       0xf0 drivers/i2c/libi2c.o
                0x00000000fe028be4                i2c_init
 .text.i2c_read
                0x00000000fe028cd4      0x570 drivers/i2c/libi2c.o
                0x00000000fe028cd4                i2c_read
 .text.i2c_write
                0x00000000fe029244      0x3c8 drivers/i2c/libi2c.o
                0x00000000fe029244                i2c_write
 .text.i2c_probe
                0x00000000fe02960c       0x78 drivers/i2c/libi2c.o
                0x00000000fe02960c                i2c_probe
 .text.i2c_set_bus_num
                0x00000000fe029684       0x40 drivers/i2c/libi2c.o
                0x00000000fe029684                i2c_set_bus_num
 .text.i2c_set_bus_speed
                0x00000000fe0296c4       0xa4 drivers/i2c/libi2c.o
                0x00000000fe0296c4                i2c_set_bus_speed
 .text.i2c_get_bus_speed
                0x00000000fe029768       0x38 drivers/i2c/libi2c.o
                0x00000000fe029768                i2c_get_bus_speed
 .text.add_mtd_device
                0x00000000fe0297a0       0xb4 drivers/mtd/libmtd.o
                0x00000000fe0297a0                add_mtd_device
 .text.get_mtd_device_nm
                0x00000000fe029854       0xb4 drivers/mtd/libmtd.o
                0x00000000fe029854                get_mtd_device_nm
 .text.__flash_write8
                0x00000000fe029908        0x8 drivers/mtd/libmtd.o
 .text.__flash_write16
                0x00000000fe029910        0x8 drivers/mtd/libmtd.o
 .text.__flash_write32
                0x00000000fe029918        0x8 drivers/mtd/libmtd.o
 .text.__flash_write64
                0x00000000fe029920        0xc drivers/mtd/libmtd.o
 .text.__flash_read8
                0x00000000fe02992c        0x8 drivers/mtd/libmtd.o
 .text.__flash_read16
                0x00000000fe029934        0x8 drivers/mtd/libmtd.o
 .text.__flash_read32
                0x00000000fe02993c        0x8 drivers/mtd/libmtd.o
 .text.__flash_read64
                0x00000000fe029944       0x14 drivers/mtd/libmtd.o
 .text.flash_make_cmd
                0x00000000fe029958       0x64 drivers/mtd/libmtd.o
 .text.flash_isequal
                0x00000000fe0299bc      0x110 drivers/mtd/libmtd.o
 .text.flash_isset
                0x00000000fe029acc      0x11c drivers/mtd/libmtd.o
 .text.use_flash_status_poll
                0x00000000fe029be8        0x8 drivers/mtd/libmtd.o
 .text.flash_status_poll
                0x00000000fe029bf0        0x8 drivers/mtd/libmtd.o
 .text.flash_add_byte
                0x00000000fe029bf8       0x8c drivers/mtd/libmtd.o
 .text.find_sector
                0x00000000fe029c84      0x114 drivers/mtd/libmtd.o
 .text.cfi_reverse_geometry
                0x00000000fe029d98       0x4c drivers/mtd/libmtd.o
 .text.__cfi_flash_bank_addr
                0x00000000fe029de4        0x8 drivers/mtd/libmtd.o
                0x00000000fe029de4                cfi_flash_bank_addr
 .text.__cfi_flash_bank_size
                0x00000000fe029dec        0x8 drivers/mtd/libmtd.o
                0x00000000fe029dec                cfi_flash_bank_size
 .text.flash_get_info
                0x00000000fe029df4       0x28 drivers/mtd/libmtd.o
                0x00000000fe029df4                flash_get_info
 .text.flash_write_cmd
                0x00000000fe029e1c       0xd4 drivers/mtd/libmtd.o
                0x00000000fe029e1c                flash_write_cmd
 .text.flash_unlock_seq
                0x00000000fe029ef0       0x5c drivers/mtd/libmtd.o
 .text.flash_status_check
                0x00000000fe029f4c      0x2e4 drivers/mtd/libmtd.o
 .text.flash_full_status_check
                0x00000000fe02a230      0x1a4 drivers/mtd/libmtd.o
 .text.flash_write_cfiword
                0x00000000fe02a3d4      0x2c0 drivers/mtd/libmtd.o
 .text.flash_erase
                0x00000000fe02a694      0x284 drivers/mtd/libmtd.o
                0x00000000fe02a694                flash_erase
 .text.flash_print_info
                0x00000000fe02a918      0x280 drivers/mtd/libmtd.o
                0x00000000fe02a918                flash_print_info
 .text.write_buff
                0x00000000fe02ab98      0x30c drivers/mtd/libmtd.o
                0x00000000fe02ab98                write_buff
 .text.flash_real_protect
                0x00000000fe02aea4      0x418 drivers/mtd/libmtd.o
                0x00000000fe02aea4                flash_real_protect
 .text.__flash_cmd_reset
                0x00000000fe02b2bc       0x54 drivers/mtd/libmtd.o
                0x00000000fe02b2bc                flash_cmd_reset
                0x00000000fe02b2bc                __flash_cmd_reset
 .text.flash_get_size
                0x00000000fe02b310      0xa28 drivers/mtd/libmtd.o
                0x00000000fe02b310                flash_get_size
 .text.flash_protect_default
                0x00000000fe02bd38       0x80 drivers/mtd/libmtd.o
                0x00000000fe02bd38                flash_protect_default
 .text.flash_init
                0x00000000fe02bdb8      0x14c drivers/mtd/libmtd.o
                0x00000000fe02bdb8                flash_init
 .text.nand_register
                0x00000000fe02bf04       0xc8 drivers/mtd/nand/libnand.o
                0x00000000fe02bf04                nand_register
 .text.nand_init
                0x00000000fe02bfcc       0x44 drivers/mtd/nand/libnand.o
                0x00000000fe02bfcc                nand_init
 .text.scan_read_raw_oob
                0x00000000fe02c010      0x11c drivers/mtd/nand/libnand.o
 .text.scan_read_raw
                0x00000000fe02c12c       0x54 drivers/mtd/nand/libnand.o
 .text.bbt_get_ver_offs
                0x00000000fe02c180       0x20 drivers/mtd/nand/libnand.o
 .text.read_bbt
                0x00000000fe02c1a0      0x3c4 drivers/mtd/nand/libnand.o
 .text.read_abs_bbt
                0x00000000fe02c564      0x1bc drivers/mtd/nand/libnand.o
 .text.write_bbt
                0x00000000fe02c720      0x784 drivers/mtd/nand/libnand.o
 .text.verify_bbt_descr
                0x00000000fe02cea4      0x240 drivers/mtd/nand/libnand.o
 .text.check_pattern
                0x00000000fe02d0e4      0x260 drivers/mtd/nand/libnand.o
 .text.create_bbt
                0x00000000fe02d344      0x4a8 drivers/mtd/nand/libnand.o
 .text.search_bbt
                0x00000000fe02d7ec      0x2f4 drivers/mtd/nand/libnand.o
 .text.nand_update_bbt
                0x00000000fe02dae0      0x1d8 drivers/mtd/nand/libnand.o
                0x00000000fe02dae0                nand_update_bbt
 .text.mark_bbt_region
                0x00000000fe02dcb8      0x298 drivers/mtd/nand/libnand.o
 .text.nand_scan_bbt
                0x00000000fe02df50      0x590 drivers/mtd/nand/libnand.o
                0x00000000fe02df50                nand_scan_bbt
 .text.nand_default_bbt
                0x00000000fe02e4e0      0x154 drivers/mtd/nand/libnand.o
                0x00000000fe02e4e0                nand_default_bbt
 .text.nand_isbad_bbt
                0x00000000fe02e634       0x6c drivers/mtd/nand/libnand.o
                0x00000000fe02e634                nand_isbad_bbt
 .text.check_skip_len
                0x00000000fe02e6a0      0x148 drivers/mtd/nand/libnand.o
 .text.nand_erase_opts
                0x00000000fe02e7e8      0x400 drivers/mtd/nand/libnand.o
                0x00000000fe02e7e8                nand_erase_opts
 .text.nand_write_skip_bad
                0x00000000fe02ebe8      0x268 drivers/mtd/nand/libnand.o
                0x00000000fe02ebe8                nand_write_skip_bad
 .text.nand_read_skip_bad
                0x00000000fe02ee50      0x26c drivers/mtd/nand/libnand.o
                0x00000000fe02ee50                nand_read_skip_bad
 .text.nand_calculate_ecc
                0x00000000fe02f0bc      0x15c drivers/mtd/nand/libnand.o
                0x00000000fe02f0bc                nand_calculate_ecc
 .text.nand_correct_data
                0x00000000fe02f218      0x130 drivers/mtd/nand/libnand.o
                0x00000000fe02f218                nand_correct_data
 .text.nand_release_device
                0x00000000fe02f348       0x30 drivers/mtd/nand/libnand.o
 .text.nand_read_byte
                0x00000000fe02f378       0x20 drivers/mtd/nand/libnand.o
                0x00000000fe02f378                nand_read_byte
 .text.nand_read_byte16
                0x00000000fe02f398       0x28 drivers/mtd/nand/libnand.o
 .text.nand_read_word
                0x00000000fe02f3c0       0x20 drivers/mtd/nand/libnand.o
 .text.nand_write_buf
                0x00000000fe02f3e0       0x2c drivers/mtd/nand/libnand.o
                0x00000000fe02f3e0                nand_write_buf
 .text.nand_read_buf
                0x00000000fe02f40c       0x34 drivers/mtd/nand/libnand.o
                0x00000000fe02f40c                nand_read_buf
 .text.nand_verify_buf
                0x00000000fe02f440       0x90 drivers/mtd/nand/libnand.o
 .text.nand_write_buf16
                0x00000000fe02f4d0       0x3c drivers/mtd/nand/libnand.o
                0x00000000fe02f4d0                nand_write_buf16
 .text.nand_read_buf16
                0x00000000fe02f50c       0x44 drivers/mtd/nand/libnand.o
                0x00000000fe02f50c                nand_read_buf16
 .text.nand_verify_buf16
                0x00000000fe02f550       0x98 drivers/mtd/nand/libnand.o
 .text.nand_check_wp
                0x00000000fe02f5e8       0x84 drivers/mtd/nand/libnand.o
 .text.nand_get_device
                0x00000000fe02f66c        0xc drivers/mtd/nand/libnand.o
 .text.nand_read_page_raw
                0x00000000fe02f678       0x6c drivers/mtd/nand/libnand.o
 .text.nand_read_page_raw_syndrome
                0x00000000fe02f6e4      0x13c drivers/mtd/nand/libnand.o
 .text.nand_read_page_swecc
                0x00000000fe02f820      0x178 drivers/mtd/nand/libnand.o
 .text.nand_read_subpage
                0x00000000fe02f998      0x330 drivers/mtd/nand/libnand.o
 .text.nand_read_page_hwecc
                0x00000000fe02fcc8      0x1b0 drivers/mtd/nand/libnand.o
 .text.nand_read_page_hwecc_oob_first
                0x00000000fe02fe78      0x1b8 drivers/mtd/nand/libnand.o
 .text.nand_read_page_syndrome
                0x00000000fe030030      0x1a4 drivers/mtd/nand/libnand.o
 .text.nand_read_oob_std
                0x00000000fe0301d4       0x88 drivers/mtd/nand/libnand.o
 .text.nand_read_oob_syndrome
                0x00000000fe03025c      0x184 drivers/mtd/nand/libnand.o
 .text.nand_write_oob_std
                0x00000000fe0303e0       0xc8 drivers/mtd/nand/libnand.o
 .text.nand_write_oob_syndrome
                0x00000000fe0304a8      0x240 drivers/mtd/nand/libnand.o
 .text.nand_write_page_raw
                0x00000000fe0306e8       0x68 drivers/mtd/nand/libnand.o
 .text.nand_write_page_raw_syndrome
                0x00000000fe030750      0x138 drivers/mtd/nand/libnand.o
 .text.nand_write_page_swecc
                0x00000000fe030888      0x118 drivers/mtd/nand/libnand.o
 .text.nand_write_page_hwecc
                0x00000000fe0309a0      0x138 drivers/mtd/nand/libnand.o
 .text.nand_write_page_syndrome
                0x00000000fe030ad8      0x164 drivers/mtd/nand/libnand.o
 .text.single_erase_cmd
                0x00000000fe030c3c       0x70 drivers/mtd/nand/libnand.o
 .text.multi_erase_cmd
                0x00000000fe030cac       0xd0 drivers/mtd/nand/libnand.o
 .text.nand_sync
                0x00000000fe030d7c       0x40 drivers/mtd/nand/libnand.o
 .text.nand_select_chip
                0x00000000fe030dbc       0x78 drivers/mtd/nand/libnand.o
 .text.nand_block_checkbad
                0x00000000fe030e34       0xcc drivers/mtd/nand/libnand.o
 .text.nand_block_isbad
                0x00000000fe030f00       0x50 drivers/mtd/nand/libnand.o
 .text.nand_block_markbad
                0x00000000fe030f50       0x88 drivers/mtd/nand/libnand.o
 .text.nand_write_page
                0x00000000fe030fd8      0x168 drivers/mtd/nand/libnand.o
 .text.nand_block_bad
                0x00000000fe031140      0x200 drivers/mtd/nand/libnand.o
 .text.nand_fill_oob
                0x00000000fe031340      0x170 drivers/mtd/nand/libnand.o
 .text.nand_do_write_oob
                0x00000000fe0314b0      0x29c drivers/mtd/nand/libnand.o
 .text.nand_do_write_ops
                0x00000000fe03174c      0x3e8 drivers/mtd/nand/libnand.o
 .text.nand_write_oob
                0x00000000fe031b34      0x114 drivers/mtd/nand/libnand.o
 .text.nand_write
                0x00000000fe031c48      0x110 drivers/mtd/nand/libnand.o
 .text.nand_transfer_oob
                0x00000000fe031d58      0x170 drivers/mtd/nand/libnand.o
 .text.nand_default_block_markbad
                0x00000000fe031ec8      0x240 drivers/mtd/nand/libnand.o
 .text.nand_wait
                0x00000000fe032108      0x13c drivers/mtd/nand/libnand.o
 .text.nand_wait_ready
                0x00000000fe032244       0x84 drivers/mtd/nand/libnand.o
                0x00000000fe032244                nand_wait_ready
 .text.nand_do_read_ops
                0x00000000fe0322c8      0x48c drivers/mtd/nand/libnand.o
 .text.nand_read_oob
                0x00000000fe032754      0x3c0 drivers/mtd/nand/libnand.o
 .text.nand_read
                0x00000000fe032b14      0x110 drivers/mtd/nand/libnand.o
 .text.nand_command
                0x00000000fe032c24      0x25c drivers/mtd/nand/libnand.o
 .text.nand_command_lp
                0x00000000fe032e80      0x300 drivers/mtd/nand/libnand.o
 .text.nand_erase_nand
                0x00000000fe033180      0x54c drivers/mtd/nand/libnand.o
                0x00000000fe033180                nand_erase_nand
 .text.nand_erase
                0x00000000fe0336cc       0x24 drivers/mtd/nand/libnand.o
 .text.nand_scan_ident
                0x00000000fe0336f0      0x8fc drivers/mtd/nand/libnand.o
                0x00000000fe0336f0                nand_scan_ident
 .text.nand_scan_tail
                0x00000000fe033fec      0x5dc drivers/mtd/nand/libnand.o
                0x00000000fe033fec                nand_scan_tail
 .text.set_addr
                0x00000000fe0345c8       0xcc drivers/mtd/nand/libnand.o
 .text.fsl_elbc_do_read
                0x00000000fe034694       0x6c drivers/mtd/nand/libnand.o
 .text.fsl_elbc_select_chip
                0x00000000fe034700        0x4 drivers/mtd/nand/libnand.o
 .text.fsl_elbc_verify_buf
                0x00000000fe034704      0x14c drivers/mtd/nand/libnand.o
 .text.fsl_elbc_read_byte
                0x00000000fe034850       0x7c drivers/mtd/nand/libnand.o
 .text.fsl_elbc_run_command
                0x00000000fe0348cc      0x150 drivers/mtd/nand/libnand.o
 .text.fsl_elbc_wait
                0x00000000fe034a1c       0xe4 drivers/mtd/nand/libnand.o
 .text.fsl_elbc_cmdfunc
                0x00000000fe034b00      0x3bc drivers/mtd/nand/libnand.o
 .text.fsl_elbc_read_buf
                0x00000000fe034ebc       0xac drivers/mtd/nand/libnand.o
 .text.fsl_elbc_read_page
                0x00000000fe034f68       0x7c drivers/mtd/nand/libnand.o
 .text.fsl_elbc_write_buf
                0x00000000fe034fe4       0xec drivers/mtd/nand/libnand.o
 .text.fsl_elbc_write_page
                0x00000000fe0350d0       0x58 drivers/mtd/nand/libnand.o
 .text.board_nand_init
                0x00000000fe035128      0x2bc drivers/mtd/nand/libnand.o
                0x00000000fe035128                board_nand_init
 .text.wait_for_eepro100
                0x00000000fe0353e4       0x60 drivers/net/libnet.o
 .text.read_eeprom
                0x00000000fe035444      0x188 drivers/net/libnet.o
 .text.init_rx_ring
                0x00000000fe0355cc       0xfc drivers/net/libnet.o
 .text.eepro100_recv
                0x00000000fe0356c8      0x22c drivers/net/libnet.o
 .text.eepro100_halt
                0x00000000fe0358f4       0xc8 drivers/net/libnet.o
 .text.get_phyreg
                0x00000000fe0359bc       0xbc drivers/net/libnet.o
 .text.verify_phyaddr
                0x00000000fe035a78       0xbc drivers/net/libnet.o
 .text.eepro100_miiphy_write
                0x00000000fe035b34      0x120 drivers/net/libnet.o
 .text.eepro100_miiphy_read
                0x00000000fe035c54       0xa0 drivers/net/libnet.o
 .text.eepro100_send
                0x00000000fe035cf4      0x280 drivers/net/libnet.o
 .text.eepro100_init
                0x00000000fe035f74      0x488 drivers/net/libnet.o
 .text.eepro100_initialize
                0x00000000fe0363fc      0x2a4 drivers/net/libnet.o
                0x00000000fe0363fc                eepro100_initialize
 .text.fsl_pq_mdio_reset
                0x00000000fe0366a0       0x3c drivers/net/libnet.o
 .text.tsec_local_mdio_write
                0x00000000fe0366dc       0x4c drivers/net/libnet.o
                0x00000000fe0366dc                tsec_local_mdio_write
 .text.tsec_phy_write
                0x00000000fe036728       0x28 drivers/net/libnet.o
                0x00000000fe036728                tsec_phy_write
 .text.tsec_local_mdio_read
                0x00000000fe036750       0x70 drivers/net/libnet.o
                0x00000000fe036750                tsec_local_mdio_read
 .text.tsec_phy_read
                0x00000000fe0367c0       0x24 drivers/net/libnet.o
                0x00000000fe0367c0                tsec_phy_read
 .text.fsl_pq_mdio_init
                0x00000000fe0367e4       0x90 drivers/net/libnet.o
                0x00000000fe0367e4                fsl_pq_mdio_init
 .text.tsec_send
                0x00000000fe036874      0x120 drivers/net/libnet.o
 .text.tsec_recv
                0x00000000fe036994      0x184 drivers/net/libnet.o
 .text.tsec_halt
                0x00000000fe036b18       0xa8 drivers/net/libnet.o
 .text.tsec_init
                0x00000000fe036bc0      0x414 drivers/net/libnet.o
 .text.tsec_eth_init
                0x00000000fe036fd4      0x37c drivers/net/libnet.o
                0x00000000fe036fd4                tsec_eth_init
 .text.tsec_standard_init
                0x00000000fe037350       0x64 drivers/net/libnet.o
                0x00000000fe037350                tsec_standard_init
 .text.genphy_shutdown
                0x00000000fe0373b4        0x8 drivers/net/phy/libphy.o
                0x00000000fe0373b4                genphy_shutdown
 .text.genphy_config_advert
                0x00000000fe0373bc      0x198 drivers/net/phy/libphy.o
                0x00000000fe0373bc                genphy_config_advert
 .text.genphy_setup_forced
                0x00000000fe037554       0x7c drivers/net/phy/libphy.o
                0x00000000fe037554                genphy_setup_forced
 .text.genphy_restart_aneg
                0x00000000fe0375d0       0x70 drivers/net/phy/libphy.o
                0x00000000fe0375d0                genphy_restart_aneg
 .text.genphy_config_aneg
                0x00000000fe037640       0xb4 drivers/net/phy/libphy.o
                0x00000000fe037640                genphy_config_aneg
 .text.genphy_config
                0x00000000fe0376f4       0xf4 drivers/net/phy/libphy.o
                0x00000000fe0376f4                genphy_config
 .text.genphy_update_link
                0x00000000fe0377e8      0x1b0 drivers/net/phy/libphy.o
                0x00000000fe0377e8                genphy_update_link
 .text.genphy_startup
                0x00000000fe037998      0x1d8 drivers/net/phy/libphy.o
                0x00000000fe037998                genphy_startup
 .text.phy_init
                0x00000000fe037b70       0x44 drivers/net/phy/libphy.o
                0x00000000fe037b70                phy_init
 .text.phy_register
                0x00000000fe037bb4       0x44 drivers/net/phy/libphy.o
                0x00000000fe037bb4                phy_register
 .text.phy_probe
                0x00000000fe037bf8       0x54 drivers/net/phy/libphy.o
                0x00000000fe037bf8                phy_probe
 .text.get_phy_driver
                0x00000000fe037c4c       0x8c drivers/net/phy/libphy.o
                0x00000000fe037c4c                get_phy_driver
 .text.phy_device_create
                0x00000000fe037cd8       0xe8 drivers/net/phy/libphy.o
                0x00000000fe037cd8                phy_device_create
 .text.get_phy_id
                0x00000000fe037dc0       0xbc drivers/net/phy/libphy.o
                0x00000000fe037dc0                get_phy_id
 .text.get_phy_device
                0x00000000fe037e7c      0x130 drivers/net/phy/libphy.o
                0x00000000fe037e7c                get_phy_device
 .text.phy_reset
                0x00000000fe037fac      0x108 drivers/net/phy/libphy.o
                0x00000000fe037fac                phy_reset
 .text.phy_connect
                0x00000000fe0380b4       0xd4 drivers/net/phy/libphy.o
                0x00000000fe0380b4                phy_connect
 .text.phy_startup
                0x00000000fe038188       0x40 drivers/net/phy/libphy.o
                0x00000000fe038188                phy_startup
 .text.__board_phy_config
                0x00000000fe0381c8       0x40 drivers/net/phy/libphy.o
                0x00000000fe0381c8                board_phy_config
 .text.phy_config
                0x00000000fe038208       0x24 drivers/net/phy/libphy.o
                0x00000000fe038208                phy_config
 .text.phy_shutdown
                0x00000000fe03822c       0x40 drivers/net/phy/libphy.o
                0x00000000fe03822c                phy_shutdown
 .text.ar8021_config
                0x00000000fe03826c       0x6c drivers/net/phy/libphy.o
 .text.phy_atheros_init
                0x00000000fe0382d8       0x38 drivers/net/phy/libphy.o
                0x00000000fe0382d8                phy_atheros_init
 .text.bcm54xx_parse_status
                0x00000000fe038310      0x104 drivers/net/phy/libphy.o
 .text.bcm54xx_startup
                0x00000000fe038414       0x38 drivers/net/phy/libphy.o
 .text.bcm5482_config
                0x00000000fe03844c      0x164 drivers/net/phy/libphy.o
 .text.bcm5461_config
                0x00000000fe0385b0       0x38 drivers/net/phy/libphy.o
 .text.bcm5482_startup
                0x00000000fe0385e8      0x19c drivers/net/phy/libphy.o
 .text.phy_broadcom_init
                0x00000000fe038784       0x48 drivers/net/phy/libphy.o
                0x00000000fe038784                phy_broadcom_init
 .text.dm9161_startup
                0x00000000fe0387cc       0x84 drivers/net/phy/libphy.o
 .text.dm9161_config
                0x00000000fe038850       0x94 drivers/net/phy/libphy.o
 .text.phy_davicom_init
                0x00000000fe0388e4       0x38 drivers/net/phy/libphy.o
                0x00000000fe0388e4                phy_davicom_init
 .text.lxt971_startup
                0x00000000fe03891c       0xb4 drivers/net/phy/libphy.o
 .text.phy_lxt_init
                0x00000000fe0389d0       0x38 drivers/net/phy/libphy.o
                0x00000000fe0389d0                phy_lxt_init
 .text.m88e1011s_config
                0x00000000fe038a08      0x11c drivers/net/phy/libphy.o
 .text.m88e1121_config
                0x00000000fe038b24       0xfc drivers/net/phy/libphy.o
 .text.m88e1111s_config
                0x00000000fe038c20      0x3a0 drivers/net/phy/libphy.o
 .text.m88e1118_config
                0x00000000fe038fc0       0xdc drivers/net/phy/libphy.o
 .text.m88e1145_config
                0x00000000fe03909c      0x130 drivers/net/phy/libphy.o
 .text.m88e1149_config
                0x00000000fe0391cc       0xdc drivers/net/phy/libphy.o
 .text.m88e1xxx_parse_status
                0x00000000fe0392a8      0x1b0 drivers/net/phy/libphy.o
 .text.m88e1118_startup
                0x00000000fe039458       0x5c drivers/net/phy/libphy.o
 .text.m88e1145_startup
                0x00000000fe0394b4       0x58 drivers/net/phy/libphy.o
 .text.m88e1011s_startup
                0x00000000fe03950c       0x38 drivers/net/phy/libphy.o
 .text.phy_marvell_init
                0x00000000fe039544       0x60 drivers/net/phy/libphy.o
                0x00000000fe039544                phy_marvell_init
 .text.phy_micrel_init
                0x00000000fe0395a4       0x40 drivers/net/phy/libphy.o
                0x00000000fe0395a4                phy_micrel_init
 .text.dp83865_startup
                0x00000000fe0395e4       0x9c drivers/net/phy/libphy.o
 .text.dp83865_config
                0x00000000fe039680       0x58 drivers/net/phy/libphy.o
 .text.phy_natsemi_init
                0x00000000fe0396d8       0x38 drivers/net/phy/libphy.o
                0x00000000fe0396d8                phy_natsemi_init
 .text.rtl8211b_startup
                0x00000000fe039710      0x1a4 drivers/net/phy/libphy.o
 .text.rtl8211b_config
                0x00000000fe0398b4       0x58 drivers/net/phy/libphy.o
 .text.phy_realtek_init
                0x00000000fe03990c       0x38 drivers/net/phy/libphy.o
                0x00000000fe03990c                phy_realtek_init
 .text.cis8204_config