nand_bbt.c:335:12:scan_read_raw_oob	64	static
nand_bbt.c:368:12:scan_read_raw	24	static
nand_bbt.c:395:12:bbt_get_ver_offs	8	static
nand_bbt.c:212:12:read_bbt	152	static
nand_bbt.c:291:12:read_abs_bbt	48	static
nand_bbt.c:695:12:write_bbt	288	static
nand_bbt.c:1101:13:verify_bbt_descr	16	static
nand_bbt.c:95:12:check_pattern	24	static
nand_bbt.c:504:12:create_bbt	136	static
nand_bbt.c:598:12:search_bbt	88	static
nand_bbt.c:1223:5:nand_update_bbt	48	static
nand_bbt.c:1042:13:mark_bbt_region	56	static
nand_bbt.c:1155:5:nand_scan_bbt	96	static
nand_bbt.c:1374:5:nand_default_bbt	24	static
nand_bbt.c:1425:5:nand_isbad_bbt	8	static
