nand_base.c:153:13:nand_release_device	8	static
nand_base.c:167:9:nand_read_byte	8	static
nand_base.c:180:16:nand_read_byte16	8	static
nand_base.c:193:12:nand_read_word	8	static
nand_base.c:230:6:nand_write_buf	8	static
nand_base.c:247:6:nand_read_buf	8	static
nand_base.c:264:12:nand_verify_buf	8	static
nand_base.c:283:6:nand_write_buf16	8	static
nand_base.c:303:6:nand_read_buf16	8	static
nand_base.c:322:12:nand_verify_buf16	8	static
nand_base.c:454:12:nand_check_wp	24	static
nand_base.c:750:1:nand_get_device	8	static
nand_base.c:815:12:nand_read_page_raw	24	static
nand_base.c:832:12:nand_read_page_raw_syndrome	40	static
nand_base.c:873:12:nand_read_page_swecc	56	static
nand_base.c:915:12:nand_read_subpage	56	static
nand_base.c:1003:12:nand_read_page_hwecc	56	static
nand_base.c:1053:12:nand_read_page_hwecc_oob_first	48	static
nand_base.c:1098:12:nand_read_page_syndrome	40	static
nand_base.c:1378:12:nand_read_oob_std	24	static
nand_base.c:1397:12:nand_read_oob_syndrome	56	static
nand_base.c:1434:12:nand_write_oob_std	32	static
nand_base.c:1458:12:nand_write_oob_syndrome	88	static
nand_base.c:1658:13:nand_write_page_raw	24	static
nand_base.c:1673:13:nand_write_page_raw_syndrome	40	static
nand_base.c:1710:13:nand_write_page_swecc	56	static
nand_base.c:1736:13:nand_write_page_hwecc	48	static
nand_base.c:1767:13:nand_write_page_syndrome	40	static
nand_base.c:2185:13:single_erase_cmd	24	static
nand_base.c:2201:13:multi_erase_cmd	24	static
nand_base.c:2398:13:nand_sync	16	static
nand_base.c:206:13:nand_select_chip	16	static
nand_base.c:477:12:nand_block_checkbad	40	static
nand_base.c:2415:12:nand_block_isbad	8	static
nand_base.c:2429:12:nand_block_markbad	32	static
nand_base.c:1811:12:nand_write_page	32	static
nand_base.c:344:12:nand_block_bad	32	static
nand_base.c:1865:17:nand_fill_oob	40	static
nand_base.c:2063:12:nand_do_write_oob	40	static
nand_base.c:1916:12:nand_do_write_ops	88	static
nand_base.c:2141:12:nand_write_oob	32	static
nand_base.c:2028:12:nand_write	48	static
nand_base.c:1150:17:nand_transfer_oob	40	static
nand_base.c:396:12:nand_default_block_markbad	88	static
nand_base.c:765:12:nand_wait	32	static
nand_base.c:498:6:nand_wait_ready	24	static
nand_base.c:1200:12:nand_do_read_ops	96	static
nand_base.c:1612:12:nand_read_oob	64	static
nand_base.c:1344:12:nand_read	48	static
nand_base.c:524:13:nand_command	32	static
nand_base.c:629:13:nand_command_lp	32	static
nand_base.c:2233:5:nand_erase_nand	80	static
nand_base.c:2219:12:nand_erase	8	static
nand_base.c:2874:5:nand_scan_ident	72	static
nand_base.c:2931:5:nand_scan_tail	24	static
nand_base.c:3191:5:nand_scan	16	static
nand_base.c:3205:6:nand_release	16	static
