vsprintf.c:155:12:skip_atoi	8	static
vsprintf.c:174:14:put_dec_trunc	8	static
vsprintf.c:380:14:string	32	static
vsprintf.c:252:23:put_dec	40	static
vsprintf.c:285:14:number	128	static
vsprintf.c:43:15:simple_strtoul	16	static
vsprintf.c:70:5:strict_strtoul	48	static
vsprintf.c:94:6:simple_strtol	8	static
vsprintf.c:101:5:ustrtoul	16	static
vsprintf.c:124:20:simple_strtoull	32	static
vsprintf.c:764:5:vsprintf	144	static
vsprintf.c:769:5:sprintf	48	static
vsprintf.c:780:6:panic	56	static
vsprintf.c:797:6:__assert_fail	16	static
vsprintf.c:805:7:simple_itoa	16	static
