fdt_rw.c:62:12:_fdt_blocks_misordered	8	static
fdt_rw.c:74:12:_fdt_rw_check_header	24	static
fdt_rw.c:371:13:_fdt_packblocks	32	static
fdt_rw.c:101:12:_fdt_splice	8	static
fdt_rw.c:127:12:_fdt_splice_struct	24	static
fdt_rw.c:114:12:_fdt_splice_mem_rsv	24	static
fdt_rw.c:176:5:fdt_add_mem_rsv	40	static
fdt_rw.c:193:5:fdt_del_mem_rsv	24	static
fdt_rw.c:255:5:fdt_set_name	48	static
fdt_rw.c:278:5:fdt_setprop	72	static
fdt_rw.c:296:5:fdt_delprop	40	static
fdt_rw.c:311:5:fdt_add_subnode_namelen	56	static
fdt_rw.c:352:5:fdt_add_subnode	24	static
fdt_rw.c:357:5:fdt_del_node	24	static
fdt_rw.c:393:5:fdt_open_into	64	static
fdt_rw.c:457:5:fdt_pack	24	static
