cmd_i2c.c:165:13:get_alen	8	static
cmd_i2c.c:1298:12:do_i2c	32	static
cmd_i2c.c:1264:12:do_i2c_reset	8	static
cmd_i2c.c:186:12:do_i2c_read	32	static
cmd_i2c.c:562:12:do_i2c_probe	24	static
cmd_i2c.c:230:12:do_i2c_md	96	static
cmd_i2c.c:444:1:mod_i2c_mem	96	static
cmd_i2c.c:1259:12:do_i2c_nm	8	static
cmd_i2c.c:1254:12:do_i2c_mm	8	static
cmd_i2c.c:324:12:do_i2c_mw	56	static
cmd_i2c.c:606:12:do_i2c_loop	56	static
cmd_i2c.c:384:12:do_i2c_crc	56	static
cmd_i2c.c:136:6:__def_i2c_init_board	8	static
cmd_i2c.c:144:14:__def_i2c_get_bus_speed	8	static
cmd_i2c.c:151:5:__def_i2c_set_bus_speed	8	static
cmd_i2c.c:1237:12:do_i2c_bus_speed	16	static
