console.c:47:12:console_setfile	24	static
console.c:204:5:serial_printf	336	static
console.c:222:5:fgetc	16	static
console.c:253:5:ftstc	16	static
console.c:261:6:fputc	16	static
console.c:267:6:fputs	16	static
console.c:273:5:fprintf	336	static
console.c:294:5:getc	8	static
console.c:313:5:tstc	8	static
console.c:365:6:putc	8	static
console.c:389:6:puts	8	static
console.c:413:5:printf	336	static
console.c:437:5:vprintf	304	static
console.c:460:5:ctrlc	16	static
console.c:479:5:disable_ctrlc	16	static
console.c:487:5:had_ctrlc	16	static
console.c:492:6:clear_ctrlc	16	static
console.c:530:13:dbg	8	static
console.c:537:19:search_device	16	static
console.c:549:5:console_assign	16	static
console.c:578:5:console_init_f	8	static
console.c:592:6:stdio_print_current_devices	16	static
console.c:708:5:console_init_r	24	static
