hush.c:901:13:b_reset	8	static
hush.c:940:12:static_get	8	static
hush.c:947:12:static_peek	8	static
hush.c:1126:12:file_peek	8	static
hush.c:1159:13:setup_string_in_str	16	static
hush.c:2270:12:is_assignment	16	static
hush.c:386:13:syntax_err	16	static
hush.c:3631:5:do_showvar	64	static
hush.c:3305:14:xmalloc	16	static
hush.c:1083:12:file_get	64	static
hush.c:1991:12:free_pipe_list	48	static
hush.c:908:13:b_free	16	static
hush.c:3316:14:xrealloc	16	static
hush.c:2519:12:done_command	24	static
hush.c:891:12:b_addchr	24	static
hush.c:919:12:b_addqchr	24	static
hush.c:2127:7:get_local_var	24	static
hush.c:2149:5:set_local_var	40	static
hush.c:3495:14:insert_var_value_sub	80	static
hush.c:3490:14:insert_var_value	8	static
hush.c:2240:6:unset_local_var	24	static
hush.c:2332:14:new_pipe	8	static
hush.c:2343:13:initialize_context	24	static
hush.c:2567:12:done_pipe	24	static
hush.c:2390:5:reserved_word	32	static
hush.c:2439:12:done_word	32	static
hush.c:3127:6:mapset	16	static
hush.c:3133:6:update_ifs_map	32	static
hush.c:3232:5:parse_string_outer	64	static
hush.c:1752:12:run_list_real	136	static
hush.c:3161:5:parse_stream_outer	128	static
hush.c:3261:5:parse_file_outer	48	static
hush.c:3289:5:u_boot_hush_start	16	static
