usb_storage.c:301:12:usb_stor_irq	8	static
usb_storage.c:938:12:usb_request_sense	24	static
usb_storage.c:417:12:usb_stor_BBB_reset	24	static
usb_storage.c:472:12:usb_stor_CB_reset	40	static
usb_storage.c:189:19:usb_stor_get_dev	16	static
usb_storage.c:195:6:usb_show_progress	8	static
usb_storage.c:1126:15:usb_stor_write	88	static
usb_storage.c:1055:15:usb_stor_read	88	static
usb_storage.c:204:5:usb_stor_info	32	static
usb_storage.c:503:5:usb_stor_BBB_comdat	104	static
usb_storage.c:551:5:usb_stor_CB_comdat	96	static
usb_storage.c:620:5:usb_stor_CBI_get_status	24	static
usb_storage.c:801:5:usb_stor_CB_transport	256	dynamic,bounded
usb_storage.c:668:5:usb_stor_BBB_clear_endpt_stall	16	static
usb_storage.c:679:5:usb_stor_BBB_transport	120	static
usb_storage.c:1202:5:usb_storage_probe	32	static
usb_storage.c:1342:5:usb_stor_get_info	208	static
usb_storage.c:241:5:usb_stor_scan	128	static
