phy.c:404:5:genphy_shutdown	8	static
phy.c:46:5:genphy_config_advert	24	static
phy.c:121:5:genphy_setup_forced	8	static
phy.c:146:5:genphy_restart_aneg	16	static
phy.c:174:5:genphy_config_aneg	24	static
phy.c:347:5:genphy_config	24	static
phy.c:214:5:genphy_update_link	32	static
phy.c:396:5:genphy_startup	24	static
phy.c:421:5:phy_init	8	static
phy.c:460:5:phy_register	16	static
phy.c:468:5:phy_probe	8	static
phy.c:491:20:get_phy_driver	16	static
phy.c:508:20:phy_device_create	32	static
phy.c:552:5:get_phy_id	32	static
phy.c:584:20:get_phy_device	48	static
phy.c:621:5:phy_reset	24	static
phy.c:676:5:miiphy_reset	16	static
phy.c:691:20:phy_connect	32	static
phy.c:729:5:phy_startup	8	static
phy.c:737:12:__board_phy_config	8	static
phy.c:747:5:phy_config	8	static
phy.c:755:5:phy_shutdown	8	static
