cfi_flash.c:118:13:__flash_write8	8	static
cfi_flash.c:123:13:__flash_write16	8	static
cfi_flash.c:128:13:__flash_write32	8	static
cfi_flash.c:133:13:__flash_write64	8	static
cfi_flash.c:139:11:__flash_read8	8	static
cfi_flash.c:144:12:__flash_read16	8	static
cfi_flash.c:149:12:__flash_read32	8	static
cfi_flash.c:154:12:__flash_read64	8	static
cfi_flash.c:226:13:flash_make_cmd	16	static
cfi_flash.c:417:12:flash_isequal	40	static
cfi_flash.c:465:12:flash_isset	40	static
cfi_flash.c:644:12:use_flash_status_poll	8	static
cfi_flash.c:654:12:flash_status_poll	8	static
cfi_flash.c:707:13:flash_add_byte	8	static
cfi_flash.c:753:21:find_sector	16	static
cfi_flash.c:1629:13:cfi_reverse_geometry	8	static
cfi_flash.c:100:20:__cfi_flash_bank_addr	8	static
cfi_flash.c:107:22:__cfi_flash_bank_size	8	static
cfi_flash.c:183:15:flash_get_info	16	static
cfi_flash.c:199:15:flash_sector_size	8	static
cfi_flash.c:360:6:flash_write_cmd	40	static
cfi_flash.c:409:13:flash_unlock_seq	24	static
cfi_flash.c:564:12:flash_status_check	64	static
cfi_flash.c:602:12:flash_full_status_check	32	static
cfi_flash.c:779:12:flash_write_cfiword	40	static
cfi_flash.c:1049:5:flash_erase	56	static
cfi_flash.c:1197:6:flash_print_info	48	static
cfi_flash.c:1310:5:write_buff	72	static
cfi_flash.c:1465:5:flash_real_protect	32	static
cfi_flash.c:1591:6:flash_read_user_serial	32	static
cfi_flash.c:1609:6:flash_read_factory_serial	32	static
cfi_flash.c:1857:6:__flash_cmd_reset	16	static
cfi_flash.c:2006:7:flash_get_size	128	static
cfi_flash.c:2228:6:flash_protect_default	16	static
cfi_flash.c:2275:15:flash_init	88	static
