fsl_sata.c:743:12:fsl_sata_get_wcache	16	static
fsl_sata.c:98:12:ata_wait_register	40	static
fsl_sata.c:356:12:fsl_ata_exec_ata_cmd	56	static
fsl_sata.c:513:12:fsl_sata_exec_cmd	16	static
fsl_sata.c:599:12:fsl_sata_rw_cmd	64	static
fsl_sata.c:638:12:fsl_sata_rw_cmd_ext	64	static
fsl_sata.c:60:6:dprint_buffer	40	static
fsl_sata.c:110:5:init_sata	40	static
fsl_sata.c:292:6:fsl_sata_hardware_reset	24	static
fsl_sata.c:624:6:fsl_sata_flush_cache	48	static
fsl_sata.c:668:5:fsl_sata_rw_ncq_cmd	64	static
fsl_sata.c:711:6:fsl_sata_flush_cache_ext	48	static
fsl_sata.c:726:6:fsl_sata_software_reset	8	static
fsl_sata.c:761:5:ata_low_level_rw_lba48	48	static
fsl_sata.c:795:5:ata_low_level_rw_lba28	40	static
fsl_sata.c:826:7:sata_read	16	static
fsl_sata.c:838:7:sata_write	24	static
fsl_sata.c:855:5:scan_sata	152	static
